Archive member included to satisfy reference by file (symbol)

C:/devkitPro/libnds/lib\libgl2d.a(gl2d.o)
                              main.o (glScreen2D)
C:/devkitPro/libnds/lib\libnds9.a(console.o)
                              main.o (consoleDemoInit)
C:/devkitPro/libnds/lib\libnds9.a(trig.o)
                              C:/devkitPro/libnds/lib\libgl2d.a(gl2d.o) (sinLerp)
C:/devkitPro/libnds/lib\libnds9.a(videoGL.o)
                              C:/devkitPro/libnds/lib\libgl2d.a(gl2d.o) (glGlobalData)
C:/devkitPro/libnds/lib\libnds9.a(keys.o)
                              main.o (scanKeys)
C:/devkitPro/libnds/lib\libnds9.a(initSystem.o)
                              c:/devkitpro/devkitarm/bin/../lib/gcc/arm-none-eabi/9.1.0/../../../../arm-none-eabi/lib/thumb/ds_arm9_crt0.o (initSystem)
C:/devkitPro/libnds/lib\libnds9.a(timeSupport.o)
                              C:/devkitPro/libnds/lib\libnds9.a(initSystem.o) (__libnds_gtod)
C:/devkitPro/libnds/lib\libnds9.a(securearea.o)
                              c:/devkitpro/devkitarm/bin/../lib/gcc/arm-none-eabi/9.1.0/../../../../arm-none-eabi/lib/thumb/ds_arm9_crt0.o (__secure_area__)
C:/devkitPro/libnds/lib\libnds9.a(interrupts.o)
                              main.o (irqSet)
C:/devkitPro/libnds/lib\libnds9.a(libnds_exit.arm.o)
                              c:/devkitpro/devkitarm/bin/../lib/gcc/arm-none-eabi/9.1.0/../../../../arm-none-eabi/lib/thumb/ds_arm9_crt0.o (__libnds_exit)
C:/devkitPro/libnds/lib\libnds9.a(fifosystem.o)
                              C:/devkitPro/libnds/lib\libnds9.a(initSystem.o) (fifoSetValue32Handler)
C:/devkitPro/libnds/lib\libnds9.a(mpu_setup.o)
                              c:/devkitpro/devkitarm/bin/../lib/gcc/arm-none-eabi/9.1.0/../../../../arm-none-eabi/lib/thumb/ds_arm9_crt0.o (__libnds_mpu_setup)
C:/devkitPro/libnds/lib\libnds9.a(IntrWait.o)
                              main.o (swiWaitForVBlank)
C:/devkitPro/libnds/lib\libnds9.a(cpu_clock.o)
                              C:/devkitPro/libnds/lib\libnds9.a(initSystem.o) (setCpuClock)
C:/devkitPro/libnds/lib\libnds9.a(interruptDispatcher.o)
                              C:/devkitPro/libnds/lib\libnds9.a(interrupts.o) (IntrMain)
C:/devkitPro/libnds/lib\libnds9.a(debugprint.o)
                              C:/devkitPro/libnds/lib\libnds9.a(console.o) (nocashWrite)
C:/devkitPro/libnds/lib\libnds9.a(swiSoftReset.o)
                              C:/devkitPro/libnds/lib\libnds9.a(fifosystem.o) (swiSoftReset)
C:/devkitPro/libnds/lib\libnds9.a(biosCalls.o)
                              C:/devkitPro/libnds/lib\libnds9.a(videoGL.o) (swiCopy)
C:/devkitPro/libnds/lib\libnds9.a(default_font.bin.o)
                              C:/devkitPro/libnds/lib\libnds9.a(console.o) (default_font_bin)
C:/devkitPro/libnds/lib\libnds9.a(background.o)
                              C:/devkitPro/libnds/lib\libnds9.a(console.o) (bgState)
C:/devkitPro/libnds/lib\libnds9.a(dynamicArray.o)
                              C:/devkitPro/libnds/lib\libnds9.a(videoGL.o) (DynamicArrayInit)
C:/devkitPro/libnds/lib\libnds9.a(video.o)
                              C:/devkitPro/libnds/lib\libnds9.a(videoGL.o) (vramSetBanks_EFG)
C:/devkitPro/libnds/lib\libnds9.a(system.o)
                              C:/devkitPro/libnds/lib\libnds9.a(initSystem.o) (systemValueHandler)
c:/devkitpro/devkitarm/bin/../lib/gcc/arm-none-eabi/9.1.0/thumb\libgcc.a(_arm_mulsf3.o)
                              main.o (__aeabi_fmul)
c:/devkitpro/devkitarm/bin/../lib/gcc/arm-none-eabi/9.1.0/thumb\libgcc.a(_divsi3.o)
                              C:/devkitPro/libnds/lib\libgl2d.a(gl2d.o) (__aeabi_idiv)
c:/devkitpro/devkitarm/bin/../lib/gcc/arm-none-eabi/9.1.0/thumb\libgcc.a(_dvmd_tls.o)
                              c:/devkitpro/devkitarm/bin/../lib/gcc/arm-none-eabi/9.1.0/thumb\libgcc.a(_divsi3.o) (__aeabi_idiv0)
c:/devkitpro/devkitarm/bin/../lib/gcc/arm-none-eabi/9.1.0/thumb\libgcc.a(_arm_addsubdf3.o)
                              player.o (__aeabi_dsub)
c:/devkitpro/devkitarm/bin/../lib/gcc/arm-none-eabi/9.1.0/thumb\libgcc.a(_arm_cmpdf2.o)
                              player.o (__aeabi_dcmplt)
c:/devkitpro/devkitarm/bin/../lib/gcc/arm-none-eabi/9.1.0/thumb\libgcc.a(_arm_truncdfsf2.o)
                              player.o (__aeabi_d2f)
c:/devkitpro/devkitarm/bin/../lib/gcc/arm-none-eabi/9.1.0/thumb\libgcc.a(_arm_addsubsf3.o)
                              main.o (__aeabi_fsub)
c:/devkitpro/devkitarm/bin/../lib/gcc/arm-none-eabi/9.1.0/thumb\libgcc.a(_arm_cmpsf2.o)
                              player.o (__aeabi_fcmplt)
c:/devkitpro/devkitarm/bin/../lib/gcc/arm-none-eabi/9.1.0/thumb\libgcc.a(_arm_fixsfsi.o)
                              main.o (__aeabi_f2iz)
c:/devkitpro/devkitarm/bin/../lib/gcc/arm-none-eabi/9.1.0/thumb\libgcc.a(_muldi3.o)
                              C:/devkitPro/libnds/lib\libgl2d.a(gl2d.o) (__aeabi_lmul)
c:/devkitpro/devkitarm/bin/../lib/gcc/arm-none-eabi/9.1.0/../../../../arm-none-eabi/lib/thumb\libg.a(lib_a-bsearch.o)
[...]
Memory Configuration

Name             Origin             Length             Attributes
ewram            0x0000000002000000 0x0000000000380000
dtcm             0x000000000b000000 0x0000000000004000
vectors          0x0000000001000000 0x0000000000000100
itcm             0x0000000001000100 0x0000000000007f00
*default*        0x0000000000000000 0xffffffffffffffff

Linker script and memory map

                0x0000000002380000                __ewram_end = (ORIGIN (ewram) + LENGTH (ewram))
                0x0000000002380000                __eheap_end = (ORIGIN (ewram) + LENGTH (ewram))
                0x000000000b004000                __dtcm_top = (ORIGIN (dtcm) + LENGTH (dtcm))
                0x000000000b003ff8                __irq_flags = (__dtcm_top - 0x8)
                0x000000000b003ffc                __irq_vector = (__dtcm_top - 0x4)
                0x000000000b003f00                __sp_svc = (__dtcm_top - 0x100)
                0x000000000b003e00                __sp_irq = (__sp_svc - 0x100)
                0x000000000b003d00                __sp_usr = (__sp_irq - 0x100)

.secure         0x0000000002000000      0x800
 *(.secure)
 .secure        0x0000000002000000      0x800 C:/devkitPro/libnds/lib\libnds9.a(securearea.o)
                0x0000000002000000                __secure_area__

.crt0           0x0000000002000800      0x300
                0x0000000002000800                __text_start = .
 *(.crt0)
 .crt0          0x0000000002000800      0x300 c:/devkitpro/devkitarm/bin/../lib/gcc/arm-none-eabi/9.1.0/../../../../arm-none-eabi/lib/thumb/ds_arm9_crt0.o
                0x0000000002000800                _start
                0x0000000002000b00                . = ALIGN (0x4)

.plt
 *(.plt)

.init           0x0000000002000b00        0xc
 *(SORT_NONE(.init))
 .init          0x0000000002000b00        0x4 c:/devkitpro/devkitarm/bin/../lib/gcc/arm-none-eabi/9.1.0/thumb/crti.o
                0x0000000002000b00                _init
 .init          0x0000000002000b04        0x8 c:/devkitpro/devkitarm/bin/../lib/gcc/arm-none-eabi/9.1.0/thumb/crtn.o

.text           0x0000000002000b10     0xca80
 *(EXCLUDE_FILE(*.twl* *.vectors* *.itcm*) .text)
 .text          0x0000000002000b10       0x10 main.o
                0x0000000002000b10                Vblank
 .text          0x0000000002000b20      0x294 player.o
                0x0000000002000b20                playerMoveRight
                0x0000000002000b74                playerMoveLeft
                0x0000000002000bc8                playerMoveStop
                0x0000000002000c2c                playerMoveUpdate
                0x0000000002000d00                playerJump
 *fill*         0x0000000002000db4        0x4 ff
 .text          0x0000000002000db8     0x1768 C:/devkitPro/libnds/lib\libgl2d.a(gl2d.o)
                0x0000000002000db8                SetOrtho
                0x0000000002000f5c                glScreen2D
                0x00000000020014d0                glBegin2D
                0x0000000002001550                glEnd2D
                0x000000000200156c                glPutPixel
                0x00000000020015c8                glLine
                0x0000000002001638                glBox
                0x00000000020016e8                glBoxFilled
                0x0000000002001770                glBoxFilledGradient
                0x0000000002001810                glTriangle
                0x0000000002001890                glTriangleFilled
                0x0000000002001908                glTriangleFilledGradient
                0x0000000002001990                glSprite
                0x0000000002001a84                glSpriteScale
                0x0000000002001b98                glSpriteScaleXY
                0x0000000002001ca4                glSpriteRotate
                0x0000000002001e1c                glSpriteRotateScale
                0x0000000002001fa4                glSpriteRotateScaleXY
                0x0000000002002130                glSpriteStretchHorizontal
                0x000000000200229c                glSpriteOnQuad
                0x00000000020023c4                glLoadSpriteSet
                0x0000000002002454                glLoadTileSet
 .text          0x0000000002002520      0x198 c:/devkitpro/devkitarm/bin/../lib/gcc/arm-none-eabi/9.1.0/thumb\libgcc.a(_arm_mulsf3.o)
                0x0000000002002520                __aeabi_fmul
                0x0000000002002520                __mulsf3
 .text          0x00000000020026b8      0x150 c:/devkitpro/devkitarm/bin/../lib/gcc/arm-none-eabi/9.1.0/thumb\libgcc.a(_divsi3.o)
                0x00000000020026b8                __divsi3
                0x00000000020026b8                __aeabi_idiv
                0x00000000020027e8                __aeabi_idivmod
 .text          0x0000000002002808        0x4 c:/devkitpro/devkitarm/bin/../lib/gcc/arm-none-eabi/9.1.0/thumb\libgcc.a(_dvmd_tls.o)
                0x0000000002002808                __aeabi_idiv0
                0x0000000002002808                __aeabi_ldiv0
 .text          0x000000000200280c      0x424 c:/devkitpro/devkitarm/bin/../lib/gcc/arm-none-eabi/9.1.0/thumb\libgcc.a(_arm_addsubdf3.o)
                0x000000000200280c                __aeabi_drsub
                0x0000000002002814                __aeabi_dsub
                0x0000000002002814                __subdf3
                0x0000000002002818                __aeabi_dadd
                0x0000000002002818                __adddf3
                0x0000000002002b28                __floatunsidf
                0x0000000002002b28                __aeabi_ui2d
                0x0000000002002b4c                __floatsidf
                0x0000000002002b4c                __aeabi_i2d
                0x0000000002002b74                __aeabi_f2d
                0x0000000002002b74                __extendsfdf2
                0x0000000002002bbc                __floatundidf
                0x0000000002002bbc                __aeabi_ul2d
                0x0000000002002bd0                __floatdidf
                0x0000000002002bd0                __aeabi_l2d
 .text          0x0000000002002c30      0x144 c:/devkitpro/devkitarm/bin/../lib/gcc/arm-none-eabi/9.1.0/thumb\libgcc.a(_arm_cmpdf2.o)
                0x0000000002002c30                __gtdf2
                0x0000000002002c30                __gedf2
                0x0000000002002c38                __ltdf2
                0x0000000002002c38                __ledf2
                0x0000000002002c40                __nedf2
                0x0000000002002c40                __eqdf2
                0x0000000002002c40                __cmpdf2
                0x0000000002002cc8                __aeabi_cdrcmple
                0x0000000002002ce4                __aeabi_cdcmpeq
                0x0000000002002ce4                __aeabi_cdcmple
                0x0000000002002cfc                __aeabi_dcmpeq
                0x0000000002002d14                __aeabi_dcmplt
                0x0000000002002d2c                __aeabi_dcmple
                0x0000000002002d44                __aeabi_dcmpge
                0x0000000002002d5c                __aeabi_dcmpgt
 .text          0x0000000002002d74       0xa0 c:/devkitpro/devkitarm/bin/../lib/gcc/arm-none-eabi/9.1.0/thumb\libgcc.a(_arm_truncdfsf2.o)
                0x0000000002002d74                __truncdfsf2
                0x0000000002002d74                __aeabi_d2f
 .text          0x0000000002002e14      0x2ac c:/devkitpro/devkitarm/bin/../lib/gcc/arm-none-eabi/9.1.0/thumb\libgcc.a(_arm_addsubsf3.o)
                0x0000000002002e14                __aeabi_frsub
                0x0000000002002e1c                __subsf3
                0x0000000002002e1c                __aeabi_fsub
                0x0000000002002e20                __aeabi_fadd
                0x0000000002002e20                __addsf3
                0x0000000002002fdc                __aeabi_ui2f
                0x0000000002002fdc                __floatunsisf
                0x0000000002002fe4                __aeabi_i2f
                0x0000000002002fe4                __floatsisf
                0x0000000002003004                __aeabi_ul2f
                0x0000000002003004                __floatundisf
                0x0000000002003014                __aeabi_l2f
                0x0000000002003014                __floatdisf
 .text          0x00000000020030c0      0x114 c:/devkitpro/devkitarm/bin/../lib/gcc/arm-none-eabi/9.1.0/thumb\libgcc.a(_arm_cmpsf2.o)
                0x00000000020030c0                __gesf2
                0x00000000020030c0                __gtsf2
                0x00000000020030c8                __lesf2
                0x00000000020030c8                __ltsf2
                0x00000000020030d0                __nesf2
                0x00000000020030d0                __eqsf2
                0x00000000020030d0                __cmpsf2
                0x0000000002003134                __aeabi_cfrcmple
                0x0000000002003144                __aeabi_cfcmpeq
                0x0000000002003144                __aeabi_cfcmple
                0x000000000200315c                __aeabi_fcmpeq
                0x0000000002003174                __aeabi_fcmplt
                0x000000000200318c                __aeabi_fcmple
                0x00000000020031a4                __aeabi_fcmpge
                0x00000000020031bc                __aeabi_fcmpgt
 .text          0x00000000020031d4       0x5c c:/devkitpro/devkitarm/bin/../lib/gcc/arm-none-eabi/9.1.0/thumb\libgcc.a(_arm_fixsfsi.o)
                0x00000000020031d4                __aeabi_f2iz
                0x00000000020031d4                __fixsfsi
 .text          0x0000000002003230      0x224 c:/devkitpro/devkitarm/bin/../lib/gcc/arm-none-eabi/9.1.0/../../../../arm-none-eabi/lib/thumb\libg.a(lib_a-strcmp.o)
                0x0000000002003230                strcmp
 .text          0x0000000002003454       0x14 c:/devkitpro/devkitarm/bin/../lib/gcc/arm-none-eabi/9.1.0/thumb\libgcc.a(_thumb1_case_uqi.o)
                0x0000000002003454                __gnu_thumb1_case_uqi
 .text          0x0000000002003468       0x14 c:/devkitpro/devkitarm/bin/../lib/gcc/arm-none-eabi/9.1.0/thumb\libgcc.a(_thumb1_case_uhi.o)
                0x0000000002003468                __gnu_thumb1_case_uhi
 .text          0x000000000200347c      0x11c c:/devkitpro/devkitarm/bin/../lib/gcc/arm-none-eabi/9.1.0/thumb\libgcc.a(_udivsi3.o)
                0x000000000200347c                __aeabi_uidiv
                0x000000000200347c                __udivsi3
                0x0000000002003578                __aeabi_uidivmod
 .text          0x0000000002003598       0x3c c:/devkitpro/devkitarm/bin/../lib/gcc/arm-none-eabi/9.1.0/thumb\libgcc.a(_aeabi_uldivmod.o)
                0x0000000002003598                __aeabi_uldivmod
 .text          0x00000000020035d4       0x28 c:/devkitpro/devkitarm/bin/../lib/gcc/arm-none-eabi/9.1.0/thumb\libgcc.a(_clzdi2.o)
                0x00000000020035d4                __clzdi2
 .text          0x00000000020035fc       0x48 c:/devkitpro/devkitarm/bin/../lib/gcc/arm-none-eabi/9.1.0/thumb\libgcc.a(_clzsi2.o)
                0x00000000020035fc                __clzsi2
 *(EXCLUDE_FILE(*.twl* *.vectors* *.itcm*) .stub)
 *(EXCLUDE_FILE(*.twl* *.vectors* *.itcm*) .text.*)
 .text.deregister_tm_clones
                0x0000000002003644       0x2c c:/devkitpro/devkitarm/bin/../lib/gcc/arm-none-eabi/9.1.0/thumb/crtbegin.o
 .text.register_tm_clones
                0x0000000002003670       0x34 c:/devkitpro/devkitarm/bin/../lib/gcc/arm-none-eabi/9.1.0/thumb/crtbegin.o
 .text.__do_global_dtors_aux
                0x00000000020036a4       0x30 c:/devkitpro/devkitarm/bin/../lib/gcc/arm-none-eabi/9.1.0/thumb/crtbegin.o
 .text.frame_dummy
                0x00000000020036d4       0x28 c:/devkitpro/devkitarm/bin/../lib/gcc/arm-none-eabi/9.1.0/thumb/crtbegin.o
 .text.startup  0x00000000020036fc      0x148 main.o
                0x00000000020036fc                main
 .text.newRow   0x0000000002003844       0xb4 C:/devkitPro/libnds/lib\libnds9.a(console.o)
 .text.consolePrintChar
                0x00000000020038f8       0xec C:/devkitPro/libnds/lib\libnds9.a(console.o)
                0x00000000020038f8                consolePrintChar
 .text.consoleCls
                0x00000000020039e4       0xe0 C:/devkitPro/libnds/lib\libnds9.a(console.o)
 .text.consoleLoadFont
                0x0000000002003ac4      0x280 C:/devkitPro/libnds/lib\libnds9.a(console.o)
                0x0000000002003ac4                consoleLoadFont
 .text.consoleInit
                0x0000000002003d44      0x15c C:/devkitPro/libnds/lib\libnds9.a(console.o)
                0x0000000002003d44                consoleInit
 .text.consoleDemoInit
                0x0000000002003ea0       0x40 C:/devkitPro/libnds/lib\libnds9.a(console.o)
                0x0000000002003ea0                consoleDemoInit
 .text.con_write
                0x0000000002003ee0      0x27c C:/devkitPro/libnds/lib\libnds9.a(console.o)
                0x0000000002003ee0                con_write
 .text.sinLutLookup
                0x000000000200415c       0x3c C:/devkitPro/libnds/lib\libnds9.a(trig.o)
                0x000000000200415c                sinLutLookup
 .text.sinLerp  0x0000000002004198       0x44 C:/devkitPro/libnds/lib\libnds9.a(trig.o)
                0x0000000002004198                sinLerp
 .text.cosLerp  0x00000000020041dc       0x14 C:/devkitPro/libnds/lib\libnds9.a(trig.o)
                0x00000000020041dc                cosLerp
 .text.tanLerp  0x00000000020041f0       0xa8 C:/devkitPro/libnds/lib\libnds9.a(trig.o)
                0x00000000020041f0                tanLerp
 .text.vramBlock__deallocateBlock.part.0
                0x0000000002004298      0x174 C:/devkitPro/libnds/lib\libnds9.a(videoGL.o)
 .text.glMaterialf
                0x000000000200440c       0x7c C:/devkitPro/libnds/lib\libnds9.a(videoGL.o)
                0x000000000200440c                glMaterialf
 .text.vramBlock_init
                0x0000000002004488       0x64 C:/devkitPro/libnds/lib\libnds9.a(videoGL.o)
                0x0000000002004488                vramBlock_init
 .text.vramBlock_Construct
                0x00000000020044ec       0x28 C:/devkitPro/libnds/lib\libnds9.a(videoGL.o)
                0x00000000020044ec                vramBlock_Construct
 .text.vramBlock__allocateBlock
                0x0000000002004514      0x17c C:/devkitPro/libnds/lib\libnds9.a(videoGL.o)
                0x0000000002004514                vramBlock__allocateBlock
 .text.vramBlock_examineSpecial
                0x0000000002004690      0x244 C:/devkitPro/libnds/lib\libnds9.a(videoGL.o)
                0x0000000002004690                vramBlock_examineSpecial
 .text.vramBlock_allocateSpecial
                0x00000000020048d4       0x6c C:/devkitPro/libnds/lib\libnds9.a(videoGL.o)
                0x00000000020048d4                vramBlock_allocateSpecial
 .text.vramBlock_allocateBlock
                0x0000000002004940       0x34 C:/devkitPro/libnds/lib\libnds9.a(videoGL.o)
                0x0000000002004940                vramBlock_allocateBlock
 .text.vramBlock_deallocateBlock
                0x0000000002004974       0x48 C:/devkitPro/libnds/lib\libnds9.a(videoGL.o)
                0x0000000002004974                vramBlock_deallocateBlock
 .text.removePaletteFromTexture.part.1
                0x00000000020049bc       0x6c C:/devkitPro/libnds/lib\libnds9.a(videoGL.o)
 .text.glInit_C
                0x0000000002004a28      0x1b4 C:/devkitPro/libnds/lib\libnds9.a(videoGL.o)
                0x0000000002004a28                glInit_C
 .text.glGenTextures
                0x0000000002004bdc       0x8c C:/devkitPro/libnds/lib\libnds9.a(videoGL.o)
                0x0000000002004bdc                glGenTextures
 .text.vramGetBank
                0x0000000002004c68       0xc4 C:/devkitPro/libnds/lib\libnds9.a(videoGL.o)
                0x0000000002004c68                vramGetBank
 .text.glBindTexture
                0x0000000002004d2c       0x60 C:/devkitPro/libnds/lib\libnds9.a(videoGL.o)
                0x0000000002004d2c                glBindTexture
 .text.glColorTableEXT
                0x0000000002004d8c      0x1e4 C:/devkitPro/libnds/lib\libnds9.a(videoGL.o)
                0x0000000002004d8c                glColorTableEXT
 .text.glTexParameter
                0x0000000002004f70       0x38 C:/devkitPro/libnds/lib\libnds9.a(videoGL.o)
                0x0000000002004f70                glTexParameter
 .text.glTexImage2D
                0x0000000002004fa8      0x3a8 C:/devkitPro/libnds/lib\libnds9.a(videoGL.o)
                0x0000000002004fa8                glTexImage2D
 .text.scanKeys
                0x0000000002005350       0x8c C:/devkitPro/libnds/lib\libnds9.a(keys.o)
                0x0000000002005350                scanKeys
 .text.keysHeld
                0x00000000020053dc        0xc C:/devkitPro/libnds/lib\libnds9.a(keys.o)
                0x00000000020053dc                keysHeld
 .text.keysDown
                0x00000000020053e8       0x14 C:/devkitPro/libnds/lib\libnds9.a(keys.o)
                0x00000000020053e8                keysDown
 .text.keysUp   0x00000000020053fc       0x18 C:/devkitPro/libnds/lib\libnds9.a(keys.o)
                0x00000000020053fc                keysUp
 .text.initSystem
                0x0000000002005414      0x198 C:/devkitPro/libnds/lib\libnds9.a(initSystem.o)
                0x0000000002005414                initSystem
 .text.__libnds_gtod
                0x00000000020055ac       0x28 C:/devkitPro/libnds/lib\libnds9.a(timeSupport.o)
                0x00000000020055ac                __libnds_gtod
 .text.irqDummy
                0x00000000020055d4        0x4 C:/devkitPro/libnds/lib\libnds9.a(interrupts.o)
                0x00000000020055d4                irqDummy
 .text.irqSet   0x00000000020055d8       0x6c C:/devkitPro/libnds/lib\libnds9.a(interrupts.o)
                0x00000000020055d8                irqSet
 .text.irqInit  0x0000000002005644       0x50 C:/devkitPro/libnds/lib\libnds9.a(interrupts.o)
                0x0000000002005644                irqInit
 .text.irqEnable
                0x0000000002005694       0x64 C:/devkitPro/libnds/lib\libnds9.a(interrupts.o)
                0x0000000002005694                irqEnable
 .text.systemErrorExit
                0x00000000020056f8        0x4 C:/devkitPro/libnds/lib\libnds9.a(libnds_exit.arm.o)
                0x00000000020056f8                systemErrorExit
 *fill*         0x00000000020056fc        0x4 ff
 .text.__libnds_exit
                0x0000000002005700       0x5c C:/devkitPro/libnds/lib\libnds9.a(libnds_exit.arm.o)
                0x0000000002005700                __libnds_exit
 .text.fifo_waitBlock
                0x000000000200575c       0x80 C:/devkitPro/libnds/lib\libnds9.a(fifosystem.o)
 .text.fifo_queueBlock
                0x00000000020057dc       0x40 C:/devkitPro/libnds/lib\libnds9.a(fifosystem.o)
 .text.fifoInternalSendInterrupt
                0x000000000200581c       0xac C:/devkitPro/libnds/lib\libnds9.a(fifosystem.o)
 .text.fifoInternalSend.part.2
                0x00000000020058c8       0xd4 C:/devkitPro/libnds/lib\libnds9.a(fifosystem.o)
 .text.fifoGetValue32.part.3
                0x000000000200599c       0x74 C:/devkitPro/libnds/lib\libnds9.a(fifosystem.o)
 .text.fifoSetValue32Handler
                0x0000000002005a10       0x78 C:/devkitPro/libnds/lib\libnds9.a(fifosystem.o)
                0x0000000002005a10                fifoSetValue32Handler
 .text.fifoSendValue32
                0x0000000002005a88       0x4c C:/devkitPro/libnds/lib\libnds9.a(fifosystem.o)
                0x0000000002005a88                fifoSendValue32
 .text.fifoGetDatamsg
                0x0000000002005ad4      0x138 C:/devkitPro/libnds/lib\libnds9.a(fifosystem.o)
                0x0000000002005ad4                fifoGetDatamsg
 .text.fifoInternalRecvInterrupt
                0x0000000002005c0c      0x3dc C:/devkitPro/libnds/lib\libnds9.a(fifosystem.o)
 .text.fifoSetDatamsgHandler
                0x0000000002005fe8       0x9c C:/devkitPro/libnds/lib\libnds9.a(fifosystem.o)
                0x0000000002005fe8                fifoSetDatamsgHandler
 .text.fifoInit
                0x0000000002006084      0x104 C:/devkitPro/libnds/lib\libnds9.a(fifosystem.o)
                0x0000000002006084                fifoInit
 .text.__libnds_mpu_setup
                0x0000000002006188      0x174 C:/devkitPro/libnds/lib\libnds9.a(mpu_setup.o)
                0x0000000002006188                __libnds_mpu_setup
 .text.memUncached
                0x00000000020062fc       0x20 C:/devkitPro/libnds/lib\libnds9.a(mpu_setup.o)
                0x00000000020062fc                memUncached
 .text.swiWaitForVBlank
                0x000000000200631c        0x8 C:/devkitPro/libnds/lib\libnds9.a(IntrWait.o)
                0x000000000200631c                swiWaitForVBlank
 .text.swiIntrWait
                0x0000000002006324       0x70 C:/devkitPro/libnds/lib\libnds9.a(IntrWait.o)
                0x0000000002006324                swiIntrWait
 .text.setCpuClock
                0x0000000002006394       0x50 C:/devkitPro/libnds/lib\libnds9.a(cpu_clock.o)
                0x0000000002006394                setCpuClock
 .text.swiSoftReset
                0x00000000020063e4       0x2c C:/devkitPro/libnds/lib\libnds9.a(swiSoftReset.o)
                0x00000000020063e4                swiSoftReset
 .text.swiDelay
                0x0000000002006410        0x4 C:/devkitPro/libnds/lib\libnds9.a(biosCalls.o)
                0x0000000002006410                swiDelay
 .text.swiCopy  0x0000000002006414        0x4 C:/devkitPro/libnds/lib\libnds9.a(biosCalls.o)
                0x0000000002006414                swiCopy
 .text.checkIfText.part.0
                0x0000000002006418       0x40 C:/devkitPro/libnds/lib\libnds9.a(background.o)
 .text.bgUpdate
                0x0000000002006458      0x104 C:/devkitPro/libnds/lib\libnds9.a(background.o)
                0x0000000002006458                bgUpdate
 .text.bgInit_call
                0x000000000200655c      0x110 C:/devkitPro/libnds/lib\libnds9.a(background.o)
                0x000000000200655c                bgInit_call
 .text.bgInitSub_call
                0x000000000200666c       0xf4 C:/devkitPro/libnds/lib\libnds9.a(background.o)
                0x000000000200666c                bgInitSub_call
 .text.DynamicArrayInit
                0x0000000002006760       0x18 C:/devkitPro/libnds/lib\libnds9.a(dynamicArray.o)
                0x0000000002006760                DynamicArrayInit
 .text.DynamicArrayGet
                0x0000000002006778       0x18 C:/devkitPro/libnds/lib\libnds9.a(dynamicArray.o)
                0x0000000002006778                DynamicArrayGet
 .text.DynamicArraySet
                0x0000000002006790       0x48 C:/devkitPro/libnds/lib\libnds9.a(dynamicArray.o)
                0x0000000002006790                DynamicArraySet
 .text.vramRestorePrimaryBanks
                0x00000000020067d8        0xc C:/devkitPro/libnds/lib\libnds9.a(video.o)
                0x00000000020067d8                vramRestorePrimaryBanks
 .text.vramRestoreBanks_EFG
                0x00000000020067e4        0xc C:/devkitPro/libnds/lib\libnds9.a(video.o)
                0x00000000020067e4                vramRestoreBanks_EFG
 .text.vramDefault
                0x00000000020067f0       0xd0 C:/devkitPro/libnds/lib\libnds9.a(video.o)
                0x00000000020067f0                vramDefault
 .text.systemValueHandler
                0x00000000020068c0       0x48 C:/devkitPro/libnds/lib\libnds9.a(system.o)
                0x00000000020068c0                systemValueHandler
 .text.systemMsgHandler
                0x0000000002006908       0x5c C:/devkitPro/libnds/lib\libnds9.a(system.o)
                0x0000000002006908                systemMsgHandler
 .text.powerOn  0x0000000002006964       0x2c C:/devkitPro/libnds/lib\libnds9.a(system.o)
                0x0000000002006964                powerOn
 .text.__muldi3
                0x0000000002006990       0x54 c:/devkitpro/devkitarm/bin/../lib/gcc/arm-none-eabi/9.1.0/thumb\libgcc.a(_muldi3.o)
                0x0000000002006990                __muldi3
                0x0000000002006990                __aeabi_lmul
 .text.calloc   0x00000000020069e4       0x18 c:/devkitpro/devkitarm/bin/../lib/gcc/arm-none-eabi/9.1.0/../../../../arm-none-eabi/lib/thumb\libg.a(lib_a-calloc.o)
                0x00000000020069e4                calloc
 .text._calloc_r
                0x00000000020069fc       0x60 c:/devkitpro/devkitarm/bin/../lib/gcc/arm-none-eabi/9.1.0/../../../../arm-none-eabi/lib/thumb\libg.a(lib_a-callocr.o)
                0x00000000020069fc                _calloc_r
 .text.__libc_init_array
                0x0000000002006a5c       0x50 c:/devkitpro/devkitarm/bin/../lib/gcc/arm-none-eabi/9.1.0/../../../../arm-none-eabi/lib/thumb\libg.a(lib_a-init.o)
                0x0000000002006a5c                __libc_init_array
 .text.iprintf  0x0000000002006aac       0x24 c:/devkitpro/devkitarm/bin/../lib/gcc/arm-none-eabi/9.1.0/../../../../arm-none-eabi/lib/thumb\libg.a(lib_a-iprintf.o)
                0x0000000002006aac                iprintf
 .text.malloc   0x0000000002006ad0       0x14 c:/devkitpro/devkitarm/bin/../lib/gcc/arm-none-eabi/9.1.0/../../../../arm-none-eabi/lib/thumb\libg.a(lib_a-malloc.o)
                0x0000000002006ad0                malloc
 .text.free     0x0000000002006ae4       0x14 c:/devkitpro/devkitarm/bin/../lib/gcc/arm-none-eabi/9.1.0/../../../../arm-none-eabi/lib/thumb\libg.a(lib_a-malloc.o)
                0x0000000002006ae4                free
 .text._malloc_r
                0x0000000002006af8      0x59c c:/devkitpro/devkitarm/bin/../lib/gcc/arm-none-eabi/9.1.0/../../../../arm-none-eabi/lib/thumb\libg.a(lib_a-mallocr.o)
                0x0000000002006af8                _malloc_r
 .text.memcpy   0x0000000002007094       0xa8 c:/devkitpro/devkitarm/bin/../lib/gcc/arm-none-eabi/9.1.0/../../../../arm-none-eabi/lib/thumb\libg.a(lib_a-memcpy-stub.o)
                0x0000000002007094                memcpy
 .text.memset   0x000000000200713c       0xb0 c:/devkitpro/devkitarm/bin/../lib/gcc/arm-none-eabi/9.1.0/../../../../arm-none-eabi/lib/thumb\libg.a(lib_a-memset.o)
                0x000000000200713c                memset
 .text.__malloc_lock
                0x00000000020071ec       0x14 c:/devkitpro/devkitarm/bin/../lib/gcc/arm-none-eabi/9.1.0/../../../../arm-none-eabi/lib/thumb\libg.a(lib_a-mlock.o)
                0x00000000020071ec                __malloc_lock
 .text.__malloc_unlock
                0x0000000002007200       0x14 c:/devkitpro/devkitarm/bin/../lib/gcc/arm-none-eabi/9.1.0/../../../../arm-none-eabi/lib/thumb\libg.a(lib_a-mlock.o)
                0x0000000002007200                __malloc_unlock
 .text.realloc  0x0000000002007214       0x18 c:/devkitpro/devkitarm/bin/../lib/gcc/arm-none-eabi/9.1.0/../../../../arm-none-eabi/lib/thumb\libg.a(lib_a-realloc.o)
                0x0000000002007214                realloc
 .text._realloc_r
                0x000000000200722c      0x38c c:/devkitpro/devkitarm/bin/../lib/gcc/arm-none-eabi/9.1.0/../../../../arm-none-eabi/lib/thumb\libg.a(lib_a-reallocr.o)
                0x000000000200722c                _realloc_r
 .text.setvbuf  0x00000000020075b8      0x1ac c:/devkitpro/devkitarm/bin/../lib/gcc/arm-none-eabi/9.1.0/../../../../arm-none-eabi/lib/thumb\libg.a(lib_a-setvbuf.o)
                0x00000000020075b8                setvbuf
 .text.siscanf  0x0000000002007764       0x4c c:/devkitpro/devkitarm/bin/../lib/gcc/arm-none-eabi/9.1.0/../../../../arm-none-eabi/lib/thumb\libg.a(lib_a-siscanf.o)
                0x0000000002007764                siscanf
 .text.__sread  0x00000000020077b0       0x34 c:/devkitpro/devkitarm/bin/../lib/gcc/arm-none-eabi/9.1.0/../../../../arm-none-eabi/lib/thumb\libg.a(lib_a-stdio.o)
                0x00000000020077b0                __sread
 .text.__seofread
                0x00000000020077e4        0x4 c:/devkitpro/devkitarm/bin/../lib/gcc/arm-none-eabi/9.1.0/../../../../arm-none-eabi/lib/thumb\libg.a(lib_a-stdio.o)
                0x00000000020077e4                __seofread
 .text.__swrite
                0x00000000020077e8       0x54 c:/devkitpro/devkitarm/bin/../lib/gcc/arm-none-eabi/9.1.0/../../../../arm-none-eabi/lib/thumb\libg.a(lib_a-stdio.o)
                0x00000000020077e8                __swrite
 .text.__sseek  0x000000000200783c       0x40 c:/devkitpro/devkitarm/bin/../lib/gcc/arm-none-eabi/9.1.0/../../../../arm-none-eabi/lib/thumb\libg.a(lib_a-stdio.o)
                0x000000000200783c                __sseek
 .text.__sclose
                0x000000000200787c       0x10 c:/devkitpro/devkitarm/bin/../lib/gcc/arm-none-eabi/9.1.0/../../../../arm-none-eabi/lib/thumb\libg.a(lib_a-stdio.o)
                0x000000000200787c                __sclose
 .text.strlen   0x000000000200788c       0x60 c:/devkitpro/devkitarm/bin/../lib/gcc/arm-none-eabi/9.1.0/../../../../arm-none-eabi/lib/thumb\libg.a(lib_a-strlen-stub.o)
                0x000000000200788c                strlen
 .text.get_arg  0x00000000020078ec       0x32 c:/devkitpro/devkitarm/bin/../lib/gcc/arm-none-eabi/9.1.0/../../../../arm-none-eabi/lib/thumb\libg.a(lib_a-svfiscanf.o)
 .text._sungetc_r
                0x000000000200791e       0x7e c:/devkitpro/devkitarm/bin/../lib/gcc/arm-none-eabi/9.1.0/../../../../arm-none-eabi/lib/thumb\libg.a(lib_a-svfiscanf.o)
                0x000000000200791e                _sungetc_r
 .text.__ssrefill_r
                0x000000000200799c       0x42 c:/devkitpro/devkitarm/bin/../lib/gcc/arm-none-eabi/9.1.0/../../../../arm-none-eabi/lib/thumb\libg.a(lib_a-svfiscanf.o)
                0x000000000200799c                __ssrefill_r
 .text._sfread_r
                0x00000000020079de       0x8a c:/devkitpro/devkitarm/bin/../lib/gcc/arm-none-eabi/9.1.0/../../../../arm-none-eabi/lib/thumb\libg.a(lib_a-svfiscanf.o)
                0x00000000020079de                _sfread_r
 .text.__ssvfiscanf_r
                0x0000000002007a68     0x1b54 c:/devkitpro/devkitarm/bin/../lib/gcc/arm-none-eabi/9.1.0/../../../../arm-none-eabi/lib/thumb\libg.a(lib_a-svfiscanf.o)
                0x0000000002007a68                __ssvfiscanf_r
 .text.__submore
                0x00000000020095bc       0x88 c:/devkitpro/devkitarm/bin/../lib/gcc/arm-none-eabi/9.1.0/../../../../arm-none-eabi/lib/thumb\libg.a(lib_a-ungetc.o)
                0x00000000020095bc                __submore
 .text.get_arg  0x0000000002009644      0x3d8 c:/devkitpro/devkitarm/bin/../lib/gcc/arm-none-eabi/9.1.0/../../../../arm-none-eabi/lib/thumb\libg.a(lib_a-vfiprintf.o)
 .text.__sprint_r
                0x0000000002009a1c       0x20 c:/devkitpro/devkitarm/bin/../lib/gcc/arm-none-eabi/9.1.0/../../../../arm-none-eabi/lib/thumb\libg.a(lib_a-vfiprintf.o)
                0x0000000002009a1c                __sprint_r
 .text._vfiprintf_r
                0x0000000002009a3c     0x1804 c:/devkitpro/devkitarm/bin/../lib/gcc/arm-none-eabi/9.1.0/../../../../arm-none-eabi/lib/thumb\libg.a(lib_a-vfiprintf.o)
                0x0000000002009a3c                _vfiprintf_r
 .text.__sbprintf
                0x000000000200b240       0x8c c:/devkitpro/devkitarm/bin/../lib/gcc/arm-none-eabi/9.1.0/../../../../arm-none-eabi/lib/thumb\libg.a(lib_a-vfiprintf.o)
 .text._wcrtomb_r
                0x000000000200b2cc       0x5c c:/devkitpro/devkitarm/bin/../lib/gcc/arm-none-eabi/9.1.0/../../../../arm-none-eabi/lib/thumb\libg.a(lib_a-wcrtomb.o)
                0x000000000200b2cc                _wcrtomb_r
 .text._wcsrtombs_r
                0x000000000200b328       0x1c c:/devkitpro/devkitarm/bin/../lib/gcc/arm-none-eabi/9.1.0/../../../../arm-none-eabi/lib/thumb\libg.a(lib_a-wcsrtombs.o)
                0x000000000200b328                _wcsrtombs_r
 .text.__swsetup_r
                0x000000000200b344       0xd8 c:/devkitpro/devkitarm/bin/../lib/gcc/arm-none-eabi/9.1.0/../../../../arm-none-eabi/lib/thumb\libg.a(lib_a-wsetup.o)
                0x000000000200b344                __swsetup_r
 .text.__sflush_r
                0x000000000200b41c      0x1c0 c:/devkitpro/devkitarm/bin/../lib/gcc/arm-none-eabi/9.1.0/../../../../arm-none-eabi/lib/thumb\libg.a(lib_a-fflush.o)
                0x000000000200b41c                __sflush_r
 .text._fflush_r
                0x000000000200b5dc       0x70 c:/devkitpro/devkitarm/bin/../lib/gcc/arm-none-eabi/9.1.0/../../../../arm-none-eabi/lib/thumb\libg.a(lib_a-fflush.o)
                0x000000000200b5dc                _fflush_r
 .text.std      0x000000000200b64c       0x54 c:/devkitpro/devkitarm/bin/../lib/gcc/arm-none-eabi/9.1.0/../../../../arm-none-eabi/lib/thumb\libg.a(lib_a-findfp.o)
 .text._cleanup_r
                0x000000000200b6a0       0x14 c:/devkitpro/devkitarm/bin/../lib/gcc/arm-none-eabi/9.1.0/../../../../arm-none-eabi/lib/thumb\libg.a(lib_a-findfp.o)
                0x000000000200b6a0                _cleanup_r
 .text.__sinit  0x000000000200b6b4       0x64 c:/devkitpro/devkitarm/bin/../lib/gcc/arm-none-eabi/9.1.0/../../../../arm-none-eabi/lib/thumb\libg.a(lib_a-findfp.o)
                0x000000000200b6b4                __sinit
 .text.__sfp_lock_acquire
                0x000000000200b718       0x14 c:/devkitpro/devkitarm/bin/../lib/gcc/arm-none-eabi/9.1.0/../../../../arm-none-eabi/lib/thumb\libg.a(lib_a-findfp.o)
                0x000000000200b718                __sfp_lock_acquire
 .text.__sfp_lock_release
                0x000000000200b72c       0x14 c:/devkitpro/devkitarm/bin/../lib/gcc/arm-none-eabi/9.1.0/../../../../arm-none-eabi/lib/thumb\libg.a(lib_a-findfp.o)
                0x000000000200b72c                __sfp_lock_release
 .text._malloc_trim_r
                0x000000000200b740       0xa0 c:/devkitpro/devkitarm/bin/../lib/gcc/arm-none-eabi/9.1.0/../../../../arm-none-eabi/lib/thumb\libg.a(lib_a-freer.o)
                0x000000000200b740                _malloc_trim_r
 .text._free_r  0x000000000200b7e0      0x1e0 c:/devkitpro/devkitarm/bin/../lib/gcc/arm-none-eabi/9.1.0/../../../../arm-none-eabi/lib/thumb\libg.a(lib_a-freer.o)
                0x000000000200b7e0                _free_r
 .text.__sfvwrite_r
                0x000000000200b9c0      0x348 c:/devkitpro/devkitarm/bin/../lib/gcc/arm-none-eabi/9.1.0/../../../../arm-none-eabi/lib/thumb\libg.a(lib_a-fvwrite.o)
                0x000000000200b9c0                __sfvwrite_r
 .text._fwalk_reent
                0x000000000200bd08       0x50 c:/devkitpro/devkitarm/bin/../lib/gcc/arm-none-eabi/9.1.0/../../../../arm-none-eabi/lib/thumb\libg.a(lib_a-fwalk.o)
                0x000000000200bd08                _fwalk_reent
 .text.iswspace
                0x000000000200bd58       0x10 c:/devkitpro/devkitarm/bin/../lib/gcc/arm-none-eabi/9.1.0/../../../../arm-none-eabi/lib/thumb\libg.a(lib_a-iswspace.o)
                0x000000000200bd58                iswspace
 .text._localeconv_r
                0x000000000200bd68        0x8 c:/devkitpro/devkitarm/bin/../lib/gcc/arm-none-eabi/9.1.0/../../../../arm-none-eabi/lib/thumb\libg.a(lib_a-localeconv.o)
                0x000000000200bd68                _localeconv_r
 .text.__locale_mb_cur_max
                0x000000000200bd70       0x10 c:/devkitpro/devkitarm/bin/../lib/gcc/arm-none-eabi/9.1.0/../../../../arm-none-eabi/lib/thumb\libg.a(lib_a-locale.o)
                0x000000000200bd70                __locale_mb_cur_max
 .text.__swhatbuf_r
                0x000000000200bd80       0x64 c:/devkitpro/devkitarm/bin/../lib/gcc/arm-none-eabi/9.1.0/../../../../arm-none-eabi/lib/thumb\libg.a(lib_a-makebuf.o)
                0x000000000200bd80                __swhatbuf_r
 .text.__smakebuf_r
                0x000000000200bde4       0x98 c:/devkitpro/devkitarm/bin/../lib/gcc/arm-none-eabi/9.1.0/../../../../arm-none-eabi/lib/thumb\libg.a(lib_a-makebuf.o)
                0x000000000200bde4                __smakebuf_r
 .text._mbrtowc_r
                0x000000000200be7c       0x60 c:/devkitpro/devkitarm/bin/../lib/gcc/arm-none-eabi/9.1.0/../../../../arm-none-eabi/lib/thumb\libg.a(lib_a-mbrtowc.o)
                0x000000000200be7c                _mbrtowc_r
 .text.__utf8_mbtowc
                0x000000000200bedc      0x280 c:/devkitpro/devkitarm/bin/../lib/gcc/arm-none-eabi/9.1.0/../../../../arm-none-eabi/lib/thumb\libg.a(lib_a-mbtowc_r.o)
                0x000000000200bedc                __utf8_mbtowc
 .text.memchr   0x000000000200c15c       0x78 c:/devkitpro/devkitarm/bin/../lib/gcc/arm-none-eabi/9.1.0/../../../../arm-none-eabi/lib/thumb\libg.a(lib_a-memchr-stub.o)
                0x000000000200c15c                memchr
 .text.memmove  0x000000000200c1d4       0xb0 c:/devkitpro/devkitarm/bin/../lib/gcc/arm-none-eabi/9.1.0/../../../../arm-none-eabi/lib/thumb\libg.a(lib_a-memmove.o)
                0x000000000200c1d4                memmove
 .text.__sccl   0x000000000200c284       0x90 c:/devkitpro/devkitarm/bin/../lib/gcc/arm-none-eabi/9.1.0/../../../../arm-none-eabi/lib/thumb\libg.a(lib_a-sccl.o)
                0x000000000200c284                __sccl
 .text.strncpy  0x000000000200c314       0x74 c:/devkitpro/devkitarm/bin/../lib/gcc/arm-none-eabi/9.1.0/../../../../arm-none-eabi/lib/thumb\libg.a(lib_a-strncpy.o)
                0x000000000200c314                strncpy
 .text._strtoll_l.isra.0
                0x000000000200c388      0x1ac c:/devkitpro/devkitarm/bin/../lib/gcc/arm-none-eabi/9.1.0/../../../../arm-none-eabi/lib/thumb\libg.a(lib_a-strtoll.o)
 .text._strtoll_r
                0x000000000200c534        0xc c:/devkitpro/devkitarm/bin/../lib/gcc/arm-none-eabi/9.1.0/../../../../arm-none-eabi/lib/thumb\libg.a(lib_a-strtoll.o)
                0x000000000200c534                _strtoll_r
 .text._strtol_l.isra.0
                0x000000000200c540      0x140 c:/devkitpro/devkitarm/bin/../lib/gcc/arm-none-eabi/9.1.0/../../../../arm-none-eabi/lib/thumb\libg.a(lib_a-strtol.o)
 .text._strtol_r
                0x000000000200c680        0xc c:/devkitpro/devkitarm/bin/../lib/gcc/arm-none-eabi/9.1.0/../../../../arm-none-eabi/lib/thumb\libg.a(lib_a-strtol.o)
                0x000000000200c680                _strtol_r
 .text._strtoull_l.isra.0
                0x000000000200c68c      0x1c8 c:/devkitpro/devkitarm/bin/../lib/gcc/arm-none-eabi/9.1.0/../../../../arm-none-eabi/lib/thumb\libg.a(lib_a-strtoull.o)
 .text._strtoull_r
                0x000000000200c854        0xc c:/devkitpro/devkitarm/bin/../lib/gcc/arm-none-eabi/9.1.0/../../../../arm-none-eabi/lib/thumb\libg.a(lib_a-strtoull.o)
                0x000000000200c854                _strtoull_r
 .text._strtoul_l.isra.0
                0x000000000200c860      0x148 c:/devkitpro/devkitarm/bin/../lib/gcc/arm-none-eabi/9.1.0/../../../../arm-none-eabi/lib/thumb\libg.a(lib_a-strtoul.o)
 .text._strtoul_r
                0x000000000200c9a8        0xc c:/devkitpro/devkitarm/bin/../lib/gcc/arm-none-eabi/9.1.0/../../../../arm-none-eabi/lib/thumb\libg.a(lib_a-strtoul.o)
                0x000000000200c9a8                _strtoul_r
 .text._wcsnrtombs_l
                0x000000000200c9b4      0x138 c:/devkitpro/devkitarm/bin/../lib/gcc/arm-none-eabi/9.1.0/../../../../arm-none-eabi/lib/thumb\libg.a(lib_a-wcsnrtombs.o)
                0x000000000200c9b4                _wcsnrtombs_l
 .text._wcsnrtombs_r
                0x000000000200caec       0x30 c:/devkitpro/devkitarm/bin/../lib/gcc/arm-none-eabi/9.1.0/../../../../arm-none-eabi/lib/thumb\libg.a(lib_a-wcsnrtombs.o)
                0x000000000200caec                _wcsnrtombs_r
 .text.__utf8_wctomb
                0x000000000200cb1c       0xb4 c:/devkitpro/devkitarm/bin/../lib/gcc/arm-none-eabi/9.1.0/../../../../arm-none-eabi/lib/thumb\libg.a(lib_a-wctomb_r.o)
                0x000000000200cb1c                __utf8_wctomb
 .text._fclose_r
                0x000000000200cbd0       0xe8 c:/devkitpro/devkitarm/bin/../lib/gcc/arm-none-eabi/9.1.0/../../../../arm-none-eabi/lib/thumb\libg.a(lib_a-fclose.o)
                0x000000000200cbd0                _fclose_r
 .text.iswspace_l
                0x000000000200ccb8       0x2c c:/devkitpro/devkitarm/bin/../lib/gcc/arm-none-eabi/9.1.0/../../../../arm-none-eabi/lib/thumb\libg.a(lib_a-iswspace_l.o)
                0x000000000200ccb8                iswspace_l
 .text.__jp2uc  0x000000000200cce4      0x164 c:/devkitpro/devkitarm/bin/../lib/gcc/arm-none-eabi/9.1.0/../../../../arm-none-eabi/lib/thumb\libg.a(lib_a-jp2uc.o)
 .text._jp2uc_l
                0x000000000200ce48       0x6c c:/devkitpro/devkitarm/bin/../lib/gcc/arm-none-eabi/9.1.0/../../../../arm-none-eabi/lib/thumb\libg.a(lib_a-jp2uc.o)
                0x000000000200ce48                _jp2uc_l
 .text.category
                0x000000000200ceb4       0x58 c:/devkitpro/devkitarm/bin/../lib/gcc/arm-none-eabi/9.1.0/../../../../arm-none-eabi/lib/thumb\libg.a(lib_a-categories.o)
                0x000000000200ceb4                category
 .text.null_write
                0x000000000200cf0c        0x4 c:/devkitpro/devkitarm/bin/../lib/gcc/arm-none-eabi/9.1.0/../../../../arm-none-eabi/lib/thumb\libsysbase.a(iosupport.o)
 .text._fstat_r
                0x000000000200cf10       0x4c c:/devkitpro/devkitarm/bin/../lib/gcc/arm-none-eabi/9.1.0/../../../../arm-none-eabi/lib/thumb\libsysbase.a(fstat.o)
                0x000000000200cf10                _fstat_r
 .text._isatty_r
                0x000000000200cf5c        0x4 c:/devkitpro/devkitarm/bin/../lib/gcc/arm-none-eabi/9.1.0/../../../../arm-none-eabi/lib/thumb\libsysbase.a(isatty.o)
                0x000000000200cf5c                _isatty_r
 .text._lseek_r
                0x000000000200cf60       0x5c c:/devkitpro/devkitarm/bin/../lib/gcc/arm-none-eabi/9.1.0/../../../../arm-none-eabi/lib/thumb\libsysbase.a(lseek.o)
                0x000000000200cf60                _lseek_r
 .text._read_r  0x000000000200cfbc       0x50 c:/devkitpro/devkitarm/bin/../lib/gcc/arm-none-eabi/9.1.0/../../../../arm-none-eabi/lib/thumb\libsysbase.a(read.o)
                0x000000000200cfbc                _read_r
 .text._sbrk_r  0x000000000200d00c       0x54 c:/devkitpro/devkitarm/bin/../lib/gcc/arm-none-eabi/9.1.0/../../../../arm-none-eabi/lib/thumb\libsysbase.a(sbrk.o)
                0x000000000200d00c                _sbrk_r
 .text._write_r
                0x000000000200d060       0x50 c:/devkitpro/devkitarm/bin/../lib/gcc/arm-none-eabi/9.1.0/../../../../arm-none-eabi/lib/thumb\libsysbase.a(write.o)
                0x000000000200d060                _write_r
 .text.build_argv
                0x000000000200d0b0       0x4c c:/devkitpro/devkitarm/bin/../lib/gcc/arm-none-eabi/9.1.0/../../../../arm-none-eabi/lib/thumb\libsysbase.a(build_argv.o)
                0x000000000200d0b0                build_argv
 .text.__flockfile
                0x000000000200d0fc       0x10 c:/devkitpro/devkitarm/bin/../lib/gcc/arm-none-eabi/9.1.0/../../../../arm-none-eabi/lib/thumb\libsysbase.a(flock.o)
                0x000000000200d0fc                __flockfile
 .text.__funlockfile
                0x000000000200d10c       0x10 c:/devkitpro/devkitarm/bin/../lib/gcc/arm-none-eabi/9.1.0/../../../../arm-none-eabi/lib/thumb\libsysbase.a(flock.o)
                0x000000000200d10c                __funlockfile
 .text.__libc_lock_acquire
                0x000000000200d11c       0x1c c:/devkitpro/devkitarm/bin/../lib/gcc/arm-none-eabi/9.1.0/../../../../arm-none-eabi/lib/thumb\libsysbase.a(syscall_support.o)
                0x000000000200d11c                __libc_lock_acquire
 .text.__libc_lock_release
                0x000000000200d138       0x1c c:/devkitpro/devkitarm/bin/../lib/gcc/arm-none-eabi/9.1.0/../../../../arm-none-eabi/lib/thumb\libsysbase.a(syscall_support.o)
                0x000000000200d138                __libc_lock_release
 .text.__libc_lock_init_recursive
                0x000000000200d154       0x1c c:/devkitpro/devkitarm/bin/../lib/gcc/arm-none-eabi/9.1.0/../../../../arm-none-eabi/lib/thumb\libsysbase.a(syscall_support.o)
                0x000000000200d154                __libc_lock_init_recursive
 .text.__libc_lock_acquire_recursive
                0x000000000200d170       0x1c c:/devkitpro/devkitarm/bin/../lib/gcc/arm-none-eabi/9.1.0/../../../../arm-none-eabi/lib/thumb\libsysbase.a(syscall_support.o)
                0x000000000200d170                __libc_lock_acquire_recursive
 .text.__libc_lock_release_recursive
                0x000000000200d18c       0x1c c:/devkitpro/devkitarm/bin/../lib/gcc/arm-none-eabi/9.1.0/../../../../arm-none-eabi/lib/thumb\libsysbase.a(syscall_support.o)
                0x000000000200d18c                __libc_lock_release_recursive
 .text.__libc_lock_close_recursive
                0x000000000200d1a8       0x1c c:/devkitpro/devkitarm/bin/../lib/gcc/arm-none-eabi/9.1.0/../../../../arm-none-eabi/lib/thumb\libsysbase.a(syscall_support.o)
                0x000000000200d1a8                __libc_lock_close_recursive
 .text.__get_handle
                0x000000000200d1c4       0x34 c:/devkitpro/devkitarm/bin/../lib/gcc/arm-none-eabi/9.1.0/../../../../arm-none-eabi/lib/thumb\libsysbase.a(handle_manager.o)
                0x000000000200d1c4                __get_handle
 .text._close_r
                0x000000000200d1f8       0xb8 c:/devkitpro/devkitarm/bin/../lib/gcc/arm-none-eabi/9.1.0/../../../../arm-none-eabi/lib/thumb\libsysbase.a(handle_manager.o)
                0x000000000200d1f8                _close_r
 .text.__getreent
                0x000000000200d2b0       0x28 c:/devkitpro/devkitarm/bin/../lib/gcc/arm-none-eabi/9.1.0/../../../../arm-none-eabi/lib/thumb\libsysbase.a(getreent.o)
                0x000000000200d2b0                __getreent
 .text.__udivmoddi4
                0x000000000200d2d8      0x19c c:/devkitpro/devkitarm/bin/../lib/gcc/arm-none-eabi/9.1.0/thumb\libgcc.a(_udivmoddi4.o)
                0x000000000200d2d8                __udivmoddi4
 *fill*         0x000000000200d474        0x4 ff
 .text.__udivmoddi4.__stub
                0x000000000200d478      0x108 linker stubs
 *(EXCLUDE_FILE(*.twl*) .gnu.warning)
 *(EXCLUDE_FILE(*.twl*) .gnu.linkonce.t*)
 *(.glue_7)
 .glue_7        0x000000000200d590        0x0 linker stubs
 *(.glue_7t)
 .glue_7t       0x000000000200d590        0x0 linker stubs
                0x000000000200d590                . = ALIGN (0x4)

.vfp11_veneer   0x000000000200d590        0x0
 .vfp11_veneer  0x000000000200d590        0x0 linker stubs

.v4_bx          0x000000000200d590        0x0
 .v4_bx         0x000000000200d590        0x0 linker stubs

.iplt           0x000000000200d590        0x0
 .iplt          0x000000000200d590        0x0 c:/devkitpro/devkitarm/bin/../lib/gcc/arm-none-eabi/9.1.0/../../../../arm-none-eabi/lib/thumb/ds_arm9_crt0.o

.fini           0x000000000200d590        0xc
 *(.fini)
 .fini          0x000000000200d590        0x4 c:/devkitpro/devkitarm/bin/../lib/gcc/arm-none-eabi/9.1.0/thumb/crti.o
                0x000000000200d590                _fini
 .fini          0x000000000200d594        0x8 c:/devkitpro/devkitarm/bin/../lib/gcc/arm-none-eabi/9.1.0/thumb/crtn.o
                0x000000000200d59c                __text_end = .

.rodata         0x000000000200d59c     0x8edc
 *(EXCLUDE_FILE(*.twl*) .rodata)
 .rodata        0x000000000200d59c       0x24 C:/devkitPro/libnds/lib\libnds9.a(videoGL.o)
 .rodata        0x000000000200d5c0     0x2004 C:/devkitPro/libnds/lib\libnds9.a(default_font.bin.o)
                0x000000000200d5c0                default_font_bin
                0x000000000200f5c0                default_font_bin_size
                0x000000000200f5c0                default_font_bin_end
 *all.rodata*(*)
 *(EXCLUDE_FILE(*.twl*) .roda)
 *(EXCLUDE_FILE(*.twl*) .rodata.*)
 .rodata.str1.4
                0x000000000200f5c4       0x11 main.o
 *fill*         0x000000000200f5d5        0x3 ff
 .rodata.con_write
                0x000000000200f5d8       0xd4 C:/devkitPro/libnds/lib\libnds9.a(console.o)
 .rodata.con_write.str1.4
                0x000000000200f6ac       0x30 C:/devkitPro/libnds/lib\libnds9.a(console.o)
 .rodata.dotab_stdout
                0x000000000200f6dc       0x70 C:/devkitPro/libnds/lib\libnds9.a(console.o)
 .rodata.str1.4
                0x000000000200f74c       0x14 C:/devkitPro/libnds/lib\libnds9.a(console.o)
 .rodata.SIN_LUT
                0x000000000200f760      0x102 C:/devkitPro/libnds/lib\libnds9.a(trig.o)
                0x000000000200f760                SIN_LUT
 *fill*         0x000000000200f862        0x2 ff
 .rodata.TAN_LUT
                0x000000000200f864      0x204 C:/devkitPro/libnds/lib\libnds9.a(trig.o)
                0x000000000200f864                TAN_LUT
 .rodata.glMaterialf
                0x000000000200fa68       0x44 C:/devkitPro/libnds/lib\libnds9.a(videoGL.o)
 .rodata.glTexImage2D
                0x000000000200faac       0x24 C:/devkitPro/libnds/lib\libnds9.a(videoGL.o)
 .rodata.basefix.6959
                0x000000000200fad0       0x22 c:/devkitpro/devkitarm/bin/../lib/gcc/arm-none-eabi/9.1.0/../../../../arm-none-eabi/lib/thumb\libg.a(lib_a-svfiscanf.o)
 .rodata._vfiprintf_r.str1.1
                0x000000000200faf2       0x29 c:/devkitpro/devkitarm/bin/../lib/gcc/arm-none-eabi/9.1.0/../../../../arm-none-eabi/lib/thumb\libg.a(lib_a-vfiprintf.o)
 *fill*         0x000000000200fb1b        0x1 ff
 .rodata.blanks.7396
                0x000000000200fb1c       0x10 c:/devkitpro/devkitarm/bin/../lib/gcc/arm-none-eabi/9.1.0/../../../../arm-none-eabi/lib/thumb\libg.a(lib_a-vfiprintf.o)
 .rodata.zeroes.7397
                0x000000000200fb2c       0x10 c:/devkitpro/devkitarm/bin/../lib/gcc/arm-none-eabi/9.1.0/../../../../arm-none-eabi/lib/thumb\libg.a(lib_a-vfiprintf.o)
 .rodata._ctype_
                0x000000000200fb3c      0x101 c:/devkitpro/devkitarm/bin/../lib/gcc/arm-none-eabi/9.1.0/../../../../arm-none-eabi/lib/thumb\libg.a(lib_a-ctype_.o)
                0x000000000200fb3c                _ctype_
 *fill*         0x000000000200fc3d        0x3 ff
 .rodata.str1.4
                0x000000000200fc40       0x48 c:/devkitpro/devkitarm/bin/../lib/gcc/arm-none-eabi/9.1.0/../../../../arm-none-eabi/lib/thumb\libg.a(lib_a-locale.o)
                                         0x4c (size before relaxing)
 .rodata._mbrtowc_r.str1.4
                0x000000000200fc88        0x1 c:/devkitpro/devkitarm/bin/../lib/gcc/arm-none-eabi/9.1.0/../../../../arm-none-eabi/lib/thumb\libg.a(lib_a-mbrtowc.o)
 .rodata.__action_table
                0x000000000200fc88       0x6c c:/devkitpro/devkitarm/bin/../lib/gcc/arm-none-eabi/9.1.0/../../../../arm-none-eabi/lib/thumb\libg.a(lib_a-svfiprintf.o)
                0x000000000200fc88                __action_table
 .rodata.__chclass
                0x000000000200fcf4      0x100 c:/devkitpro/devkitarm/bin/../lib/gcc/arm-none-eabi/9.1.0/../../../../arm-none-eabi/lib/thumb\libg.a(lib_a-svfiprintf.o)
                0x000000000200fcf4                __chclass
 .rodata.__state_table
                0x000000000200fdf4       0x6c c:/devkitpro/devkitarm/bin/../lib/gcc/arm-none-eabi/9.1.0/../../../../arm-none-eabi/lib/thumb\libg.a(lib_a-svfiprintf.o)
                0x000000000200fdf4                __state_table
 .rodata.__jp2uc
                0x000000000200fe60       0x20 c:/devkitpro/devkitarm/bin/../lib/gcc/arm-none-eabi/9.1.0/../../../../arm-none-eabi/lib/thumb\libg.a(lib_a-jp2uc.o)
 .rodata._jp2uc_l.str1.4
                0x000000000200fe80       0x12 c:/devkitpro/devkitarm/bin/../lib/gcc/arm-none-eabi/9.1.0/../../../../arm-none-eabi/lib/thumb\libg.a(lib_a-jp2uc.o)
 *fill*         0x000000000200fe92        0x2 ff
 .rodata.a1     0x000000000200fe94       0xbc c:/devkitpro/devkitarm/bin/../lib/gcc/arm-none-eabi/9.1.0/../../../../arm-none-eabi/lib/thumb\libg.a(lib_a-jp2uc.o)
 .rodata.a2     0x000000000200ff50       0xbc c:/devkitpro/devkitarm/bin/../lib/gcc/arm-none-eabi/9.1.0/../../../../arm-none-eabi/lib/thumb\libg.a(lib_a-jp2uc.o)
 .rodata.a3     0x000000000201000c       0x5b c:/devkitpro/devkitarm/bin/../lib/gcc/arm-none-eabi/9.1.0/../../../../arm-none-eabi/lib/thumb\libg.a(lib_a-jp2uc.o)
 *fill*         0x0000000002010067        0x1 ff
 .rodata.a6     0x0000000002010068       0x70 c:/devkitpro/devkitarm/bin/../lib/gcc/arm-none-eabi/9.1.0/../../../../arm-none-eabi/lib/thumb\libg.a(lib_a-jp2uc.o)
 .rodata.a7     0x00000000020100d8       0xa2 c:/devkitpro/devkitarm/bin/../lib/gcc/arm-none-eabi/9.1.0/../../../../arm-none-eabi/lib/thumb\libg.a(lib_a-jp2uc.o)
 *fill*         0x000000000201017a        0x2 ff
 .rodata.a8     0x000000000201017c       0x40 c:/devkitpro/devkitarm/bin/../lib/gcc/arm-none-eabi/9.1.0/../../../../arm-none-eabi/lib/thumb\libg.a(lib_a-jp2uc.o)
 .rodata.b02cf  0x00000000020101bc     0x172a c:/devkitpro/devkitarm/bin/../lib/gcc/arm-none-eabi/9.1.0/../../../../arm-none-eabi/lib/thumb\libg.a(lib_a-jp2uc.o)
 *fill*         0x00000000020118e6        0x2 ff
 .rodata.d02f4  0x00000000020118e8     0x1a7c c:/devkitpro/devkitarm/bin/../lib/gcc/arm-none-eabi/9.1.0/../../../../arm-none-eabi/lib/thumb\libg.a(lib_a-jp2uc.o)
 .rodata.categories
                0x0000000002013364     0x309c c:/devkitpro/devkitarm/bin/../lib/gcc/arm-none-eabi/9.1.0/../../../../arm-none-eabi/lib/thumb\libg.a(lib_a-categories.o)
 .rodata.AddDevice.str1.4
                0x0000000002016400        0x8 c:/devkitpro/devkitarm/bin/../lib/gcc/arm-none-eabi/9.1.0/../../../../arm-none-eabi/lib/thumb\libsysbase.a(iosupport.o)
 .rodata.dotab_stdnull
                0x0000000002016408       0x70 c:/devkitpro/devkitarm/bin/../lib/gcc/arm-none-eabi/9.1.0/../../../../arm-none-eabi/lib/thumb\libsysbase.a(iosupport.o)
                0x0000000002016408                dotab_stdnull
 *(EXCLUDE_FILE(*.twl*) .gnu.linkonce.r*)
                0x0000000002016478                . = ALIGN (0x4)

.ARM.extab
 *(.ARM.extab* .gnu.linkonce.armextab.*)
                0x0000000002016478                __exidx_start = .

ARM.exidx
 *(.ARM.exidx* .gnu.linkonce.armexidx.*)
                0x0000000002016478                __exidx_end = .
                0x0000000002016478                . = ALIGN (0x4)
                0x0000000002016478                PROVIDE (__preinit_array_start = .)

.preinit_array
 *(.preinit_array)
                0x0000000002016478                PROVIDE (__preinit_array_end = .)
                0x0000000002016478                PROVIDE (__init_array_start = .)

.init_array     0x0000000002016478        0x4
 *(SORT_BY_NAME(.init_array.*))
 *(.init_array)
 .init_array    0x0000000002016478        0x4 c:/devkitpro/devkitarm/bin/../lib/gcc/arm-none-eabi/9.1.0/thumb/crtbegin.o
                0x000000000201647c                PROVIDE (__init_array_end = .)
                [!provide]                        PROVIDE (__fini_array_start = .)

.fini_array     0x000000000201647c        0x4
 *(.fini_array)
 .fini_array    0x000000000201647c        0x4 c:/devkitpro/devkitarm/bin/../lib/gcc/arm-none-eabi/9.1.0/thumb/crtbegin.o
 *(SORT_BY_NAME(.fini_array.*))
                [!provide]                        PROVIDE (__fini_array_end = .)

.ctors          0x0000000002016480        0x0
 *crtbegin.o(.ctors)
 *(EXCLUDE_FILE(*crtend.o) .ctors)
 *(SORT_BY_NAME(.ctors.*))
 *(.ctors)
                0x0000000002016480                . = ALIGN (0x4)

.dtors          0x0000000002016480        0x0
 *crtbegin.o(.dtors)
 *(EXCLUDE_FILE(*crtend.o) .dtors)
 *(SORT_BY_NAME(.dtors.*))
 *(.dtors)
                0x0000000002016480                . = ALIGN (0x4)

.eh_frame       0x0000000002016480        0x4
 *(.eh_frame)
 .eh_frame      0x0000000002016480        0x0 c:/devkitpro/devkitarm/bin/../lib/gcc/arm-none-eabi/9.1.0/thumb/crtbegin.o
 .eh_frame      0x0000000002016480        0x4 c:/devkitpro/devkitarm/bin/../lib/gcc/arm-none-eabi/9.1.0/thumb/crtend.o
                0x0000000002016484                . = ALIGN (0x4)

.rel.dyn        0x0000000002016484        0x0
 .rel.iplt      0x0000000002016484        0x0 c:/devkitpro/devkitarm/bin/../lib/gcc/arm-none-eabi/9.1.0/../../../../arm-none-eabi/lib/thumb/ds_arm9_crt0.o

.gcc_except_table
                0x0000000002016484        0x0
 *(.gcc_except_table)
                0x0000000002016484                . = ALIGN (0x4)

.jcr
 *(.jcr)

.got
 *(.got.plt)
 *(.got)
 *(.rel.got)

.ewram          0x0000000002016484        0x0
                0x0000000002016484                __ewram_start = ABSOLUTE (.)
 *(.ewram)
 *ewram.*(.text)
                0x0000000002016484                . = ALIGN (0x4)

.data           0x0000000002016484     0x1bfc
                0x0000000002016484                __data_start = ABSOLUTE (.)
 *(EXCLUDE_FILE(*.twl*) .data)
 .data          0x0000000002016484       0x3c player.o
                0x0000000002016484                player
 .data          0x00000000020164c0       0x28 C:/devkitPro/libnds/lib\libnds9.a(mpu_setup.o)
 *(EXCLUDE_FILE(*.twl*) .data.*)
 .data.currentConsole
                0x00000000020164e8        0x4 C:/devkitPro/libnds/lib\libnds9.a(console.o)
                0x00000000020164e8                currentConsole
 .data.defaultConsole
                0x00000000020164ec       0x5c C:/devkitPro/libnds/lib\libnds9.a(console.o)
                0x00000000020164ec                defaultConsole
 .data.firstConsoleInit.6889
                0x0000000002016548        0x1 C:/devkitPro/libnds/lib\libnds9.a(console.o)
 *fill*         0x0000000002016549        0x3 ff
 .data.glGlob   0x000000000201654c        0x4 C:/devkitPro/libnds/lib\libnds9.a(videoGL.o)
 .data.count    0x0000000002016550        0x1 C:/devkitPro/libnds/lib\libnds9.a(keys.o)
 .data.delay    0x0000000002016551        0x1 C:/devkitPro/libnds/lib\libnds9.a(keys.o)
 .data.repeat   0x0000000002016552        0x1 C:/devkitPro/libnds/lib\libnds9.a(keys.o)
 *fill*         0x0000000002016553        0x1 ff
 .data.fifo_buffer_free
                0x0000000002016554        0x4 C:/devkitPro/libnds/lib\libnds9.a(fifosystem.o)
                0x0000000002016554                fifo_buffer_free
 .data.fifo_freewords
                0x0000000002016558        0x4 C:/devkitPro/libnds/lib\libnds9.a(fifosystem.o)
                0x0000000002016558                fifo_freewords
 .data.fifo_receive_queue
                0x000000000201655c        0x4 C:/devkitPro/libnds/lib\libnds9.a(fifosystem.o)
                0x000000000201655c                fifo_receive_queue
 .data.fifo_send_queue
                0x0000000002016560        0x4 C:/devkitPro/libnds/lib\libnds9.a(fifosystem.o)
                0x0000000002016560                fifo_send_queue
 .data.bgControl
                0x0000000002016564       0x20 C:/devkitPro/libnds/lib\libnds9.a(background.o)
                0x0000000002016564                bgControl
 .data.bgScrollTable
                0x0000000002016584       0x20 C:/devkitPro/libnds/lib\libnds9.a(background.o)
                0x0000000002016584                bgScrollTable
 .data.bgTransform
                0x00000000020165a4       0x20 C:/devkitPro/libnds/lib\libnds9.a(background.o)
                0x00000000020165a4                bgTransform
 .data.__malloc_av_
                0x00000000020165c4      0x408 c:/devkitpro/devkitarm/bin/../lib/gcc/arm-none-eabi/9.1.0/../../../../arm-none-eabi/lib/thumb\libg.a(lib_a-mallocr.o)
                0x00000000020165c4                __malloc_av_
 .data.__malloc_sbrk_base
                0x00000000020169cc        0x4 c:/devkitpro/devkitarm/bin/../lib/gcc/arm-none-eabi/9.1.0/../../../../arm-none-eabi/lib/thumb\libg.a(lib_a-mallocr.o)
                0x00000000020169cc                __malloc_sbrk_base
 .data.__malloc_trim_threshold
                0x00000000020169d0        0x4 c:/devkitpro/devkitarm/bin/../lib/gcc/arm-none-eabi/9.1.0/../../../../arm-none-eabi/lib/thumb\libg.a(lib_a-mallocr.o)
                0x00000000020169d0                __malloc_trim_threshold
 .data.__malloc_recursive_mutex
                0x00000000020169d4        0xc c:/devkitpro/devkitarm/bin/../lib/gcc/arm-none-eabi/9.1.0/../../../../arm-none-eabi/lib/thumb\libg.a(lib_a-mlock.o)
 .data.__sfp_recursive_mutex
                0x00000000020169e0        0xc c:/devkitpro/devkitarm/bin/../lib/gcc/arm-none-eabi/9.1.0/../../../../arm-none-eabi/lib/thumb\libg.a(lib_a-findfp.o)
 .data.__sinit_recursive_mutex
                0x00000000020169ec        0xc c:/devkitpro/devkitarm/bin/../lib/gcc/arm-none-eabi/9.1.0/../../../../arm-none-eabi/lib/thumb\libg.a(lib_a-findfp.o)
 .data._impure_ptr
                0x00000000020169f8        0x4 c:/devkitpro/devkitarm/bin/../lib/gcc/arm-none-eabi/9.1.0/../../../../arm-none-eabi/lib/thumb\libg.a(lib_a-impure.o)
                0x00000000020169f8                _impure_ptr
 *fill*         0x00000000020169fc        0x4 ff
 .data.impure_data
                0x0000000002016a00      0x460 c:/devkitpro/devkitarm/bin/../lib/gcc/arm-none-eabi/9.1.0/../../../../arm-none-eabi/lib/thumb\libg.a(lib_a-impure.o)
 .data.__global_locale
                0x0000000002016e60      0x16c c:/devkitpro/devkitarm/bin/../lib/gcc/arm-none-eabi/9.1.0/../../../../arm-none-eabi/lib/thumb\libg.a(lib_a-locale.o)
                0x0000000002016e60                __global_locale
 .data.devoptab_list
                0x0000000002016fcc       0x8c c:/devkitpro/devkitarm/bin/../lib/gcc/arm-none-eabi/9.1.0/../../../../arm-none-eabi/lib/thumb\libsysbase.a(iosupport.o)
                0x0000000002016fcc                devoptab_list
 .data.__hndl_lock
                0x0000000002017058        0x4 c:/devkitpro/devkitarm/bin/../lib/gcc/arm-none-eabi/9.1.0/../../../../arm-none-eabi/lib/thumb\libsysbase.a(handle_manager.o)
 .data.__stderr_handle
                0x000000000201705c        0xc c:/devkitpro/devkitarm/bin/../lib/gcc/arm-none-eabi/9.1.0/../../../../arm-none-eabi/lib/thumb\libsysbase.a(handle_manager.o)
 .data.__stdin_handle
                0x0000000002017068        0xc c:/devkitpro/devkitarm/bin/../lib/gcc/arm-none-eabi/9.1.0/../../../../arm-none-eabi/lib/thumb\libsysbase.a(handle_manager.o)
 .data.__stdout_handle
                0x0000000002017074        0xc c:/devkitpro/devkitarm/bin/../lib/gcc/arm-none-eabi/9.1.0/../../../../arm-none-eabi/lib/thumb\libsysbase.a(handle_manager.o)
 .data.handles  0x0000000002017080     0x1000 c:/devkitpro/devkitarm/bin/../lib/gcc/arm-none-eabi/9.1.0/../../../../arm-none-eabi/lib/thumb\libsysbase.a(handle_manager.o)
 *(EXCLUDE_FILE(*.twl*) .gnu.linkonce.d*)
                0x0000000002018080                . = ALIGN (0x4)
                0x0000000002018080                __data_end = ABSOLUTE (.)
                0x0000000002018080                __bss_vma = .

.igot.plt       0x0000000002018080        0x0
 .igot.plt      0x0000000002018080        0x0 c:/devkitpro/devkitarm/bin/../lib/gcc/arm-none-eabi/9.1.0/../../../../arm-none-eabi/lib/thumb/ds_arm9_crt0.o

.tm_clone_table
                0x0000000002018080        0x0
 .tm_clone_table
                0x0000000002018080        0x0 c:/devkitpro/devkitarm/bin/../lib/gcc/arm-none-eabi/9.1.0/thumb/crtbegin.o
 .tm_clone_table
                0x0000000002018080        0x0 c:/devkitpro/devkitarm/bin/../lib/gcc/arm-none-eabi/9.1.0/thumb/crtend.o

.dtcm           0x000000000b000000        0x0 load address 0x0000000002018080
                0x0000000002018080                __dtcm_lma = LOADADDR (.dtcm)
                0x000000000b000000                __dtcm_start = ABSOLUTE (.)
 *(.dtcm)
 *(.dtcm.*)
                0x000000000b000000                . = ALIGN (0x4)
                0x000000000b000000                __dtcm_end = ABSOLUTE (.)

.itcm           0x0000000001000100      0x194 load address 0x0000000002018080
                0x0000000002018080                __itcm_lma = LOADADDR (.itcm)
                0x0000000001000100                __itcm_start = ABSOLUTE (.)
 *(.itcm)
 .itcm          0x0000000001000100       0xc8 C:/devkitPro/libnds/lib\libnds9.a(interrupts.o)
                0x0000000001000100                irqTable
 .itcm          0x00000000010001c8       0xcc C:/devkitPro/libnds/lib\libnds9.a(interruptDispatcher.o)
                0x00000000010001c8                IntrMain
 *.itcm*(.text .stub .text.*)
                0x0000000001000294                . = ALIGN (0x4)
                0x0000000001000294                __itcm_end = ABSOLUTE (.)

.vectors        0x0000000001000000        0x0 load address 0x0000000002018214
                0x0000000002018214                __vectors_lma = LOADADDR (.vectors)
                0x0000000001000000                __vectors_start = ABSOLUTE (.)
 *(.vectors .vectors.*)
                0x0000000001000000                . = ALIGN (0x4)
                0x0000000001000000                __vectors_end = ABSOLUTE (.)

.sbss           0x000000000b000000        0x0
                0x000000000b000000                __sbss_start = ABSOLUTE (.)
                0x000000000b000000                __sbss_start__ = ABSOLUTE (.)
 *(.sbss)
                0x000000000b000000                . = ALIGN (0x4)
                0x000000000b000000                __sbss_end = ABSOLUTE (.)

.bss            0x0000000002018080      0xd08
                0x0000000002018080                __bss_start = ABSOLUTE (.)
                0x0000000002018080                __bss_start__ = ABSOLUTE (.)
 *(EXCLUDE_FILE(*.twl*) .dynbss)
 *(EXCLUDE_FILE(*.twl*) .gnu.linkonce.b*)
 *(EXCLUDE_FILE(*.twl*) .bss*)
 .bss.completed.9071
                0x0000000002018080        0x1 c:/devkitpro/devkitarm/bin/../lib/gcc/arm-none-eabi/9.1.0/thumb/crtbegin.o
 *fill*         0x0000000002018081        0x3 
 .bss.object.9076
                0x0000000002018084       0x18 c:/devkitpro/devkitarm/bin/../lib/gcc/arm-none-eabi/9.1.0/thumb/crtbegin.o
 .bss           0x000000000201809c        0x4 main.o
                0x000000000201809c                frame
 .bss           0x00000000020180a0        0x8 C:/devkitPro/libnds/lib\libgl2d.a(gl2d.o)
                0x00000000020180a0                gCurrentTexture
 .bss.diffuse_ambient.6571
                0x00000000020180a8        0x4 C:/devkitPro/libnds/lib\libnds9.a(videoGL.o)
 .bss.specular_emission.6572
                0x00000000020180ac        0x4 C:/devkitPro/libnds/lib\libnds9.a(videoGL.o)
 .bss.keys      0x00000000020180b0        0x2 C:/devkitPro/libnds/lib\libnds9.a(keys.o)
 .bss.keysold   0x00000000020180b2        0x2 C:/devkitPro/libnds/lib\libnds9.a(keys.o)
 .bss.keysrepeat
                0x00000000020180b4        0x2 C:/devkitPro/libnds/lib\libnds9.a(keys.o)
 *fill*         0x00000000020180b6        0x2 
 .bss.processing
                0x00000000020180b8        0x4 C:/devkitPro/libnds/lib\libnds9.a(fifosystem.o)
                0x00000000020180b8                processing
 .bss.SDcallback
                0x00000000020180bc        0x4 C:/devkitPro/libnds/lib\libnds9.a(system.o)
 .bss.__malloc_current_mallinfo
                0x00000000020180c0       0x28 c:/devkitpro/devkitarm/bin/../lib/gcc/arm-none-eabi/9.1.0/../../../../arm-none-eabi/lib/thumb\libg.a(lib_a-mallocr.o)
                0x00000000020180c0                __malloc_current_mallinfo
 .bss.__malloc_max_sbrked_mem
                0x00000000020180e8        0x4 c:/devkitpro/devkitarm/bin/../lib/gcc/arm-none-eabi/9.1.0/../../../../arm-none-eabi/lib/thumb\libg.a(lib_a-mallocr.o)
                0x00000000020180e8                __malloc_max_sbrked_mem
 .bss.__malloc_max_total_mem
                0x00000000020180ec        0x4 c:/devkitpro/devkitarm/bin/../lib/gcc/arm-none-eabi/9.1.0/../../../../arm-none-eabi/lib/thumb\libg.a(lib_a-mallocr.o)
                0x00000000020180ec                __malloc_max_total_mem
 .bss.__malloc_top_pad
                0x00000000020180f0        0x4 c:/devkitpro/devkitarm/bin/../lib/gcc/arm-none-eabi/9.1.0/../../../../arm-none-eabi/lib/thumb\libg.a(lib_a-mallocr.o)
                0x00000000020180f0                __malloc_top_pad
 .bss.heap_start.6057
                0x00000000020180f4        0x4 c:/devkitpro/devkitarm/bin/../lib/gcc/arm-none-eabi/9.1.0/../../../../arm-none-eabi/lib/thumb\libsysbase.a(sbrk.o)
 .bss.fake_heap_end
                0x00000000020180f8        0x4 c:/devkitpro/devkitarm/bin/../lib/gcc/arm-none-eabi/9.1.0/../../../../arm-none-eabi/lib/thumb\libsysbase.a(malloc_vars.o)
                0x00000000020180f8                fake_heap_end
 .bss.fake_heap_start
                0x00000000020180fc        0x4 c:/devkitpro/devkitarm/bin/../lib/gcc/arm-none-eabi/9.1.0/../../../../arm-none-eabi/lib/thumb\libsysbase.a(malloc_vars.o)
                0x00000000020180fc                fake_heap_start
 .bss.__syscalls
                0x0000000002018100       0x48 c:/devkitpro/devkitarm/bin/../lib/gcc/arm-none-eabi/9.1.0/../../../../arm-none-eabi/lib/thumb\libsysbase.a(syscall_support.o)
                0x0000000002018100                __syscalls
 *(EXCLUDE_FILE(*.twl*) COMMON)
 COMMON         0x0000000002018148       0x5c C:/devkitPro/libnds/lib\libnds9.a(console.o)
                0x0000000002018148                currentCopy
 COMMON         0x00000000020181a4       0x54 C:/devkitPro/libnds/lib\libnds9.a(videoGL.o)
                0x00000000020181a4                glGlobalData
 COMMON         0x00000000020181f8        0x1 C:/devkitPro/libnds/lib\libnds9.a(initSystem.o)
                0x00000000020181f8                __dsimode
 *fill*         0x00000000020181f9        0x3 
 COMMON         0x00000000020181fc        0x4 C:/devkitPro/libnds/lib\libnds9.a(timeSupport.o)
                0x00000000020181fc                punixTime
 COMMON         0x0000000002018200      0xa40 C:/devkitPro/libnds/lib\libnds9.a(fifosystem.o)
                0x0000000002018200                fifo_datamsg_data
                0x0000000002018240                fifo_buffer
                0x0000000002018a40                fifo_value32_func
                0x0000000002018a80                fifo_address_func
                0x0000000002018ac0                fifo_value32_data
                0x0000000002018b00                fifo_value32_queue
                0x0000000002018b40                fifo_data_queue
                0x0000000002018b80                fifo_address_data
                0x0000000002018bc0                fifo_datamsg_func
                0x0000000002018c00                fifo_address_queue
 COMMON         0x0000000002018c40      0x148 C:/devkitPro/libnds/lib\libnds9.a(background.o)
                0x0000000002018c40                bgState
                0x0000000002018d80                bgIsTextLut
                0x0000000002018d88                . = ALIGN (0x4)
                0x0000000002018d88                __bss_end__ = ABSOLUTE (.)
                0x0000000002018d88                __end__ = ABSOLUTE (.)

.twl            0x0000000002018d88        0x0 load address 0x0000000002400000
                0x0000000002400000                __arm9i_lma__ = LOADADDR (.twl)
                0x0000000002018d88                __arm9i_start__ = ABSOLUTE (.)
 *(.twl)
 *.twl*(.text .stub .text.* .gnu.linkonce.t.*)
 *.twl*(.rodata)
 *.twl*(.roda)
 *.twl*(.rodata.*)
 *.twl*(.data)
 *.twl*(.data.*)
 *.twl*(.gnu.linkonce.d*)
                0x0000000002018d88                __arm9i_end__ = ABSOLUTE (.)

.twl_bss        0x0000000002018d88        0x0
                0x0000000002018d88                __twl_bss_start__ = ABSOLUTE (.)
 *(.twl_bss)
 *.twl*(.dynbss)
 *.twl*(.gnu.linkonce.b*)
 *.twl*(.bss*)
 *.twl*(COMMON)
                0x0000000002018d88                . = ALIGN (0x4)
                0x0000000002018d88                __twl_bss_end__ = ABSOLUTE (.)
                0x0000000002018d88                __twl_end__ = ABSOLUTE (.)

.stab
 *(.stab)

.stabstr
 *(.stabstr)

.stab.excl
 *(.stab.excl)

.stab.exclstr
 *(.stab.exclstr)

.stab.index
 *(.stab.index)

.stab.indexstr
 *(.stab.indexstr)

.comment        0x0000000000000000       0x66
 *(.comment)
 .comment       0x0000000000000000       0x22 c:/devkitpro/devkitarm/bin/../lib/gcc/arm-none-eabi/9.1.0/thumb/crtbegin.o
                                         0x23 (size before relaxing)
 .comment       0x0000000000000022       0x23 main.o
 .comment       0x0000000000000022       0x23 player.o
 .comment       0x0000000000000022       0x22 C:/devkitPro/libnds/lib\libgl2d.a(gl2d.o)
                                         0x23 (size before relaxing)
 .comment       0x0000000000000044       0x22 C:/devkitPro/libnds/lib\libnds9.a(console.o)
                                         0x23 (size before relaxing)
 .comment       0x0000000000000066       0x23 C:/devkitPro/libnds/lib\libnds9.a(trig.o)
 .comment       0x0000000000000066       0x23 C:/devkitPro/libnds/lib\libnds9.a(videoGL.o)
 .comment       0x0000000000000066       0x23 C:/devkitPro/libnds/lib\libnds9.a(keys.o)
 .comment       0x0000000000000066       0x23 C:/devkitPro/libnds/lib\libnds9.a(initSystem.o)
 .comment       0x0000000000000066       0x23 C:/devkitPro/libnds/lib\libnds9.a(timeSupport.o)
 .comment       0x0000000000000066       0x23 C:/devkitPro/libnds/lib\libnds9.a(securearea.o)
 .comment       0x0000000000000066       0x23 C:/devkitPro/libnds/lib\libnds9.a(interrupts.o)
 .comment       0x0000000000000066       0x23 C:/devkitPro/libnds/lib\libnds9.a(libnds_exit.arm.o)
 .comment       0x0000000000000066       0x23 C:/devkitPro/libnds/lib\libnds9.a(fifosystem.o)
 .comment       0x0000000000000066       0x23 C:/devkitPro/libnds/lib\libnds9.a(background.o)
 .comment       0x0000000000000066       0x23 C:/devkitPro/libnds/lib\libnds9.a(dynamicArray.o)
 .comment       0x0000000000000066       0x23 C:/devkitPro/libnds/lib\libnds9.a(video.o)
 .comment       0x0000000000000066       0x23 C:/devkitPro/libnds/lib\libnds9.a(system.o)
 .comment       0x0000000000000066       0x23 c:/devkitpro/devkitarm/bin/../lib/gcc/arm-none-eabi/9.1.0/thumb\libgcc.a(_muldi3.o)
 .comment       0x0000000000000066       0x23 c:/devkitpro/devkitarm/bin/../lib/gcc/arm-none-eabi/9.1.0/../../../../arm-none-eabi/lib/thumb\libg.a(lib_a-calloc.o)
 .comment       0x0000000000000066       0x23 c:/devkitpro/devkitarm/bin/../lib/gcc/arm-none-eabi/9.1.0/../../../../arm-none-eabi/lib/thumb\libg.a(lib_a-callocr.o)
 .comment       0x0000000000000066       0x23 c:/devkitpro/devkitarm/bin/../lib/gcc/arm-none-eabi/9.1.0/../../../../arm-none-eabi/lib/thumb\libg.a(lib_a-init.o)
 .comment       0x0000000000000066       0x23 c:/devkitpro/devkitarm/bin/../lib/gcc/arm-none-eabi/9.1.0/../../../../arm-none-eabi/lib/thumb\libg.a(lib_a-iprintf.o)
 .comment       0x0000000000000066       0x23 c:/devkitpro/devkitarm/bin/../lib/gcc/arm-none-eabi/9.1.0/../../../../arm-none-eabi/lib/thumb\libg.a(lib_a-malloc.o)
 .comment       0x0000000000000066       0x23 c:/devkitpro/devkitarm/bin/../lib/gcc/arm-none-eabi/9.1.0/../../../../arm-none-eabi/lib/thumb\libg.a(lib_a-mallocr.o)
 .comment       0x0000000000000066       0x23 c:/devkitpro/devkitarm/bin/../lib/gcc/arm-none-eabi/9.1.0/../../../../arm-none-eabi/lib/thumb\libg.a(lib_a-memcpy-stub.o)
 .comment       0x0000000000000066       0x23 c:/devkitpro/devkitarm/bin/../lib/gcc/arm-none-eabi/9.1.0/../../../../arm-none-eabi/lib/thumb\libg.a(lib_a-memset.o)
 .comment       0x0000000000000066       0x23 c:/devkitpro/devkitarm/bin/../lib/gcc/arm-none-eabi/9.1.0/../../../../arm-none-eabi/lib/thumb\libg.a(lib_a-mlock.o)
 .comment       0x0000000000000066       0x23 c:/devkitpro/devkitarm/bin/../lib/gcc/arm-none-eabi/9.1.0/../../../../arm-none-eabi/lib/thumb\libg.a(lib_a-realloc.o)
 .comment       0x0000000000000066       0x23 c:/devkitpro/devkitarm/bin/../lib/gcc/arm-none-eabi/9.1.0/../../../../arm-none-eabi/lib/thumb\libg.a(lib_a-reallocr.o)
 .comment       0x0000000000000066       0x23 c:/devkitpro/devkitarm/bin/../lib/gcc/arm-none-eabi/9.1.0/../../../../arm-none-eabi/lib/thumb\libg.a(lib_a-setvbuf.o)
 .comment       0x0000000000000066       0x23 c:/devkitpro/devkitarm/bin/../lib/gcc/arm-none-eabi/9.1.0/../../../../arm-none-eabi/lib/thumb\libg.a(lib_a-siscanf.o)
 .comment       0x0000000000000066       0x23 c:/devkitpro/devkitarm/bin/../lib/gcc/arm-none-eabi/9.1.0/../../../../arm-none-eabi/lib/thumb\libg.a(lib_a-stdio.o)
 .comment       0x0000000000000066       0x23 c:/devkitpro/devkitarm/bin/../lib/gcc/arm-none-eabi/9.1.0/../../../../arm-none-eabi/lib/thumb\libg.a(lib_a-strlen-stub.o)
 .comment       0x0000000000000066       0x23 c:/devkitpro/devkitarm/bin/../lib/gcc/arm-none-eabi/9.1.0/../../../../arm-none-eabi/lib/thumb\libg.a(lib_a-svfiscanf.o)
 .comment       0x0000000000000066       0x23 c:/devkitpro/devkitarm/bin/../lib/gcc/arm-none-eabi/9.1.0/../../../../arm-none-eabi/lib/thumb\libg.a(lib_a-ungetc.o)
 .comment       0x0000000000000066       0x23 c:/devkitpro/devkitarm/bin/../lib/gcc/arm-none-eabi/9.1.0/../../../../arm-none-eabi/lib/thumb\libg.a(lib_a-vfiprintf.o)
 .comment       0x0000000000000066       0x23 c:/devkitpro/devkitarm/bin/../lib/gcc/arm-none-eabi/9.1.0/../../../../arm-none-eabi/lib/thumb\libg.a(lib_a-wcrtomb.o)
 .comment       0x0000000000000066       0x23 c:/devkitpro/devkitarm/bin/../lib/gcc/arm-none-eabi/9.1.0/../../../../arm-none-eabi/lib/thumb\libg.a(lib_a-wcsrtombs.o)
 .comment       0x0000000000000066       0x23 c:/devkitpro/devkitarm/bin/../lib/gcc/arm-none-eabi/9.1.0/../../../../arm-none-eabi/lib/thumb\libg.a(lib_a-wsetup.o)
 .comment       0x0000000000000066       0x23 c:/devkitpro/devkitarm/bin/../lib/gcc/arm-none-eabi/9.1.0/../../../../arm-none-eabi/lib/thumb\libg.a(lib_a-ctype_.o)
 .comment       0x0000000000000066       0x23 c:/devkitpro/devkitarm/bin/../lib/gcc/arm-none-eabi/9.1.0/../../../../arm-none-eabi/lib/thumb\libg.a(lib_a-fflush.o)
 .comment       0x0000000000000066       0x23 c:/devkitpro/devkitarm/bin/../lib/gcc/arm-none-eabi/9.1.0/../../../../arm-none-eabi/lib/thumb\libg.a(lib_a-findfp.o)
 .comment       0x0000000000000066       0x23 c:/devkitpro/devkitarm/bin/../lib/gcc/arm-none-eabi/9.1.0/../../../../arm-none-eabi/lib/thumb\libg.a(lib_a-freer.o)
 .comment       0x0000000000000066       0x23 c:/devkitpro/devkitarm/bin/../lib/gcc/arm-none-eabi/9.1.0/../../../../arm-none-eabi/lib/thumb\libg.a(lib_a-fvwrite.o)
 .comment       0x0000000000000066       0x23 c:/devkitpro/devkitarm/bin/../lib/gcc/arm-none-eabi/9.1.0/../../../../arm-none-eabi/lib/thumb\libg.a(lib_a-fwalk.o)
 .comment       0x0000000000000066       0x23 c:/devkitpro/devkitarm/bin/../lib/gcc/arm-none-eabi/9.1.0/../../../../arm-none-eabi/lib/thumb\libg.a(lib_a-impure.o)
 .comment       0x0000000000000066       0x23 c:/devkitpro/devkitarm/bin/../lib/gcc/arm-none-eabi/9.1.0/../../../../arm-none-eabi/lib/thumb\libg.a(lib_a-iswspace.o)
 .comment       0x0000000000000066       0x23 c:/devkitpro/devkitarm/bin/../lib/gcc/arm-none-eabi/9.1.0/../../../../arm-none-eabi/lib/thumb\libg.a(lib_a-localeconv.o)
 .comment       0x0000000000000066       0x23 c:/devkitpro/devkitarm/bin/../lib/gcc/arm-none-eabi/9.1.0/../../../../arm-none-eabi/lib/thumb\libg.a(lib_a-locale.o)
 .comment       0x0000000000000066       0x23 c:/devkitpro/devkitarm/bin/../lib/gcc/arm-none-eabi/9.1.0/../../../../arm-none-eabi/lib/thumb\libg.a(lib_a-makebuf.o)
 .comment       0x0000000000000066       0x23 c:/devkitpro/devkitarm/bin/../lib/gcc/arm-none-eabi/9.1.0/../../../../arm-none-eabi/lib/thumb\libg.a(lib_a-mbrtowc.o)
 .comment       0x0000000000000066       0x23 c:/devkitpro/devkitarm/bin/../lib/gcc/arm-none-eabi/9.1.0/../../../../arm-none-eabi/lib/thumb\libg.a(lib_a-mbtowc_r.o)
 .comment       0x0000000000000066       0x23 c:/devkitpro/devkitarm/bin/../lib/gcc/arm-none-eabi/9.1.0/../../../../arm-none-eabi/lib/thumb\libg.a(lib_a-memchr-stub.o)
 .comment       0x0000000000000066       0x23 c:/devkitpro/devkitarm/bin/../lib/gcc/arm-none-eabi/9.1.0/../../../../arm-none-eabi/lib/thumb\libg.a(lib_a-memmove.o)
 .comment       0x0000000000000066       0x23 c:/devkitpro/devkitarm/bin/../lib/gcc/arm-none-eabi/9.1.0/../../../../arm-none-eabi/lib/thumb\libg.a(lib_a-sccl.o)
 .comment       0x0000000000000066       0x23 c:/devkitpro/devkitarm/bin/../lib/gcc/arm-none-eabi/9.1.0/../../../../arm-none-eabi/lib/thumb\libg.a(lib_a-strncpy.o)
 .comment       0x0000000000000066       0x23 c:/devkitpro/devkitarm/bin/../lib/gcc/arm-none-eabi/9.1.0/../../../../arm-none-eabi/lib/thumb\libg.a(lib_a-strtoll.o)
 .comment       0x0000000000000066       0x23 c:/devkitpro/devkitarm/bin/../lib/gcc/arm-none-eabi/9.1.0/../../../../arm-none-eabi/lib/thumb\libg.a(lib_a-strtol.o)
 .comment       0x0000000000000066       0x23 c:/devkitpro/devkitarm/bin/../lib/gcc/arm-none-eabi/9.1.0/../../../../arm-none-eabi/lib/thumb\libg.a(lib_a-strtoull.o)
 .comment       0x0000000000000066       0x23 c:/devkitpro/devkitarm/bin/../lib/gcc/arm-none-eabi/9.1.0/../../../../arm-none-eabi/lib/thumb\libg.a(lib_a-strtoul.o)
 .comment       0x0000000000000066       0x23 c:/devkitpro/devkitarm/bin/../lib/gcc/arm-none-eabi/9.1.0/../../../../arm-none-eabi/lib/thumb\libg.a(lib_a-svfiprintf.o)
 .comment       0x0000000000000066       0x23 c:/devkitpro/devkitarm/bin/../lib/gcc/arm-none-eabi/9.1.0/../../../../arm-none-eabi/lib/thumb\libg.a(lib_a-wcsnrtombs.o)
 .comment       0x0000000000000066       0x23 c:/devkitpro/devkitarm/bin/../lib/gcc/arm-none-eabi/9.1.0/../../../../arm-none-eabi/lib/thumb\libg.a(lib_a-wctomb_r.o)
 .comment       0x0000000000000066       0x23 c:/devkitpro/devkitarm/bin/../lib/gcc/arm-none-eabi/9.1.0/../../../../arm-none-eabi/lib/thumb\libg.a(lib_a-fclose.o)
 .comment       0x0000000000000066       0x23 c:/devkitpro/devkitarm/bin/../lib/gcc/arm-none-eabi/9.1.0/../../../../arm-none-eabi/lib/thumb\libg.a(lib_a-iswspace_l.o)
 .comment       0x0000000000000066       0x23 c:/devkitpro/devkitarm/bin/../lib/gcc/arm-none-eabi/9.1.0/../../../../arm-none-eabi/lib/thumb\libg.a(lib_a-jp2uc.o)
 .comment       0x0000000000000066       0x23 c:/devkitpro/devkitarm/bin/../lib/gcc/arm-none-eabi/9.1.0/../../../../arm-none-eabi/lib/thumb\libg.a(lib_a-categories.o)
 .comment       0x0000000000000066       0x23 c:/devkitpro/devkitarm/bin/../lib/gcc/arm-none-eabi/9.1.0/../../../../arm-none-eabi/lib/thumb\libsysbase.a(iosupport.o)
 .comment       0x0000000000000066       0x23 c:/devkitpro/devkitarm/bin/../lib/gcc/arm-none-eabi/9.1.0/../../../../arm-none-eabi/lib/thumb\libsysbase.a(fstat.o)
 .comment       0x0000000000000066       0x23 c:/devkitpro/devkitarm/bin/../lib/gcc/arm-none-eabi/9.1.0/../../../../arm-none-eabi/lib/thumb\libsysbase.a(isatty.o)
 .comment       0x0000000000000066       0x23 c:/devkitpro/devkitarm/bin/../lib/gcc/arm-none-eabi/9.1.0/../../../../arm-none-eabi/lib/thumb\libsysbase.a(lseek.o)
 .comment       0x0000000000000066       0x23 c:/devkitpro/devkitarm/bin/../lib/gcc/arm-none-eabi/9.1.0/../../../../arm-none-eabi/lib/thumb\libsysbase.a(read.o)
 .comment       0x0000000000000066       0x23 c:/devkitpro/devkitarm/bin/../lib/gcc/arm-none-eabi/9.1.0/../../../../arm-none-eabi/lib/thumb\libsysbase.a(sbrk.o)
 .comment       0x0000000000000066       0x23 c:/devkitpro/devkitarm/bin/../lib/gcc/arm-none-eabi/9.1.0/../../../../arm-none-eabi/lib/thumb\libsysbase.a(write.o)
 .comment       0x0000000000000066       0x23 c:/devkitpro/devkitarm/bin/../lib/gcc/arm-none-eabi/9.1.0/../../../../arm-none-eabi/lib/thumb\libsysbase.a(malloc_vars.o)
 .comment       0x0000000000000066       0x23 c:/devkitpro/devkitarm/bin/../lib/gcc/arm-none-eabi/9.1.0/../../../../arm-none-eabi/lib/thumb\libsysbase.a(build_argv.o)
 .comment       0x0000000000000066       0x23 c:/devkitpro/devkitarm/bin/../lib/gcc/arm-none-eabi/9.1.0/../../../../arm-none-eabi/lib/thumb\libsysbase.a(flock.o)
 .comment       0x0000000000000066       0x23 c:/devkitpro/devkitarm/bin/../lib/gcc/arm-none-eabi/9.1.0/../../../../arm-none-eabi/lib/thumb\libsysbase.a(syscall_support.o)
 .comment       0x0000000000000066       0x23 c:/devkitpro/devkitarm/bin/../lib/gcc/arm-none-eabi/9.1.0/../../../../arm-none-eabi/lib/thumb\libsysbase.a(handle_manager.o)
 .comment       0x0000000000000066       0x23 c:/devkitpro/devkitarm/bin/../lib/gcc/arm-none-eabi/9.1.0/../../../../arm-none-eabi/lib/thumb\libsysbase.a(getreent.o)
 .comment       0x0000000000000066       0x23 c:/devkitpro/devkitarm/bin/../lib/gcc/arm-none-eabi/9.1.0/thumb\libgcc.a(_udivmoddi4.o)
 .comment       0x0000000000000066       0x23 c:/devkitpro/devkitarm/bin/../lib/gcc/arm-none-eabi/9.1.0/thumb/crtend.o

.ARM.attributes
                0x0000000000000000       0x2d
 .ARM.attributes
                0x0000000000000000       0x21 c:/devkitpro/devkitarm/bin/../lib/gcc/arm-none-eabi/9.1.0/../../../../arm-none-eabi/lib/thumb/ds_arm9_crt0.o
 .ARM.attributes
                0x0000000000000021       0x1c c:/devkitpro/devkitarm/bin/../lib/gcc/arm-none-eabi/9.1.0/thumb/crti.o
 .ARM.attributes
                0x000000000000003d       0x2a c:/devkitpro/devkitarm/bin/../lib/gcc/arm-none-eabi/9.1.0/thumb/crtbegin.o
 .ARM.attributes
                0x0000000000000067       0x27 main.o
 .ARM.attributes
                0x000000000000008e       0x27 player.o
 .ARM.attributes
                0x00000000000000b5       0x27 C:/devkitPro/libnds/lib\libgl2d.a(gl2d.o)
 .ARM.attributes
                0x00000000000000dc       0x2b C:/devkitPro/libnds/lib\libnds9.a(console.o)
 .ARM.attributes
                0x0000000000000107       0x2b C:/devkitPro/libnds/lib\libnds9.a(trig.o)
 .ARM.attributes
                0x0000000000000132       0x2b C:/devkitPro/libnds/lib\libnds9.a(videoGL.o)
 .ARM.attributes
                0x000000000000015d       0x2b C:/devkitPro/libnds/lib\libnds9.a(keys.o)
 .ARM.attributes
                0x0000000000000188       0x2b C:/devkitPro/libnds/lib\libnds9.a(initSystem.o)
 .ARM.attributes
                0x00000000000001b3       0x2b C:/devkitPro/libnds/lib\libnds9.a(timeSupport.o)
 .ARM.attributes
                0x00000000000001de       0x2b C:/devkitPro/libnds/lib\libnds9.a(securearea.o)
 .ARM.attributes
                0x0000000000000209       0x2b C:/devkitPro/libnds/lib\libnds9.a(interrupts.o)
 .ARM.attributes
                0x0000000000000234       0x2b C:/devkitPro/libnds/lib\libnds9.a(libnds_exit.arm.o)
 .ARM.attributes
                0x000000000000025f       0x2b C:/devkitPro/libnds/lib\libnds9.a(fifosystem.o)
 .ARM.attributes
                0x000000000000028a       0x21 C:/devkitPro/libnds/lib\libnds9.a(mpu_setup.o)
 .ARM.attributes
                0x00000000000002ab       0x21 C:/devkitPro/libnds/lib\libnds9.a(IntrWait.o)
 .ARM.attributes
                0x00000000000002cc       0x21 C:/devkitPro/libnds/lib\libnds9.a(cpu_clock.o)
 .ARM.attributes
                0x00000000000002ed       0x1b C:/devkitPro/libnds/lib\libnds9.a(interruptDispatcher.o)
 .ARM.attributes
                0x0000000000000308       0x21 C:/devkitPro/libnds/lib\libnds9.a(swiSoftReset.o)
 .ARM.attributes
                0x0000000000000329       0x1b C:/devkitPro/libnds/lib\libnds9.a(biosCalls.o)
 .ARM.attributes
                0x0000000000000344       0x14 C:/devkitPro/libnds/lib\libnds9.a(default_font.bin.o)
 .ARM.attributes
                0x0000000000000358       0x2b C:/devkitPro/libnds/lib\libnds9.a(background.o)
 .ARM.attributes
                0x0000000000000383       0x2b C:/devkitPro/libnds/lib\libnds9.a(dynamicArray.o)
 .ARM.attributes
                0x00000000000003ae       0x2b C:/devkitPro/libnds/lib\libnds9.a(video.o)
 .ARM.attributes
                0x00000000000003d9       0x2b C:/devkitPro/libnds/lib\libnds9.a(system.o)
 .ARM.attributes
                0x0000000000000404       0x1c c:/devkitpro/devkitarm/bin/../lib/gcc/arm-none-eabi/9.1.0/thumb\libgcc.a(_arm_mulsf3.o)
 .ARM.attributes
                0x0000000000000420       0x1c c:/devkitpro/devkitarm/bin/../lib/gcc/arm-none-eabi/9.1.0/thumb\libgcc.a(_divsi3.o)
 .ARM.attributes
                0x000000000000043c       0x1c c:/devkitpro/devkitarm/bin/../lib/gcc/arm-none-eabi/9.1.0/thumb\libgcc.a(_dvmd_tls.o)
 .ARM.attributes
                0x0000000000000458       0x1c c:/devkitpro/devkitarm/bin/../lib/gcc/arm-none-eabi/9.1.0/thumb\libgcc.a(_arm_addsubdf3.o)
 .ARM.attributes
                0x0000000000000474       0x1c c:/devkitpro/devkitarm/bin/../lib/gcc/arm-none-eabi/9.1.0/thumb\libgcc.a(_arm_cmpdf2.o)
 .ARM.attributes
                0x0000000000000490       0x1c c:/devkitpro/devkitarm/bin/../lib/gcc/arm-none-eabi/9.1.0/thumb\libgcc.a(_arm_truncdfsf2.o)
 .ARM.attributes
                0x00000000000004ac       0x1c c:/devkitpro/devkitarm/bin/../lib/gcc/arm-none-eabi/9.1.0/thumb\libgcc.a(_arm_addsubsf3.o)
 .ARM.attributes
                0x00000000000004c8       0x1c c:/devkitpro/devkitarm/bin/../lib/gcc/arm-none-eabi/9.1.0/thumb\libgcc.a(_arm_cmpsf2.o)
 .ARM.attributes
                0x00000000000004e4       0x1c c:/devkitpro/devkitarm/bin/../lib/gcc/arm-none-eabi/9.1.0/thumb\libgcc.a(_arm_fixsfsi.o)
 .ARM.attributes
                0x0000000000000500       0x2a c:/devkitpro/devkitarm/bin/../lib/gcc/arm-none-eabi/9.1.0/thumb\libgcc.a(_muldi3.o)
 .ARM.attributes
                0x000000000000052a       0x2a c:/devkitpro/devkitarm/bin/../lib/gcc/arm-none-eabi/9.1.0/../../../../arm-none-eabi/lib/thumb\libg.a(lib_a-calloc.o)
 .ARM.attributes
                0x0000000000000554       0x2a c:/devkitpro/devkitarm/bin/../lib/gcc/arm-none-eabi/9.1.0/../../../../arm-none-eabi/lib/thumb\libg.a(lib_a-callocr.o)
 .ARM.attributes
                0x000000000000057e       0x2a c:/devkitpro/devkitarm/bin/../lib/gcc/arm-none-eabi/9.1.0/../../../../arm-none-eabi/lib/thumb\libg.a(lib_a-init.o)
 .ARM.attributes
                0x00000000000005a8       0x2a c:/devkitpro/devkitarm/bin/../lib/gcc/arm-none-eabi/9.1.0/../../../../arm-none-eabi/lib/thumb\libg.a(lib_a-iprintf.o)
 .ARM.attributes
                0x00000000000005d2       0x2a c:/devkitpro/devkitarm/bin/../lib/gcc/arm-none-eabi/9.1.0/../../../../arm-none-eabi/lib/thumb\libg.a(lib_a-malloc.o)
 .ARM.attributes
                0x00000000000005fc       0x2a c:/devkitpro/devkitarm/bin/../lib/gcc/arm-none-eabi/9.1.0/../../../../arm-none-eabi/lib/thumb\libg.a(lib_a-mallocr.o)
 .ARM.attributes
                0x0000000000000626       0x2a c:/devkitpro/devkitarm/bin/../lib/gcc/arm-none-eabi/9.1.0/../../../../arm-none-eabi/lib/thumb\libg.a(lib_a-memcpy-stub.o)
 .ARM.attributes
                0x0000000000000650       0x2a c:/devkitpro/devkitarm/bin/../lib/gcc/arm-none-eabi/9.1.0/../../../../arm-none-eabi/lib/thumb\libg.a(lib_a-memset.o)
 .ARM.attributes
                0x000000000000067a       0x2a c:/devkitpro/devkitarm/bin/../lib/gcc/arm-none-eabi/9.1.0/../../../../arm-none-eabi/lib/thumb\libg.a(lib_a-mlock.o)
 .ARM.attributes
                0x00000000000006a4       0x2a c:/devkitpro/devkitarm/bin/../lib/gcc/arm-none-eabi/9.1.0/../../../../arm-none-eabi/lib/thumb\libg.a(lib_a-realloc.o)
 .ARM.attributes
                0x00000000000006ce       0x2a c:/devkitpro/devkitarm/bin/../lib/gcc/arm-none-eabi/9.1.0/../../../../arm-none-eabi/lib/thumb\libg.a(lib_a-reallocr.o)
 .ARM.attributes
                0x00000000000006f8       0x2a c:/devkitpro/devkitarm/bin/../lib/gcc/arm-none-eabi/9.1.0/../../../../arm-none-eabi/lib/thumb\libg.a(lib_a-setvbuf.o)
 .ARM.attributes
                0x0000000000000722       0x2a c:/devkitpro/devkitarm/bin/../lib/gcc/arm-none-eabi/9.1.0/../../../../arm-none-eabi/lib/thumb\libg.a(lib_a-siscanf.o)
 .ARM.attributes
                0x000000000000074c       0x2a c:/devkitpro/devkitarm/bin/../lib/gcc/arm-none-eabi/9.1.0/../../../../arm-none-eabi/lib/thumb\libg.a(lib_a-stdio.o)
 .ARM.attributes
                0x0000000000000776       0x2a c:/devkitpro/devkitarm/bin/../lib/gcc/arm-none-eabi/9.1.0/../../../../arm-none-eabi/lib/thumb\libg.a(lib_a-strlen-stub.o)
 .ARM.attributes
                0x00000000000007a0       0x2a c:/devkitpro/devkitarm/bin/../lib/gcc/arm-none-eabi/9.1.0/../../../../arm-none-eabi/lib/thumb\libg.a(lib_a-svfiscanf.o)
 .ARM.attributes
                0x00000000000007ca       0x2a c:/devkitpro/devkitarm/bin/../lib/gcc/arm-none-eabi/9.1.0/../../../../arm-none-eabi/lib/thumb\libg.a(lib_a-ungetc.o)
 .ARM.attributes
                0x00000000000007f4       0x2a c:/devkitpro/devkitarm/bin/../lib/gcc/arm-none-eabi/9.1.0/../../../../arm-none-eabi/lib/thumb\libg.a(lib_a-vfiprintf.o)
 .ARM.attributes
                0x000000000000081e       0x2a c:/devkitpro/devkitarm/bin/../lib/gcc/arm-none-eabi/9.1.0/../../../../arm-none-eabi/lib/thumb\libg.a(lib_a-wcrtomb.o)
 .ARM.attributes
                0x0000000000000848       0x2a c:/devkitpro/devkitarm/bin/../lib/gcc/arm-none-eabi/9.1.0/../../../../arm-none-eabi/lib/thumb\libg.a(lib_a-wcsrtombs.o)
 .ARM.attributes
                0x0000000000000872       0x2a c:/devkitpro/devkitarm/bin/../lib/gcc/arm-none-eabi/9.1.0/../../../../arm-none-eabi/lib/thumb\libg.a(lib_a-wsetup.o)
 .ARM.attributes
                0x000000000000089c       0x2a c:/devkitpro/devkitarm/bin/../lib/gcc/arm-none-eabi/9.1.0/../../../../arm-none-eabi/lib/thumb\libg.a(lib_a-ctype_.o)
 .ARM.attributes
                0x00000000000008c6       0x2a c:/devkitpro/devkitarm/bin/../lib/gcc/arm-none-eabi/9.1.0/../../../../arm-none-eabi/lib/thumb\libg.a(lib_a-fflush.o)
 .ARM.attributes
                0x00000000000008f0       0x2a c:/devkitpro/devkitarm/bin/../lib/gcc/arm-none-eabi/9.1.0/../../../../arm-none-eabi/lib/thumb\libg.a(lib_a-findfp.o)
 .ARM.attributes
                0x000000000000091a       0x2a c:/devkitpro/devkitarm/bin/../lib/gcc/arm-none-eabi/9.1.0/../../../../arm-none-eabi/lib/thumb\libg.a(lib_a-freer.o)
 .ARM.attributes
                0x0000000000000944       0x2a c:/devkitpro/devkitarm/bin/../lib/gcc/arm-none-eabi/9.1.0/../../../../arm-none-eabi/lib/thumb\libg.a(lib_a-fvwrite.o)
 .ARM.attributes
                0x000000000000096e       0x2a c:/devkitpro/devkitarm/bin/../lib/gcc/arm-none-eabi/9.1.0/../../../../arm-none-eabi/lib/thumb\libg.a(lib_a-fwalk.o)
 .ARM.attributes
                0x0000000000000998       0x30 c:/devkitpro/devkitarm/bin/../lib/gcc/arm-none-eabi/9.1.0/../../../../arm-none-eabi/lib/thumb\libg.a(lib_a-impure.o)
 .ARM.attributes
                0x00000000000009c8       0x2a c:/devkitpro/devkitarm/bin/../lib/gcc/arm-none-eabi/9.1.0/../../../../arm-none-eabi/lib/thumb\libg.a(lib_a-iswspace.o)
 .ARM.attributes
                0x00000000000009f2       0x2a c:/devkitpro/devkitarm/bin/../lib/gcc/arm-none-eabi/9.1.0/../../../../arm-none-eabi/lib/thumb\libg.a(lib_a-localeconv.o)
 .ARM.attributes
                0x0000000000000a1c       0x2a c:/devkitpro/devkitarm/bin/../lib/gcc/arm-none-eabi/9.1.0/../../../../arm-none-eabi/lib/thumb\libg.a(lib_a-locale.o)
 .ARM.attributes
                0x0000000000000a46       0x2a c:/devkitpro/devkitarm/bin/../lib/gcc/arm-none-eabi/9.1.0/../../../../arm-none-eabi/lib/thumb\libg.a(lib_a-makebuf.o)
 .ARM.attributes
                0x0000000000000a70       0x2a c:/devkitpro/devkitarm/bin/../lib/gcc/arm-none-eabi/9.1.0/../../../../arm-none-eabi/lib/thumb\libg.a(lib_a-mbrtowc.o)
 .ARM.attributes