Archive member included to satisfy reference by file (symbol)

C:/devkitPro/libnds/lib\libgl2d.a(gl2d.o)
                              main.o (glScreen2D)
C:/devkitPro/libnds/lib\libnds9.a(console.o)
                              main.o (consoleDemoInit)
C:/devkitPro/libnds/lib\libnds9.a(trig.o)
                              C:/devkitPro/libnds/lib\libgl2d.a(gl2d.o) (sinLerp)
C:/devkitPro/libnds/lib\libnds9.a(videoGL.o)
                              C:/devkitPro/libnds/lib\libgl2d.a(gl2d.o) (glGlobalData)
C:/devkitPro/libnds/lib\libnds9.a(keys.o)
                              main.o (scanKeys)
C:/devkitPro/libnds/lib\libnds9.a(initSystem.o)
                              c:/devkitpro/devkitarm/bin/../lib/gcc/arm-none-eabi/9.1.0/../../../../arm-none-eabi/lib/thumb/ds_arm9_crt0.o (initSystem)
C:/devkitPro/libnds/lib\libnds9.a(timeSupport.o)
                              C:/devkitPro/libnds/lib\libnds9.a(initSystem.o) (__libnds_gtod)
C:/devkitPro/libnds/lib\libnds9.a(securearea.o)
                              c:/devkitpro/devkitarm/bin/../lib/gcc/arm-none-eabi/9.1.0/../../../../arm-none-eabi/lib/thumb/ds_arm9_crt0.o (__secure_area__)
C:/devkitPro/libnds/lib\libnds9.a(interrupts.o)
                              main.o (irqSet)
C:/devkitPro/libnds/lib\libnds9.a(libnds_exit.arm.o)
                              c:/devkitpro/devkitarm/bin/../lib/gcc/arm-none-eabi/9.1.0/../../../../arm-none-eabi/lib/thumb/ds_arm9_crt0.o (__libnds_exit)
C:/devkitPro/libnds/lib\libnds9.a(fifosystem.o)
                              C:/devkitPro/libnds/lib\libnds9.a(initSystem.o) (fifoSetValue32Handler)
C:/devkitPro/libnds/lib\libnds9.a(mpu_setup.o)
                              c:/devkitpro/devkitarm/bin/../lib/gcc/arm-none-eabi/9.1.0/../../../../arm-none-eabi/lib/thumb/ds_arm9_crt0.o (__libnds_mpu_setup)
C:/devkitPro/libnds/lib\libnds9.a(IntrWait.o)
                              main.o (swiWaitForVBlank)
C:/devkitPro/libnds/lib\libnds9.a(cpu_clock.o)
                              C:/devkitPro/libnds/lib\libnds9.a(initSystem.o) (setCpuClock)
C:/devkitPro/libnds/lib\libnds9.a(interruptDispatcher.o)
                              C:/devkitPro/libnds/lib\libnds9.a(interrupts.o) (IntrMain)
C:/devkitPro/libnds/lib\libnds9.a(debugprint.o)
                              C:/devkitPro/libnds/lib\libnds9.a(console.o) (nocashWrite)
C:/devkitPro/libnds/lib\libnds9.a(swiSoftReset.o)
                              C:/devkitPro/libnds/lib\libnds9.a(fifosystem.o) (swiSoftReset)
C:/devkitPro/libnds/lib\libnds9.a(biosCalls.o)
                              C:/devkitPro/libnds/lib\libnds9.a(videoGL.o) (swiCopy)
C:/devkitPro/libnds/lib\libnds9.a(default_font.bin.o)
                              C:/devkitPro/libnds/lib\libnds9.a(console.o) (default_font_bin)
C:/devkitPro/libnds/lib\libnds9.a(background.o)
                              C:/devkitPro/libnds/lib\libnds9.a(console.o) (bgState)
C:/devkitPro/libnds/lib\libnds9.a(dynamicArray.o)
                              C:/devkitPro/libnds/lib\libnds9.a(videoGL.o) (DynamicArrayInit)
C:/devkitPro/libnds/lib\libnds9.a(video.o)
                              C:/devkitPro/libnds/lib\libnds9.a(videoGL.o) (vramSetBanks_EFG)
C:/devkitPro/libnds/lib\libnds9.a(system.o)
                              C:/devkitPro/libnds/lib\libnds9.a(initSystem.o) (systemValueHandler)
c:/devkitpro/devkitarm/bin/../lib/gcc/arm-none-eabi/9.1.0/thumb\libgcc.a(_divsi3.o)
                              C:/devkitPro/libnds/lib\libgl2d.a(gl2d.o) (__aeabi_idiv)
c:/devkitpro/devkitarm/bin/../lib/gcc/arm-none-eabi/9.1.0/thumb\libgcc.a(_dvmd_tls.o)
                              c:/devkitpro/devkitarm/bin/../lib/gcc/arm-none-eabi/9.1.0/thumb\libgcc.a(_divsi3.o) (__aeabi_idiv0)
c:/devkitpro/devkitarm/bin/../lib/gcc/arm-none-eabi/9.1.0/thumb\libgcc.a(_arm_addsubdf3.o)
                              player.o (__aeabi_dsub)
c:/devkitpro/devkitarm/bin/../lib/gcc/arm-none-eabi/9.1.0/thumb\libgcc.a(_arm_cmpdf2.o)
                              player.o (__aeabi_dcmple)
c:/devkitpro/devkitarm/bin/../lib/gcc/arm-none-eabi/9.1.0/thumb\libgcc.a(_arm_truncdfsf2.o)
                              player.o (__aeabi_d2f)
c:/devkitpro/devkitarm/bin/../lib/gcc/arm-none-eabi/9.1.0/thumb\libgcc.a(_arm_addsubsf3.o)
                              player.o (__aeabi_fadd)
c:/devkitpro/devkitarm/bin/../lib/gcc/arm-none-eabi/9.1.0/thumb\libgcc.a(_arm_cmpsf2.o)
                              player.o (__aeabi_fcmplt)
c:/devkitpro/devkitarm/bin/../lib/gcc/arm-none-eabi/9.1.0/thumb\libgcc.a(_arm_fixsfsi.o)
                              player.o (__aeabi_f2iz)
c:/devkitpro/devkitarm/bin/../lib/gcc/arm-none-eabi/9.1.0/thumb\libgcc.a(_muldi3.o)
                              C:/devkitPro/libnds/lib\libgl2d.a(gl2d.o) (__aeabi_lmul)
c:/devkitpro/devkitarm/bin/../lib/gcc/arm-none-eabi/9.1.0/../../../../arm-none-eabi/lib/thumb\libg.a(lib_a-bsearch.o)
                              C:/devkitPro/libnds/lib\libnds9.a(trig.o) (bsearch)
[...]
Memory Configuration

Name             Origin             Length             Attributes
ewram            0x0000000002000000 0x0000000000380000
dtcm             0x000000000b000000 0x0000000000004000
vectors          0x0000000001000000 0x0000000000000100
itcm             0x0000000001000100 0x0000000000007f00
*default*        0x0000000000000000 0xffffffffffffffff

Linker script and memory map

                0x0000000002380000                __ewram_end = (ORIGIN (ewram) + LENGTH (ewram))
                0x0000000002380000                __eheap_end = (ORIGIN (ewram) + LENGTH (ewram))
                0x000000000b004000                __dtcm_top = (ORIGIN (dtcm) + LENGTH (dtcm))
                0x000000000b003ff8                __irq_flags = (__dtcm_top - 0x8)
                0x000000000b003ffc                __irq_vector = (__dtcm_top - 0x4)
                0x000000000b003f00                __sp_svc = (__dtcm_top - 0x100)
                0x000000000b003e00                __sp_irq = (__sp_svc - 0x100)
                0x000000000b003d00                __sp_usr = (__sp_irq - 0x100)

.secure         0x0000000002000000      0x800
 *(.secure)
 .secure        0x0000000002000000      0x800 C:/devkitPro/libnds/lib\libnds9.a(securearea.o)
                0x0000000002000000                __secure_area__

.crt0           0x0000000002000800      0x300
                0x0000000002000800                __text_start = .
 *(.crt0)
 .crt0          0x0000000002000800      0x300 c:/devkitpro/devkitarm/bin/../lib/gcc/arm-none-eabi/9.1.0/../../../../arm-none-eabi/lib/thumb/ds_arm9_crt0.o
                0x0000000002000800                _start
                0x0000000002000b00                . = ALIGN (0x4)

.plt
 *(.plt)

.init           0x0000000002000b00        0xc
 *(SORT_NONE(.init))
 .init          0x0000000002000b00        0x4 c:/devkitpro/devkitarm/bin/../lib/gcc/arm-none-eabi/9.1.0/thumb/crti.o
                0x0000000002000b00                _init
 .init          0x0000000002000b04        0x8 c:/devkitpro/devkitarm/bin/../lib/gcc/arm-none-eabi/9.1.0/thumb/crtn.o

.text           0x0000000002000b10     0xc718
 *(EXCLUDE_FILE(*.twl* *.vectors* *.itcm*) .text)
 .text          0x0000000002000b10       0x10 main.o
                0x0000000002000b10                Vblank
 .text          0x0000000002000b20      0x160 player.o
                0x0000000002000b20                playerMoveRight
                0x0000000002000b74                playerMoveLeft
                0x0000000002000bc8                playerMoveStop
                0x0000000002000c14                playerMoveUpdate
 .text          0x0000000002000c80     0x1768 C:/devkitPro/libnds/lib\libgl2d.a(gl2d.o)
                0x0000000002000c80                SetOrtho
                0x0000000002000e24                glScreen2D
                0x0000000002001398                glBegin2D
                0x0000000002001418                glEnd2D
                0x0000000002001434                glPutPixel
                0x0000000002001490                glLine
                0x0000000002001500                glBox
                0x00000000020015b0                glBoxFilled
                0x0000000002001638                glBoxFilledGradient
                0x00000000020016d8                glTriangle
                0x0000000002001758                glTriangleFilled
                0x00000000020017d0                glTriangleFilledGradient
                0x0000000002001858                glSprite
                0x000000000200194c                glSpriteScale
                0x0000000002001a60                glSpriteScaleXY
                0x0000000002001b6c                glSpriteRotate
                0x0000000002001ce4                glSpriteRotateScale
                0x0000000002001e6c                glSpriteRotateScaleXY
                0x0000000002001ff8                glSpriteStretchHorizontal
                0x0000000002002164                glSpriteOnQuad
                0x000000000200228c                glLoadSpriteSet
                0x000000000200231c                glLoadTileSet
 .text          0x00000000020023e8      0x150 c:/devkitpro/devkitarm/bin/../lib/gcc/arm-none-eabi/9.1.0/thumb\libgcc.a(_divsi3.o)
                0x00000000020023e8                __divsi3
                0x00000000020023e8                __aeabi_idiv
                0x0000000002002518                __aeabi_idivmod
 .text          0x0000000002002538        0x4 c:/devkitpro/devkitarm/bin/../lib/gcc/arm-none-eabi/9.1.0/thumb\libgcc.a(_dvmd_tls.o)
                0x0000000002002538                __aeabi_idiv0
                0x0000000002002538                __aeabi_ldiv0
 .text          0x000000000200253c      0x424 c:/devkitpro/devkitarm/bin/../lib/gcc/arm-none-eabi/9.1.0/thumb\libgcc.a(_arm_addsubdf3.o)
                0x000000000200253c                __aeabi_drsub
                0x0000000002002544                __aeabi_dsub
                0x0000000002002544                __subdf3
                0x0000000002002548                __aeabi_dadd
                0x0000000002002548                __adddf3
                0x0000000002002858                __floatunsidf
                0x0000000002002858                __aeabi_ui2d
                0x000000000200287c                __floatsidf
                0x000000000200287c                __aeabi_i2d
                0x00000000020028a4                __aeabi_f2d
                0x00000000020028a4                __extendsfdf2
                0x00000000020028ec                __floatundidf
                0x00000000020028ec                __aeabi_ul2d
                0x0000000002002900                __floatdidf
                0x0000000002002900                __aeabi_l2d
 .text          0x0000000002002960      0x144 c:/devkitpro/devkitarm/bin/../lib/gcc/arm-none-eabi/9.1.0/thumb\libgcc.a(_arm_cmpdf2.o)
                0x0000000002002960                __gtdf2
                0x0000000002002960                __gedf2
                0x0000000002002968                __ltdf2
                0x0000000002002968                __ledf2
                0x0000000002002970                __nedf2
                0x0000000002002970                __eqdf2
                0x0000000002002970                __cmpdf2
                0x00000000020029f8                __aeabi_cdrcmple
                0x0000000002002a14                __aeabi_cdcmpeq
                0x0000000002002a14                __aeabi_cdcmple
                0x0000000002002a2c                __aeabi_dcmpeq
                0x0000000002002a44                __aeabi_dcmplt
                0x0000000002002a5c                __aeabi_dcmple
                0x0000000002002a74                __aeabi_dcmpge
                0x0000000002002a8c                __aeabi_dcmpgt
 .text          0x0000000002002aa4       0xa0 c:/devkitpro/devkitarm/bin/../lib/gcc/arm-none-eabi/9.1.0/thumb\libgcc.a(_arm_truncdfsf2.o)
                0x0000000002002aa4                __truncdfsf2
                0x0000000002002aa4                __aeabi_d2f
 .text          0x0000000002002b44      0x2ac c:/devkitpro/devkitarm/bin/../lib/gcc/arm-none-eabi/9.1.0/thumb\libgcc.a(_arm_addsubsf3.o)
                0x0000000002002b44                __aeabi_frsub
                0x0000000002002b4c                __subsf3
                0x0000000002002b4c                __aeabi_fsub
                0x0000000002002b50                __aeabi_fadd
                0x0000000002002b50                __addsf3
                0x0000000002002d0c                __aeabi_ui2f
                0x0000000002002d0c                __floatunsisf
                0x0000000002002d14                __aeabi_i2f
                0x0000000002002d14                __floatsisf
                0x0000000002002d34                __aeabi_ul2f
                0x0000000002002d34                __floatundisf
                0x0000000002002d44                __aeabi_l2f
                0x0000000002002d44                __floatdisf
 .text          0x0000000002002df0      0x114 c:/devkitpro/devkitarm/bin/../lib/gcc/arm-none-eabi/9.1.0/thumb\libgcc.a(_arm_cmpsf2.o)
                0x0000000002002df0                __gesf2
                0x0000000002002df0                __gtsf2
                0x0000000002002df8                __lesf2
                0x0000000002002df8                __ltsf2
                0x0000000002002e00                __nesf2
                0x0000000002002e00                __eqsf2
                0x0000000002002e00                __cmpsf2
                0x0000000002002e64                __aeabi_cfrcmple
                0x0000000002002e74                __aeabi_cfcmpeq
                0x0000000002002e74                __aeabi_cfcmple
                0x0000000002002e8c                __aeabi_fcmpeq
                0x0000000002002ea4                __aeabi_fcmplt
                0x0000000002002ebc                __aeabi_fcmple
                0x0000000002002ed4                __aeabi_fcmpge
                0x0000000002002eec                __aeabi_fcmpgt
 .text          0x0000000002002f04       0x5c c:/devkitpro/devkitarm/bin/../lib/gcc/arm-none-eabi/9.1.0/thumb\libgcc.a(_arm_fixsfsi.o)
                0x0000000002002f04                __aeabi_f2iz
                0x0000000002002f04                __fixsfsi
 .text          0x0000000002002f60      0x224 c:/devkitpro/devkitarm/bin/../lib/gcc/arm-none-eabi/9.1.0/../../../../arm-none-eabi/lib/thumb\libg.a(lib_a-strcmp.o)
                0x0000000002002f60                strcmp
 .text          0x0000000002003184       0x14 c:/devkitpro/devkitarm/bin/../lib/gcc/arm-none-eabi/9.1.0/thumb\libgcc.a(_thumb1_case_uqi.o)
                0x0000000002003184                __gnu_thumb1_case_uqi
 .text          0x0000000002003198       0x14 c:/devkitpro/devkitarm/bin/../lib/gcc/arm-none-eabi/9.1.0/thumb\libgcc.a(_thumb1_case_uhi.o)
                0x0000000002003198                __gnu_thumb1_case_uhi
 .text          0x00000000020031ac      0x11c c:/devkitpro/devkitarm/bin/../lib/gcc/arm-none-eabi/9.1.0/thumb\libgcc.a(_udivsi3.o)
                0x00000000020031ac                __aeabi_uidiv
                0x00000000020031ac                __udivsi3
                0x00000000020032a8                __aeabi_uidivmod
 .text          0x00000000020032c8       0x3c c:/devkitpro/devkitarm/bin/../lib/gcc/arm-none-eabi/9.1.0/thumb\libgcc.a(_aeabi_uldivmod.o)
                0x00000000020032c8                __aeabi_uldivmod
 .text          0x0000000002003304       0x28 c:/devkitpro/devkitarm/bin/../lib/gcc/arm-none-eabi/9.1.0/thumb\libgcc.a(_clzdi2.o)
                0x0000000002003304                __clzdi2
 .text          0x000000000200332c       0x48 c:/devkitpro/devkitarm/bin/../lib/gcc/arm-none-eabi/9.1.0/thumb\libgcc.a(_clzsi2.o)
                0x000000000200332c                __clzsi2
 *(EXCLUDE_FILE(*.twl* *.vectors* *.itcm*) .stub)
 *(EXCLUDE_FILE(*.twl* *.vectors* *.itcm*) .text.*)
 .text.deregister_tm_clones
                0x0000000002003374       0x2c c:/devkitpro/devkitarm/bin/../lib/gcc/arm-none-eabi/9.1.0/thumb/crtbegin.o
 .text.register_tm_clones
                0x00000000020033a0       0x34 c:/devkitpro/devkitarm/bin/../lib/gcc/arm-none-eabi/9.1.0/thumb/crtbegin.o
 .text.__do_global_dtors_aux
                0x00000000020033d4       0x30 c:/devkitpro/devkitarm/bin/../lib/gcc/arm-none-eabi/9.1.0/thumb/crtbegin.o
 .text.frame_dummy
                0x0000000002003404       0x28 c:/devkitpro/devkitarm/bin/../lib/gcc/arm-none-eabi/9.1.0/thumb/crtbegin.o
 .text.startup  0x000000000200342c       0xdc main.o
                0x000000000200342c                main
 .text.newRow   0x0000000002003508       0xb4 C:/devkitPro/libnds/lib\libnds9.a(console.o)
 .text.consolePrintChar
                0x00000000020035bc       0xec C:/devkitPro/libnds/lib\libnds9.a(console.o)
                0x00000000020035bc                consolePrintChar
 .text.consoleCls
                0x00000000020036a8       0xe0 C:/devkitPro/libnds/lib\libnds9.a(console.o)
 .text.consoleLoadFont
                0x0000000002003788      0x280 C:/devkitPro/libnds/lib\libnds9.a(console.o)
                0x0000000002003788                consoleLoadFont
 .text.consoleInit
                0x0000000002003a08      0x15c C:/devkitPro/libnds/lib\libnds9.a(console.o)
                0x0000000002003a08                consoleInit
 .text.consoleDemoInit
                0x0000000002003b64       0x40 C:/devkitPro/libnds/lib\libnds9.a(console.o)
                0x0000000002003b64                consoleDemoInit
 .text.con_write
                0x0000000002003ba4      0x27c C:/devkitPro/libnds/lib\libnds9.a(console.o)
                0x0000000002003ba4                con_write
 .text.sinLutLookup
                0x0000000002003e20       0x3c C:/devkitPro/libnds/lib\libnds9.a(trig.o)
                0x0000000002003e20                sinLutLookup
 .text.sinLerp  0x0000000002003e5c       0x44 C:/devkitPro/libnds/lib\libnds9.a(trig.o)
                0x0000000002003e5c                sinLerp
 .text.cosLerp  0x0000000002003ea0       0x14 C:/devkitPro/libnds/lib\libnds9.a(trig.o)
                0x0000000002003ea0                cosLerp
 .text.tanLerp  0x0000000002003eb4       0xa8 C:/devkitPro/libnds/lib\libnds9.a(trig.o)
                0x0000000002003eb4                tanLerp
 .text.vramBlock__deallocateBlock.part.0
                0x0000000002003f5c      0x174 C:/devkitPro/libnds/lib\libnds9.a(videoGL.o)
 .text.glMaterialf
                0x00000000020040d0       0x7c C:/devkitPro/libnds/lib\libnds9.a(videoGL.o)
                0x00000000020040d0                glMaterialf
 .text.vramBlock_init
                0x000000000200414c       0x64 C:/devkitPro/libnds/lib\libnds9.a(videoGL.o)
                0x000000000200414c                vramBlock_init
 .text.vramBlock_Construct
                0x00000000020041b0       0x28 C:/devkitPro/libnds/lib\libnds9.a(videoGL.o)
                0x00000000020041b0                vramBlock_Construct
 .text.vramBlock__allocateBlock
                0x00000000020041d8      0x17c C:/devkitPro/libnds/lib\libnds9.a(videoGL.o)
                0x00000000020041d8                vramBlock__allocateBlock
 .text.vramBlock_examineSpecial
                0x0000000002004354      0x244 C:/devkitPro/libnds/lib\libnds9.a(videoGL.o)
                0x0000000002004354                vramBlock_examineSpecial
 .text.vramBlock_allocateSpecial
                0x0000000002004598       0x6c C:/devkitPro/libnds/lib\libnds9.a(videoGL.o)
                0x0000000002004598                vramBlock_allocateSpecial
 .text.vramBlock_allocateBlock
                0x0000000002004604       0x34 C:/devkitPro/libnds/lib\libnds9.a(videoGL.o)
                0x0000000002004604                vramBlock_allocateBlock
 .text.vramBlock_deallocateBlock
                0x0000000002004638       0x48 C:/devkitPro/libnds/lib\libnds9.a(videoGL.o)
                0x0000000002004638                vramBlock_deallocateBlock
 .text.removePaletteFromTexture.part.1
                0x0000000002004680       0x6c C:/devkitPro/libnds/lib\libnds9.a(videoGL.o)
 .text.glInit_C
                0x00000000020046ec      0x1b4 C:/devkitPro/libnds/lib\libnds9.a(videoGL.o)
                0x00000000020046ec                glInit_C
 .text.glGenTextures
                0x00000000020048a0       0x8c C:/devkitPro/libnds/lib\libnds9.a(videoGL.o)
                0x00000000020048a0                glGenTextures
 .text.vramGetBank
                0x000000000200492c       0xc4 C:/devkitPro/libnds/lib\libnds9.a(videoGL.o)
                0x000000000200492c                vramGetBank
 .text.glBindTexture
                0x00000000020049f0       0x60 C:/devkitPro/libnds/lib\libnds9.a(videoGL.o)
                0x00000000020049f0                glBindTexture
 .text.glColorTableEXT
                0x0000000002004a50      0x1e4 C:/devkitPro/libnds/lib\libnds9.a(videoGL.o)
                0x0000000002004a50                glColorTableEXT
 .text.glTexParameter
                0x0000000002004c34       0x38 C:/devkitPro/libnds/lib\libnds9.a(videoGL.o)
                0x0000000002004c34                glTexParameter
 .text.glTexImage2D
                0x0000000002004c6c      0x3a8 C:/devkitPro/libnds/lib\libnds9.a(videoGL.o)
                0x0000000002004c6c                glTexImage2D
 .text.scanKeys
                0x0000000002005014       0x8c C:/devkitPro/libnds/lib\libnds9.a(keys.o)
                0x0000000002005014                scanKeys
 .text.keysHeld
                0x00000000020050a0        0xc C:/devkitPro/libnds/lib\libnds9.a(keys.o)
                0x00000000020050a0                keysHeld
 .text.keysDown
                0x00000000020050ac       0x14 C:/devkitPro/libnds/lib\libnds9.a(keys.o)
                0x00000000020050ac                keysDown
 .text.keysUp   0x00000000020050c0       0x18 C:/devkitPro/libnds/lib\libnds9.a(keys.o)
                0x00000000020050c0                keysUp
 .text.initSystem
                0x00000000020050d8      0x198 C:/devkitPro/libnds/lib\libnds9.a(initSystem.o)
                0x00000000020050d8                initSystem
 .text.__libnds_gtod
                0x0000000002005270       0x28 C:/devkitPro/libnds/lib\libnds9.a(timeSupport.o)
                0x0000000002005270                __libnds_gtod
 .text.irqDummy
                0x0000000002005298        0x4 C:/devkitPro/libnds/lib\libnds9.a(interrupts.o)
                0x0000000002005298                irqDummy
 .text.irqSet   0x000000000200529c       0x6c C:/devkitPro/libnds/lib\libnds9.a(interrupts.o)
                0x000000000200529c                irqSet
 .text.irqInit  0x0000000002005308       0x50 C:/devkitPro/libnds/lib\libnds9.a(interrupts.o)
                0x0000000002005308                irqInit
 .text.irqEnable
                0x0000000002005358       0x64 C:/devkitPro/libnds/lib\libnds9.a(interrupts.o)
                0x0000000002005358                irqEnable
 .text.systemErrorExit
                0x00000000020053bc        0x4 C:/devkitPro/libnds/lib\libnds9.a(libnds_exit.arm.o)
                0x00000000020053bc                systemErrorExit
 .text.__libnds_exit
                0x00000000020053c0       0x5c C:/devkitPro/libnds/lib\libnds9.a(libnds_exit.arm.o)
                0x00000000020053c0                __libnds_exit
 .text.fifo_waitBlock
                0x000000000200541c       0x80 C:/devkitPro/libnds/lib\libnds9.a(fifosystem.o)
 .text.fifo_queueBlock
                0x000000000200549c       0x40 C:/devkitPro/libnds/lib\libnds9.a(fifosystem.o)
 .text.fifoInternalSendInterrupt
                0x00000000020054dc       0xac C:/devkitPro/libnds/lib\libnds9.a(fifosystem.o)
 .text.fifoInternalSend.part.2
                0x0000000002005588       0xd4 C:/devkitPro/libnds/lib\libnds9.a(fifosystem.o)
 .text.fifoGetValue32.part.3
                0x000000000200565c       0x74 C:/devkitPro/libnds/lib\libnds9.a(fifosystem.o)
 .text.fifoSetValue32Handler
                0x00000000020056d0       0x78 C:/devkitPro/libnds/lib\libnds9.a(fifosystem.o)
                0x00000000020056d0                fifoSetValue32Handler
 .text.fifoSendValue32
                0x0000000002005748       0x4c C:/devkitPro/libnds/lib\libnds9.a(fifosystem.o)
                0x0000000002005748                fifoSendValue32
 .text.fifoGetDatamsg
                0x0000000002005794      0x138 C:/devkitPro/libnds/lib\libnds9.a(fifosystem.o)
                0x0000000002005794                fifoGetDatamsg
 .text.fifoInternalRecvInterrupt
                0x00000000020058cc      0x3dc C:/devkitPro/libnds/lib\libnds9.a(fifosystem.o)
 .text.fifoSetDatamsgHandler
                0x0000000002005ca8       0x9c C:/devkitPro/libnds/lib\libnds9.a(fifosystem.o)
                0x0000000002005ca8                fifoSetDatamsgHandler
 .text.fifoInit
                0x0000000002005d44      0x104 C:/devkitPro/libnds/lib\libnds9.a(fifosystem.o)
                0x0000000002005d44                fifoInit
 .text.__libnds_mpu_setup
                0x0000000002005e48      0x174 C:/devkitPro/libnds/lib\libnds9.a(mpu_setup.o)
                0x0000000002005e48                __libnds_mpu_setup
 .text.memUncached
                0x0000000002005fbc       0x20 C:/devkitPro/libnds/lib\libnds9.a(mpu_setup.o)
                0x0000000002005fbc                memUncached
 .text.swiWaitForVBlank
                0x0000000002005fdc        0x8 C:/devkitPro/libnds/lib\libnds9.a(IntrWait.o)
                0x0000000002005fdc                swiWaitForVBlank
 .text.swiIntrWait
                0x0000000002005fe4       0x70 C:/devkitPro/libnds/lib\libnds9.a(IntrWait.o)
                0x0000000002005fe4                swiIntrWait
 .text.setCpuClock
                0x0000000002006054       0x50 C:/devkitPro/libnds/lib\libnds9.a(cpu_clock.o)
                0x0000000002006054                setCpuClock
 .text.swiSoftReset
                0x00000000020060a4       0x2c C:/devkitPro/libnds/lib\libnds9.a(swiSoftReset.o)
                0x00000000020060a4                swiSoftReset
 .text.swiDelay
                0x00000000020060d0        0x4 C:/devkitPro/libnds/lib\libnds9.a(biosCalls.o)
                0x00000000020060d0                swiDelay
 .text.swiCopy  0x00000000020060d4        0x4 C:/devkitPro/libnds/lib\libnds9.a(biosCalls.o)
                0x00000000020060d4                swiCopy
 .text.checkIfText.part.0
                0x00000000020060d8       0x40 C:/devkitPro/libnds/lib\libnds9.a(background.o)
 .text.bgUpdate
                0x0000000002006118      0x104 C:/devkitPro/libnds/lib\libnds9.a(background.o)
                0x0000000002006118                bgUpdate
 .text.bgInit_call
                0x000000000200621c      0x110 C:/devkitPro/libnds/lib\libnds9.a(background.o)
                0x000000000200621c                bgInit_call
 .text.bgInitSub_call
                0x000000000200632c       0xf4 C:/devkitPro/libnds/lib\libnds9.a(background.o)
                0x000000000200632c                bgInitSub_call
 .text.DynamicArrayInit
                0x0000000002006420       0x18 C:/devkitPro/libnds/lib\libnds9.a(dynamicArray.o)
                0x0000000002006420                DynamicArrayInit
 .text.DynamicArrayGet
                0x0000000002006438       0x18 C:/devkitPro/libnds/lib\libnds9.a(dynamicArray.o)
                0x0000000002006438                DynamicArrayGet
 .text.DynamicArraySet
                0x0000000002006450       0x48 C:/devkitPro/libnds/lib\libnds9.a(dynamicArray.o)
                0x0000000002006450                DynamicArraySet
 .text.vramRestorePrimaryBanks
                0x0000000002006498        0xc C:/devkitPro/libnds/lib\libnds9.a(video.o)
                0x0000000002006498                vramRestorePrimaryBanks
 .text.vramRestoreBanks_EFG
                0x00000000020064a4        0xc C:/devkitPro/libnds/lib\libnds9.a(video.o)
                0x00000000020064a4                vramRestoreBanks_EFG
 .text.vramDefault
                0x00000000020064b0       0xd0 C:/devkitPro/libnds/lib\libnds9.a(video.o)
                0x00000000020064b0                vramDefault
 .text.systemValueHandler
                0x0000000002006580       0x48 C:/devkitPro/libnds/lib\libnds9.a(system.o)
                0x0000000002006580                systemValueHandler
 .text.systemMsgHandler
                0x00000000020065c8       0x5c C:/devkitPro/libnds/lib\libnds9.a(system.o)
                0x00000000020065c8                systemMsgHandler
 .text.powerOn  0x0000000002006624       0x2c C:/devkitPro/libnds/lib\libnds9.a(system.o)
                0x0000000002006624                powerOn
 .text.__muldi3
                0x0000000002006650       0x54 c:/devkitpro/devkitarm/bin/../lib/gcc/arm-none-eabi/9.1.0/thumb\libgcc.a(_muldi3.o)
                0x0000000002006650                __muldi3
                0x0000000002006650                __aeabi_lmul
 .text.calloc   0x00000000020066a4       0x18 c:/devkitpro/devkitarm/bin/../lib/gcc/arm-none-eabi/9.1.0/../../../../arm-none-eabi/lib/thumb\libg.a(lib_a-calloc.o)
                0x00000000020066a4                calloc
 .text._calloc_r
                0x00000000020066bc       0x60 c:/devkitpro/devkitarm/bin/../lib/gcc/arm-none-eabi/9.1.0/../../../../arm-none-eabi/lib/thumb\libg.a(lib_a-callocr.o)
                0x00000000020066bc                _calloc_r
 .text.__libc_init_array
                0x000000000200671c       0x50 c:/devkitpro/devkitarm/bin/../lib/gcc/arm-none-eabi/9.1.0/../../../../arm-none-eabi/lib/thumb\libg.a(lib_a-init.o)
                0x000000000200671c                __libc_init_array
 .text.iprintf  0x000000000200676c       0x24 c:/devkitpro/devkitarm/bin/../lib/gcc/arm-none-eabi/9.1.0/../../../../arm-none-eabi/lib/thumb\libg.a(lib_a-iprintf.o)
                0x000000000200676c                iprintf
 .text.malloc   0x0000000002006790       0x14 c:/devkitpro/devkitarm/bin/../lib/gcc/arm-none-eabi/9.1.0/../../../../arm-none-eabi/lib/thumb\libg.a(lib_a-malloc.o)
                0x0000000002006790                malloc
 .text.free     0x00000000020067a4       0x14 c:/devkitpro/devkitarm/bin/../lib/gcc/arm-none-eabi/9.1.0/../../../../arm-none-eabi/lib/thumb\libg.a(lib_a-malloc.o)
                0x00000000020067a4                free
 .text._malloc_r
                0x00000000020067b8      0x59c c:/devkitpro/devkitarm/bin/../lib/gcc/arm-none-eabi/9.1.0/../../../../arm-none-eabi/lib/thumb\libg.a(lib_a-mallocr.o)
                0x00000000020067b8                _malloc_r
 .text.memcpy   0x0000000002006d54       0xa8 c:/devkitpro/devkitarm/bin/../lib/gcc/arm-none-eabi/9.1.0/../../../../arm-none-eabi/lib/thumb\libg.a(lib_a-memcpy-stub.o)
                0x0000000002006d54                memcpy
 .text.memset   0x0000000002006dfc       0xb0 c:/devkitpro/devkitarm/bin/../lib/gcc/arm-none-eabi/9.1.0/../../../../arm-none-eabi/lib/thumb\libg.a(lib_a-memset.o)
                0x0000000002006dfc                memset
 .text.__malloc_lock
                0x0000000002006eac       0x14 c:/devkitpro/devkitarm/bin/../lib/gcc/arm-none-eabi/9.1.0/../../../../arm-none-eabi/lib/thumb\libg.a(lib_a-mlock.o)
                0x0000000002006eac                __malloc_lock
 .text.__malloc_unlock
                0x0000000002006ec0       0x14 c:/devkitpro/devkitarm/bin/../lib/gcc/arm-none-eabi/9.1.0/../../../../arm-none-eabi/lib/thumb\libg.a(lib_a-mlock.o)
                0x0000000002006ec0                __malloc_unlock
 .text.realloc  0x0000000002006ed4       0x18 c:/devkitpro/devkitarm/bin/../lib/gcc/arm-none-eabi/9.1.0/../../../../arm-none-eabi/lib/thumb\libg.a(lib_a-realloc.o)
                0x0000000002006ed4                realloc
 .text._realloc_r
                0x0000000002006eec      0x38c c:/devkitpro/devkitarm/bin/../lib/gcc/arm-none-eabi/9.1.0/../../../../arm-none-eabi/lib/thumb\libg.a(lib_a-reallocr.o)
                0x0000000002006eec                _realloc_r
 .text.setvbuf  0x0000000002007278      0x1ac c:/devkitpro/devkitarm/bin/../lib/gcc/arm-none-eabi/9.1.0/../../../../arm-none-eabi/lib/thumb\libg.a(lib_a-setvbuf.o)
                0x0000000002007278                setvbuf
 .text.siscanf  0x0000000002007424       0x4c c:/devkitpro/devkitarm/bin/../lib/gcc/arm-none-eabi/9.1.0/../../../../arm-none-eabi/lib/thumb\libg.a(lib_a-siscanf.o)
                0x0000000002007424                siscanf
 .text.__sread  0x0000000002007470       0x34 c:/devkitpro/devkitarm/bin/../lib/gcc/arm-none-eabi/9.1.0/../../../../arm-none-eabi/lib/thumb\libg.a(lib_a-stdio.o)
                0x0000000002007470                __sread
 .text.__seofread
                0x00000000020074a4        0x4 c:/devkitpro/devkitarm/bin/../lib/gcc/arm-none-eabi/9.1.0/../../../../arm-none-eabi/lib/thumb\libg.a(lib_a-stdio.o)
                0x00000000020074a4                __seofread
 .text.__swrite
                0x00000000020074a8       0x54 c:/devkitpro/devkitarm/bin/../lib/gcc/arm-none-eabi/9.1.0/../../../../arm-none-eabi/lib/thumb\libg.a(lib_a-stdio.o)
                0x00000000020074a8                __swrite
 .text.__sseek  0x00000000020074fc       0x40 c:/devkitpro/devkitarm/bin/../lib/gcc/arm-none-eabi/9.1.0/../../../../arm-none-eabi/lib/thumb\libg.a(lib_a-stdio.o)
                0x00000000020074fc                __sseek
 .text.__sclose
                0x000000000200753c       0x10 c:/devkitpro/devkitarm/bin/../lib/gcc/arm-none-eabi/9.1.0/../../../../arm-none-eabi/lib/thumb\libg.a(lib_a-stdio.o)
                0x000000000200753c                __sclose
 .text.strlen   0x000000000200754c       0x60 c:/devkitpro/devkitarm/bin/../lib/gcc/arm-none-eabi/9.1.0/../../../../arm-none-eabi/lib/thumb\libg.a(lib_a-strlen-stub.o)
                0x000000000200754c                strlen
 .text.get_arg  0x00000000020075ac       0x32 c:/devkitpro/devkitarm/bin/../lib/gcc/arm-none-eabi/9.1.0/../../../../arm-none-eabi/lib/thumb\libg.a(lib_a-svfiscanf.o)
 .text._sungetc_r
                0x00000000020075de       0x7e c:/devkitpro/devkitarm/bin/../lib/gcc/arm-none-eabi/9.1.0/../../../../arm-none-eabi/lib/thumb\libg.a(lib_a-svfiscanf.o)
                0x00000000020075de                _sungetc_r
 .text.__ssrefill_r
                0x000000000200765c       0x42 c:/devkitpro/devkitarm/bin/../lib/gcc/arm-none-eabi/9.1.0/../../../../arm-none-eabi/lib/thumb\libg.a(lib_a-svfiscanf.o)
                0x000000000200765c                __ssrefill_r
 .text._sfread_r
                0x000000000200769e       0x8a c:/devkitpro/devkitarm/bin/../lib/gcc/arm-none-eabi/9.1.0/../../../../arm-none-eabi/lib/thumb\libg.a(lib_a-svfiscanf.o)
                0x000000000200769e                _sfread_r
 .text.__ssvfiscanf_r
                0x0000000002007728     0x1b54 c:/devkitpro/devkitarm/bin/../lib/gcc/arm-none-eabi/9.1.0/../../../../arm-none-eabi/lib/thumb\libg.a(lib_a-svfiscanf.o)
                0x0000000002007728                __ssvfiscanf_r
 .text.__submore
                0x000000000200927c       0x88 c:/devkitpro/devkitarm/bin/../lib/gcc/arm-none-eabi/9.1.0/../../../../arm-none-eabi/lib/thumb\libg.a(lib_a-ungetc.o)
                0x000000000200927c                __submore
 .text.get_arg  0x0000000002009304      0x3d8 c:/devkitpro/devkitarm/bin/../lib/gcc/arm-none-eabi/9.1.0/../../../../arm-none-eabi/lib/thumb\libg.a(lib_a-vfiprintf.o)
 .text.__sprint_r
                0x00000000020096dc       0x20 c:/devkitpro/devkitarm/bin/../lib/gcc/arm-none-eabi/9.1.0/../../../../arm-none-eabi/lib/thumb\libg.a(lib_a-vfiprintf.o)
                0x00000000020096dc                __sprint_r
 .text._vfiprintf_r
                0x00000000020096fc     0x1804 c:/devkitpro/devkitarm/bin/../lib/gcc/arm-none-eabi/9.1.0/../../../../arm-none-eabi/lib/thumb\libg.a(lib_a-vfiprintf.o)
                0x00000000020096fc                _vfiprintf_r
 .text.__sbprintf
                0x000000000200af00       0x8c c:/devkitpro/devkitarm/bin/../lib/gcc/arm-none-eabi/9.1.0/../../../../arm-none-eabi/lib/thumb\libg.a(lib_a-vfiprintf.o)
 .text._wcrtomb_r
                0x000000000200af8c       0x5c c:/devkitpro/devkitarm/bin/../lib/gcc/arm-none-eabi/9.1.0/../../../../arm-none-eabi/lib/thumb\libg.a(lib_a-wcrtomb.o)
                0x000000000200af8c                _wcrtomb_r
 .text._wcsrtombs_r
                0x000000000200afe8       0x1c c:/devkitpro/devkitarm/bin/../lib/gcc/arm-none-eabi/9.1.0/../../../../arm-none-eabi/lib/thumb\libg.a(lib_a-wcsrtombs.o)
                0x000000000200afe8                _wcsrtombs_r
 .text.__swsetup_r
                0x000000000200b004       0xd8 c:/devkitpro/devkitarm/bin/../lib/gcc/arm-none-eabi/9.1.0/../../../../arm-none-eabi/lib/thumb\libg.a(lib_a-wsetup.o)
                0x000000000200b004                __swsetup_r
 .text.__sflush_r
                0x000000000200b0dc      0x1c0 c:/devkitpro/devkitarm/bin/../lib/gcc/arm-none-eabi/9.1.0/../../../../arm-none-eabi/lib/thumb\libg.a(lib_a-fflush.o)
                0x000000000200b0dc                __sflush_r
 .text._fflush_r
                0x000000000200b29c       0x70 c:/devkitpro/devkitarm/bin/../lib/gcc/arm-none-eabi/9.1.0/../../../../arm-none-eabi/lib/thumb\libg.a(lib_a-fflush.o)
                0x000000000200b29c                _fflush_r
 .text.std      0x000000000200b30c       0x54 c:/devkitpro/devkitarm/bin/../lib/gcc/arm-none-eabi/9.1.0/../../../../arm-none-eabi/lib/thumb\libg.a(lib_a-findfp.o)
 .text._cleanup_r
                0x000000000200b360       0x14 c:/devkitpro/devkitarm/bin/../lib/gcc/arm-none-eabi/9.1.0/../../../../arm-none-eabi/lib/thumb\libg.a(lib_a-findfp.o)
                0x000000000200b360                _cleanup_r
 .text.__sinit  0x000000000200b374       0x64 c:/devkitpro/devkitarm/bin/../lib/gcc/arm-none-eabi/9.1.0/../../../../arm-none-eabi/lib/thumb\libg.a(lib_a-findfp.o)
                0x000000000200b374                __sinit
 .text.__sfp_lock_acquire
                0x000000000200b3d8       0x14 c:/devkitpro/devkitarm/bin/../lib/gcc/arm-none-eabi/9.1.0/../../../../arm-none-eabi/lib/thumb\libg.a(lib_a-findfp.o)
                0x000000000200b3d8                __sfp_lock_acquire
 .text.__sfp_lock_release
                0x000000000200b3ec       0x14 c:/devkitpro/devkitarm/bin/../lib/gcc/arm-none-eabi/9.1.0/../../../../arm-none-eabi/lib/thumb\libg.a(lib_a-findfp.o)
                0x000000000200b3ec                __sfp_lock_release
 .text._malloc_trim_r
                0x000000000200b400       0xa0 c:/devkitpro/devkitarm/bin/../lib/gcc/arm-none-eabi/9.1.0/../../../../arm-none-eabi/lib/thumb\libg.a(lib_a-freer.o)
                0x000000000200b400                _malloc_trim_r
 .text._free_r  0x000000000200b4a0      0x1e0 c:/devkitpro/devkitarm/bin/../lib/gcc/arm-none-eabi/9.1.0/../../../../arm-none-eabi/lib/thumb\libg.a(lib_a-freer.o)
                0x000000000200b4a0                _free_r
 .text.__sfvwrite_r
                0x000000000200b680      0x348 c:/devkitpro/devkitarm/bin/../lib/gcc/arm-none-eabi/9.1.0/../../../../arm-none-eabi/lib/thumb\libg.a(lib_a-fvwrite.o)
                0x000000000200b680                __sfvwrite_r
 .text._fwalk_reent
                0x000000000200b9c8       0x50 c:/devkitpro/devkitarm/bin/../lib/gcc/arm-none-eabi/9.1.0/../../../../arm-none-eabi/lib/thumb\libg.a(lib_a-fwalk.o)
                0x000000000200b9c8                _fwalk_reent
 .text.iswspace
                0x000000000200ba18       0x10 c:/devkitpro/devkitarm/bin/../lib/gcc/arm-none-eabi/9.1.0/../../../../arm-none-eabi/lib/thumb\libg.a(lib_a-iswspace.o)
                0x000000000200ba18                iswspace
 .text._localeconv_r
                0x000000000200ba28        0x8 c:/devkitpro/devkitarm/bin/../lib/gcc/arm-none-eabi/9.1.0/../../../../arm-none-eabi/lib/thumb\libg.a(lib_a-localeconv.o)
                0x000000000200ba28                _localeconv_r
 .text.__locale_mb_cur_max
                0x000000000200ba30       0x10 c:/devkitpro/devkitarm/bin/../lib/gcc/arm-none-eabi/9.1.0/../../../../arm-none-eabi/lib/thumb\libg.a(lib_a-locale.o)
                0x000000000200ba30                __locale_mb_cur_max
 .text.__swhatbuf_r
                0x000000000200ba40       0x64 c:/devkitpro/devkitarm/bin/../lib/gcc/arm-none-eabi/9.1.0/../../../../arm-none-eabi/lib/thumb\libg.a(lib_a-makebuf.o)
                0x000000000200ba40                __swhatbuf_r
 .text.__smakebuf_r
                0x000000000200baa4       0x98 c:/devkitpro/devkitarm/bin/../lib/gcc/arm-none-eabi/9.1.0/../../../../arm-none-eabi/lib/thumb\libg.a(lib_a-makebuf.o)
                0x000000000200baa4                __smakebuf_r
 .text._mbrtowc_r
                0x000000000200bb3c       0x60 c:/devkitpro/devkitarm/bin/../lib/gcc/arm-none-eabi/9.1.0/../../../../arm-none-eabi/lib/thumb\libg.a(lib_a-mbrtowc.o)
                0x000000000200bb3c                _mbrtowc_r
 .text.__utf8_mbtowc
                0x000000000200bb9c      0x280 c:/devkitpro/devkitarm/bin/../lib/gcc/arm-none-eabi/9.1.0/../../../../arm-none-eabi/lib/thumb\libg.a(lib_a-mbtowc_r.o)
                0x000000000200bb9c                __utf8_mbtowc
 .text.memchr   0x000000000200be1c       0x78 c:/devkitpro/devkitarm/bin/../lib/gcc/arm-none-eabi/9.1.0/../../../../arm-none-eabi/lib/thumb\libg.a(lib_a-memchr-stub.o)
                0x000000000200be1c                memchr
 .text.memmove  0x000000000200be94       0xb0 c:/devkitpro/devkitarm/bin/../lib/gcc/arm-none-eabi/9.1.0/../../../../arm-none-eabi/lib/thumb\libg.a(lib_a-memmove.o)
                0x000000000200be94                memmove
 .text.__sccl   0x000000000200bf44       0x90 c:/devkitpro/devkitarm/bin/../lib/gcc/arm-none-eabi/9.1.0/../../../../arm-none-eabi/lib/thumb\libg.a(lib_a-sccl.o)
                0x000000000200bf44                __sccl
 .text.strncpy  0x000000000200bfd4       0x74 c:/devkitpro/devkitarm/bin/../lib/gcc/arm-none-eabi/9.1.0/../../../../arm-none-eabi/lib/thumb\libg.a(lib_a-strncpy.o)
                0x000000000200bfd4                strncpy
 .text._strtoll_l.isra.0
                0x000000000200c048      0x1ac c:/devkitpro/devkitarm/bin/../lib/gcc/arm-none-eabi/9.1.0/../../../../arm-none-eabi/lib/thumb\libg.a(lib_a-strtoll.o)
 .text._strtoll_r
                0x000000000200c1f4        0xc c:/devkitpro/devkitarm/bin/../lib/gcc/arm-none-eabi/9.1.0/../../../../arm-none-eabi/lib/thumb\libg.a(lib_a-strtoll.o)
                0x000000000200c1f4                _strtoll_r
 .text._strtol_l.isra.0
                0x000000000200c200      0x140 c:/devkitpro/devkitarm/bin/../lib/gcc/arm-none-eabi/9.1.0/../../../../arm-none-eabi/lib/thumb\libg.a(lib_a-strtol.o)
 .text._strtol_r
                0x000000000200c340        0xc c:/devkitpro/devkitarm/bin/../lib/gcc/arm-none-eabi/9.1.0/../../../../arm-none-eabi/lib/thumb\libg.a(lib_a-strtol.o)
                0x000000000200c340                _strtol_r
 .text._strtoull_l.isra.0
                0x000000000200c34c      0x1c8 c:/devkitpro/devkitarm/bin/../lib/gcc/arm-none-eabi/9.1.0/../../../../arm-none-eabi/lib/thumb\libg.a(lib_a-strtoull.o)
 .text._strtoull_r
                0x000000000200c514        0xc c:/devkitpro/devkitarm/bin/../lib/gcc/arm-none-eabi/9.1.0/../../../../arm-none-eabi/lib/thumb\libg.a(lib_a-strtoull.o)
                0x000000000200c514                _strtoull_r
 .text._strtoul_l.isra.0
                0x000000000200c520      0x148 c:/devkitpro/devkitarm/bin/../lib/gcc/arm-none-eabi/9.1.0/../../../../arm-none-eabi/lib/thumb\libg.a(lib_a-strtoul.o)
 .text._strtoul_r
                0x000000000200c668        0xc c:/devkitpro/devkitarm/bin/../lib/gcc/arm-none-eabi/9.1.0/../../../../arm-none-eabi/lib/thumb\libg.a(lib_a-strtoul.o)
                0x000000000200c668                _strtoul_r
 .text._wcsnrtombs_l
                0x000000000200c674      0x138 c:/devkitpro/devkitarm/bin/../lib/gcc/arm-none-eabi/9.1.0/../../../../arm-none-eabi/lib/thumb\libg.a(lib_a-wcsnrtombs.o)
                0x000000000200c674                _wcsnrtombs_l
 .text._wcsnrtombs_r
                0x000000000200c7ac       0x30 c:/devkitpro/devkitarm/bin/../lib/gcc/arm-none-eabi/9.1.0/../../../../arm-none-eabi/lib/thumb\libg.a(lib_a-wcsnrtombs.o)
                0x000000000200c7ac                _wcsnrtombs_r
 .text.__utf8_wctomb
                0x000000000200c7dc       0xb4 c:/devkitpro/devkitarm/bin/../lib/gcc/arm-none-eabi/9.1.0/../../../../arm-none-eabi/lib/thumb\libg.a(lib_a-wctomb_r.o)
                0x000000000200c7dc                __utf8_wctomb
 .text._fclose_r
                0x000000000200c890       0xe8 c:/devkitpro/devkitarm/bin/../lib/gcc/arm-none-eabi/9.1.0/../../../../arm-none-eabi/lib/thumb\libg.a(lib_a-fclose.o)
                0x000000000200c890                _fclose_r
 .text.iswspace_l
                0x000000000200c978       0x2c c:/devkitpro/devkitarm/bin/../lib/gcc/arm-none-eabi/9.1.0/../../../../arm-none-eabi/lib/thumb\libg.a(lib_a-iswspace_l.o)
                0x000000000200c978                iswspace_l
 .text.__jp2uc  0x000000000200c9a4      0x164 c:/devkitpro/devkitarm/bin/../lib/gcc/arm-none-eabi/9.1.0/../../../../arm-none-eabi/lib/thumb\libg.a(lib_a-jp2uc.o)
 .text._jp2uc_l
                0x000000000200cb08       0x6c c:/devkitpro/devkitarm/bin/../lib/gcc/arm-none-eabi/9.1.0/../../../../arm-none-eabi/lib/thumb\libg.a(lib_a-jp2uc.o)
                0x000000000200cb08                _jp2uc_l
 .text.category
                0x000000000200cb74       0x58 c:/devkitpro/devkitarm/bin/../lib/gcc/arm-none-eabi/9.1.0/../../../../arm-none-eabi/lib/thumb\libg.a(lib_a-categories.o)
                0x000000000200cb74                category
 .text.null_write
                0x000000000200cbcc        0x4 c:/devkitpro/devkitarm/bin/../lib/gcc/arm-none-eabi/9.1.0/../../../../arm-none-eabi/lib/thumb\libsysbase.a(iosupport.o)
 .text._fstat_r
                0x000000000200cbd0       0x4c c:/devkitpro/devkitarm/bin/../lib/gcc/arm-none-eabi/9.1.0/../../../../arm-none-eabi/lib/thumb\libsysbase.a(fstat.o)
                0x000000000200cbd0                _fstat_r
 .text._isatty_r
                0x000000000200cc1c        0x4 c:/devkitpro/devkitarm/bin/../lib/gcc/arm-none-eabi/9.1.0/../../../../arm-none-eabi/lib/thumb\libsysbase.a(isatty.o)
                0x000000000200cc1c                _isatty_r
 .text._lseek_r
                0x000000000200cc20       0x5c c:/devkitpro/devkitarm/bin/../lib/gcc/arm-none-eabi/9.1.0/../../../../arm-none-eabi/lib/thumb\libsysbase.a(lseek.o)
                0x000000000200cc20                _lseek_r
 .text._read_r  0x000000000200cc7c       0x50 c:/devkitpro/devkitarm/bin/../lib/gcc/arm-none-eabi/9.1.0/../../../../arm-none-eabi/lib/thumb\libsysbase.a(read.o)
                0x000000000200cc7c                _read_r
 .text._sbrk_r  0x000000000200cccc       0x54 c:/devkitpro/devkitarm/bin/../lib/gcc/arm-none-eabi/9.1.0/../../../../arm-none-eabi/lib/thumb\libsysbase.a(sbrk.o)
                0x000000000200cccc                _sbrk_r
 .text._write_r
                0x000000000200cd20       0x50 c:/devkitpro/devkitarm/bin/../lib/gcc/arm-none-eabi/9.1.0/../../../../arm-none-eabi/lib/thumb\libsysbase.a(write.o)
                0x000000000200cd20                _write_r
 .text.build_argv
                0x000000000200cd70       0x4c c:/devkitpro/devkitarm/bin/../lib/gcc/arm-none-eabi/9.1.0/../../../../arm-none-eabi/lib/thumb\libsysbase.a(build_argv.o)
                0x000000000200cd70                build_argv
 .text.__flockfile
                0x000000000200cdbc       0x10 c:/devkitpro/devkitarm/bin/../lib/gcc/arm-none-eabi/9.1.0/../../../../arm-none-eabi/lib/thumb\libsysbase.a(flock.o)
                0x000000000200cdbc                __flockfile
 .text.__funlockfile
                0x000000000200cdcc       0x10 c:/devkitpro/devkitarm/bin/../lib/gcc/arm-none-eabi/9.1.0/../../../../arm-none-eabi/lib/thumb\libsysbase.a(flock.o)
                0x000000000200cdcc                __funlockfile
 .text.__libc_lock_acquire
                0x000000000200cddc       0x1c c:/devkitpro/devkitarm/bin/../lib/gcc/arm-none-eabi/9.1.0/../../../../arm-none-eabi/lib/thumb\libsysbase.a(syscall_support.o)
                0x000000000200cddc                __libc_lock_acquire
 .text.__libc_lock_release
                0x000000000200cdf8       0x1c c:/devkitpro/devkitarm/bin/../lib/gcc/arm-none-eabi/9.1.0/../../../../arm-none-eabi/lib/thumb\libsysbase.a(syscall_support.o)
                0x000000000200cdf8                __libc_lock_release
 .text.__libc_lock_init_recursive
                0x000000000200ce14       0x1c c:/devkitpro/devkitarm/bin/../lib/gcc/arm-none-eabi/9.1.0/../../../../arm-none-eabi/lib/thumb\libsysbase.a(syscall_support.o)
                0x000000000200ce14                __libc_lock_init_recursive
 .text.__libc_lock_acquire_recursive
                0x000000000200ce30       0x1c c:/devkitpro/devkitarm/bin/../lib/gcc/arm-none-eabi/9.1.0/../../../../arm-none-eabi/lib/thumb\libsysbase.a(syscall_support.o)
                0x000000000200ce30                __libc_lock_acquire_recursive
 .text.__libc_lock_release_recursive
                0x000000000200ce4c       0x1c c:/devkitpro/devkitarm/bin/../lib/gcc/arm-none-eabi/9.1.0/../../../../arm-none-eabi/lib/thumb\libsysbase.a(syscall_support.o)
                0x000000000200ce4c                __libc_lock_release_recursive
 .text.__libc_lock_close_recursive
                0x000000000200ce68       0x1c c:/devkitpro/devkitarm/bin/../lib/gcc/arm-none-eabi/9.1.0/../../../../arm-none-eabi/lib/thumb\libsysbase.a(syscall_support.o)
                0x000000000200ce68                __libc_lock_close_recursive
 .text.__get_handle
                0x000000000200ce84       0x34 c:/devkitpro/devkitarm/bin/../lib/gcc/arm-none-eabi/9.1.0/../../../../arm-none-eabi/lib/thumb\libsysbase.a(handle_manager.o)
                0x000000000200ce84                __get_handle
 .text._close_r
                0x000000000200ceb8       0xb8 c:/devkitpro/devkitarm/bin/../lib/gcc/arm-none-eabi/9.1.0/../../../../arm-none-eabi/lib/thumb\libsysbase.a(handle_manager.o)
                0x000000000200ceb8                _close_r
 .text.__getreent
                0x000000000200cf70       0x28 c:/devkitpro/devkitarm/bin/../lib/gcc/arm-none-eabi/9.1.0/../../../../arm-none-eabi/lib/thumb\libsysbase.a(getreent.o)
                0x000000000200cf70                __getreent
 .text.__udivmoddi4
                0x000000000200cf98      0x19c c:/devkitpro/devkitarm/bin/../lib/gcc/arm-none-eabi/9.1.0/thumb\libgcc.a(_udivmoddi4.o)
                0x000000000200cf98                __udivmoddi4
 *fill*         0x000000000200d134        0x4 ff
 .text.__udivmoddi4.__stub
                0x000000000200d138       0xe0 linker stubs
 *(EXCLUDE_FILE(*.twl*) .gnu.warning)
 *(EXCLUDE_FILE(*.twl*) .gnu.linkonce.t*)
 *(.glue_7)
 .glue_7        0x000000000200d228        0x0 linker stubs
 *(.glue_7t)
 .glue_7t       0x000000000200d228        0x0 linker stubs
                0x000000000200d228                . = ALIGN (0x4)

.vfp11_veneer   0x000000000200d228        0x0
 .vfp11_veneer  0x000000000200d228        0x0 linker stubs

.v4_bx          0x000000000200d228        0x0
 .v4_bx         0x000000000200d228        0x0 linker stubs

.iplt           0x000000000200d228        0x0
 .iplt          0x000000000200d228        0x0 c:/devkitpro/devkitarm/bin/../lib/gcc/arm-none-eabi/9.1.0/../../../../arm-none-eabi/lib/thumb/ds_arm9_crt0.o

.fini           0x000000000200d228        0xc
 *(.fini)
 .fini          0x000000000200d228        0x4 c:/devkitpro/devkitarm/bin/../lib/gcc/arm-none-eabi/9.1.0/thumb/crti.o
                0x000000000200d228                _fini
 .fini          0x000000000200d22c        0x8 c:/devkitpro/devkitarm/bin/../lib/gcc/arm-none-eabi/9.1.0/thumb/crtn.o
                0x000000000200d234                __text_end = .

.rodata         0x000000000200d234     0x8ed8
 *(EXCLUDE_FILE(*.twl*) .rodata)
 .rodata        0x000000000200d234       0x24 C:/devkitPro/libnds/lib\libnds9.a(videoGL.o)
 .rodata        0x000000000200d258     0x2004 C:/devkitPro/libnds/lib\libnds9.a(default_font.bin.o)
                0x000000000200d258                default_font_bin
                0x000000000200f258                default_font_bin_size
                0x000000000200f258                default_font_bin_end
 *all.rodata*(*)
 *(EXCLUDE_FILE(*.twl*) .roda)
 *(EXCLUDE_FILE(*.twl*) .rodata.*)
 .rodata.str1.4
                0x000000000200f25c        0xd main.o
 *fill*         0x000000000200f269        0x3 ff
 .rodata.con_write
                0x000000000200f26c       0xd4 C:/devkitPro/libnds/lib\libnds9.a(console.o)
 .rodata.con_write.str1.4
                0x000000000200f340       0x30 C:/devkitPro/libnds/lib\libnds9.a(console.o)
 .rodata.dotab_stdout
                0x000000000200f370       0x70 C:/devkitPro/libnds/lib\libnds9.a(console.o)
 .rodata.str1.4
                0x000000000200f3e0       0x14 C:/devkitPro/libnds/lib\libnds9.a(console.o)
 .rodata.SIN_LUT
                0x000000000200f3f4      0x102 C:/devkitPro/libnds/lib\libnds9.a(trig.o)
                0x000000000200f3f4                SIN_LUT
 *fill*         0x000000000200f4f6        0x2 ff
 .rodata.TAN_LUT
                0x000000000200f4f8      0x204 C:/devkitPro/libnds/lib\libnds9.a(trig.o)
                0x000000000200f4f8                TAN_LUT
 .rodata.glMaterialf
                0x000000000200f6fc       0x44 C:/devkitPro/libnds/lib\libnds9.a(videoGL.o)
 .rodata.glTexImage2D
                0x000000000200f740       0x24 C:/devkitPro/libnds/lib\libnds9.a(videoGL.o)
 .rodata.basefix.6959
                0x000000000200f764       0x22 c:/devkitpro/devkitarm/bin/../lib/gcc/arm-none-eabi/9.1.0/../../../../arm-none-eabi/lib/thumb\libg.a(lib_a-svfiscanf.o)
 .rodata._vfiprintf_r.str1.1
                0x000000000200f786       0x29 c:/devkitpro/devkitarm/bin/../lib/gcc/arm-none-eabi/9.1.0/../../../../arm-none-eabi/lib/thumb\libg.a(lib_a-vfiprintf.o)
 *fill*         0x000000000200f7af        0x1 ff
 .rodata.blanks.7396
                0x000000000200f7b0       0x10 c:/devkitpro/devkitarm/bin/../lib/gcc/arm-none-eabi/9.1.0/../../../../arm-none-eabi/lib/thumb\libg.a(lib_a-vfiprintf.o)
 .rodata.zeroes.7397
                0x000000000200f7c0       0x10 c:/devkitpro/devkitarm/bin/../lib/gcc/arm-none-eabi/9.1.0/../../../../arm-none-eabi/lib/thumb\libg.a(lib_a-vfiprintf.o)
 .rodata._ctype_
                0x000000000200f7d0      0x101 c:/devkitpro/devkitarm/bin/../lib/gcc/arm-none-eabi/9.1.0/../../../../arm-none-eabi/lib/thumb\libg.a(lib_a-ctype_.o)
                0x000000000200f7d0                _ctype_
 *fill*         0x000000000200f8d1        0x3 ff
 .rodata.str1.4
                0x000000000200f8d4       0x48 c:/devkitpro/devkitarm/bin/../lib/gcc/arm-none-eabi/9.1.0/../../../../arm-none-eabi/lib/thumb\libg.a(lib_a-locale.o)
                                         0x4c (size before relaxing)
 .rodata._mbrtowc_r.str1.4
                0x000000000200f91c        0x1 c:/devkitpro/devkitarm/bin/../lib/gcc/arm-none-eabi/9.1.0/../../../../arm-none-eabi/lib/thumb\libg.a(lib_a-mbrtowc.o)
 .rodata.__action_table
                0x000000000200f91c       0x6c c:/devkitpro/devkitarm/bin/../lib/gcc/arm-none-eabi/9.1.0/../../../../arm-none-eabi/lib/thumb\libg.a(lib_a-svfiprintf.o)
                0x000000000200f91c                __action_table
 .rodata.__chclass
                0x000000000200f988      0x100 c:/devkitpro/devkitarm/bin/../lib/gcc/arm-none-eabi/9.1.0/../../../../arm-none-eabi/lib/thumb\libg.a(lib_a-svfiprintf.o)
                0x000000000200f988                __chclass
 .rodata.__state_table
                0x000000000200fa88       0x6c c:/devkitpro/devkitarm/bin/../lib/gcc/arm-none-eabi/9.1.0/../../../../arm-none-eabi/lib/thumb\libg.a(lib_a-svfiprintf.o)
                0x000000000200fa88                __state_table
 .rodata.__jp2uc
                0x000000000200faf4       0x20 c:/devkitpro/devkitarm/bin/../lib/gcc/arm-none-eabi/9.1.0/../../../../arm-none-eabi/lib/thumb\libg.a(lib_a-jp2uc.o)
 .rodata._jp2uc_l.str1.4
                0x000000000200fb14       0x12 c:/devkitpro/devkitarm/bin/../lib/gcc/arm-none-eabi/9.1.0/../../../../arm-none-eabi/lib/thumb\libg.a(lib_a-jp2uc.o)
 *fill*         0x000000000200fb26        0x2 ff
 .rodata.a1     0x000000000200fb28       0xbc c:/devkitpro/devkitarm/bin/../lib/gcc/arm-none-eabi/9.1.0/../../../../arm-none-eabi/lib/thumb\libg.a(lib_a-jp2uc.o)
 .rodata.a2     0x000000000200fbe4       0xbc c:/devkitpro/devkitarm/bin/../lib/gcc/arm-none-eabi/9.1.0/../../../../arm-none-eabi/lib/thumb\libg.a(lib_a-jp2uc.o)
 .rodata.a3     0x000000000200fca0       0x5b c:/devkitpro/devkitarm/bin/../lib/gcc/arm-none-eabi/9.1.0/../../../../arm-none-eabi/lib/thumb\libg.a(lib_a-jp2uc.o)
 *fill*         0x000000000200fcfb        0x1 ff
 .rodata.a6     0x000000000200fcfc       0x70 c:/devkitpro/devkitarm/bin/../lib/gcc/arm-none-eabi/9.1.0/../../../../arm-none-eabi/lib/thumb\libg.a(lib_a-jp2uc.o)
 .rodata.a7     0x000000000200fd6c       0xa2 c:/devkitpro/devkitarm/bin/../lib/gcc/arm-none-eabi/9.1.0/../../../../arm-none-eabi/lib/thumb\libg.a(lib_a-jp2uc.o)
 *fill*         0x000000000200fe0e        0x2 ff
 .rodata.a8     0x000000000200fe10       0x40 c:/devkitpro/devkitarm/bin/../lib/gcc/arm-none-eabi/9.1.0/../../../../arm-none-eabi/lib/thumb\libg.a(lib_a-jp2uc.o)
 .rodata.b02cf  0x000000000200fe50     0x172a c:/devkitpro/devkitarm/bin/../lib/gcc/arm-none-eabi/9.1.0/../../../../arm-none-eabi/lib/thumb\libg.a(lib_a-jp2uc.o)
 *fill*         0x000000000201157a        0x2 ff
 .rodata.d02f4  0x000000000201157c     0x1a7c c:/devkitpro/devkitarm/bin/../lib/gcc/arm-none-eabi/9.1.0/../../../../arm-none-eabi/lib/thumb\libg.a(lib_a-jp2uc.o)
 .rodata.categories
                0x0000000002012ff8     0x309c c:/devkitpro/devkitarm/bin/../lib/gcc/arm-none-eabi/9.1.0/../../../../arm-none-eabi/lib/thumb\libg.a(lib_a-categories.o)
 .rodata.AddDevice.str1.4
                0x0000000002016094        0x8 c:/devkitpro/devkitarm/bin/../lib/gcc/arm-none-eabi/9.1.0/../../../../arm-none-eabi/lib/thumb\libsysbase.a(iosupport.o)
 .rodata.dotab_stdnull
                0x000000000201609c       0x70 c:/devkitpro/devkitarm/bin/../lib/gcc/arm-none-eabi/9.1.0/../../../../arm-none-eabi/lib/thumb\libsysbase.a(iosupport.o)
                0x000000000201609c                dotab_stdnull
 *(EXCLUDE_FILE(*.twl*) .gnu.linkonce.r*)
                0x000000000201610c                . = ALIGN (0x4)

.ARM.extab
 *(.ARM.extab* .gnu.linkonce.armextab.*)
                0x000000000201610c                __exidx_start = .

ARM.exidx
 *(.ARM.exidx* .gnu.linkonce.armexidx.*)
                0x000000000201610c                __exidx_end = .
                0x000000000201610c                . = ALIGN (0x4)
                0x000000000201610c                PROVIDE (__preinit_array_start = .)

.preinit_array
 *(.preinit_array)
                0x000000000201610c                PROVIDE (__preinit_array_end = .)
                0x000000000201610c                PROVIDE (__init_array_start = .)

.init_array     0x000000000201610c        0x4
 *(SORT_BY_NAME(.init_array.*))
 *(.init_array)
 .init_array    0x000000000201610c        0x4 c:/devkitpro/devkitarm/bin/../lib/gcc/arm-none-eabi/9.1.0/thumb/crtbegin.o
                0x0000000002016110                PROVIDE (__init_array_end = .)
                [!provide]                        PROVIDE (__fini_array_start = .)

.fini_array     0x0000000002016110        0x4
 *(.fini_array)
 .fini_array    0x0000000002016110        0x4 c:/devkitpro/devkitarm/bin/../lib/gcc/arm-none-eabi/9.1.0/thumb/crtbegin.o
 *(SORT_BY_NAME(.fini_array.*))
                [!provide]                        PROVIDE (__fini_array_end = .)

.ctors          0x0000000002016114        0x0
 *crtbegin.o(.ctors)
 *(EXCLUDE_FILE(*crtend.o) .ctors)
 *(SORT_BY_NAME(.ctors.*))
 *(.ctors)
                0x0000000002016114                . = ALIGN (0x4)

.dtors          0x0000000002016114        0x0
 *crtbegin.o(.dtors)
 *(EXCLUDE_FILE(*crtend.o) .dtors)
 *(SORT_BY_NAME(.dtors.*))
 *(.dtors)
                0x0000000002016114                . = ALIGN (0x4)

.eh_frame       0x0000000002016114        0x4
 *(.eh_frame)
 .eh_frame      0x0000000002016114        0x0 c:/devkitpro/devkitarm/bin/../lib/gcc/arm-none-eabi/9.1.0/thumb/crtbegin.o
 .eh_frame      0x0000000002016114        0x4 c:/devkitpro/devkitarm/bin/../lib/gcc/arm-none-eabi/9.1.0/thumb/crtend.o
                0x0000000002016118                . = ALIGN (0x4)

.rel.dyn        0x0000000002016118        0x0
 .rel.iplt      0x0000000002016118        0x0 c:/devkitpro/devkitarm/bin/../lib/gcc/arm-none-eabi/9.1.0/../../../../arm-none-eabi/lib/thumb/ds_arm9_crt0.o

.gcc_except_table
                0x0000000002016118        0x0
 *(.gcc_except_table)
                0x0000000002016118                . = ALIGN (0x4)

.jcr
 *(.jcr)

.got
 *(.got.plt)
 *(.got)
 *(.rel.got)

.ewram          0x0000000002016118        0x0
                0x0000000002016118                __ewram_start = ABSOLUTE (.)
 *(.ewram)
 *ewram.*(.text)
                0x0000000002016118                . = ALIGN (0x4)

.data           0x0000000002016118     0x1bf8
                0x0000000002016118                __data_start = ABSOLUTE (.)
 *(EXCLUDE_FILE(*.twl*) .data)
 .data          0x0000000002016118       0x38 player.o
                0x0000000002016118                player
 .data          0x0000000002016150       0x28 C:/devkitPro/libnds/lib\libnds9.a(mpu_setup.o)
 *(EXCLUDE_FILE(*.twl*) .data.*)
 .data.currentConsole
                0x0000000002016178        0x4 C:/devkitPro/libnds/lib\libnds9.a(console.o)
                0x0000000002016178                currentConsole
 .data.defaultConsole
                0x000000000201617c       0x5c C:/devkitPro/libnds/lib\libnds9.a(console.o)
                0x000000000201617c                defaultConsole
 .data.firstConsoleInit.6889
                0x00000000020161d8        0x1 C:/devkitPro/libnds/lib\libnds9.a(console.o)
 *fill*         0x00000000020161d9        0x3 ff
 .data.glGlob   0x00000000020161dc        0x4 C:/devkitPro/libnds/lib\libnds9.a(videoGL.o)
 .data.count    0x00000000020161e0        0x1 C:/devkitPro/libnds/lib\libnds9.a(keys.o)
 .data.delay    0x00000000020161e1        0x1 C:/devkitPro/libnds/lib\libnds9.a(keys.o)
 .data.repeat   0x00000000020161e2        0x1 C:/devkitPro/libnds/lib\libnds9.a(keys.o)
 *fill*         0x00000000020161e3        0x1 ff
 .data.fifo_buffer_free
                0x00000000020161e4        0x4 C:/devkitPro/libnds/lib\libnds9.a(fifosystem.o)
                0x00000000020161e4                fifo_buffer_free
 .data.fifo_freewords
                0x00000000020161e8        0x4 C:/devkitPro/libnds/lib\libnds9.a(fifosystem.o)
                0x00000000020161e8                fifo_freewords
 .data.fifo_receive_queue
                0x00000000020161ec        0x4 C:/devkitPro/libnds/lib\libnds9.a(fifosystem.o)
                0x00000000020161ec                fifo_receive_queue
 .data.fifo_send_queue
                0x00000000020161f0        0x4 C:/devkitPro/libnds/lib\libnds9.a(fifosystem.o)
                0x00000000020161f0                fifo_send_queue
 .data.bgControl
                0x00000000020161f4       0x20 C:/devkitPro/libnds/lib\libnds9.a(background.o)
                0x00000000020161f4                bgControl
 .data.bgScrollTable
                0x0000000002016214       0x20 C:/devkitPro/libnds/lib\libnds9.a(background.o)
                0x0000000002016214                bgScrollTable
 .data.bgTransform
                0x0000000002016234       0x20 C:/devkitPro/libnds/lib\libnds9.a(background.o)
                0x0000000002016234                bgTransform
 .data.__malloc_av_
                0x0000000002016254      0x408 c:/devkitpro/devkitarm/bin/../lib/gcc/arm-none-eabi/9.1.0/../../../../arm-none-eabi/lib/thumb\libg.a(lib_a-mallocr.o)
                0x0000000002016254                __malloc_av_
 .data.__malloc_sbrk_base
                0x000000000201665c        0x4 c:/devkitpro/devkitarm/bin/../lib/gcc/arm-none-eabi/9.1.0/../../../../arm-none-eabi/lib/thumb\libg.a(lib_a-mallocr.o)
                0x000000000201665c                __malloc_sbrk_base
 .data.__malloc_trim_threshold
                0x0000000002016660        0x4 c:/devkitpro/devkitarm/bin/../lib/gcc/arm-none-eabi/9.1.0/../../../../arm-none-eabi/lib/thumb\libg.a(lib_a-mallocr.o)
                0x0000000002016660                __malloc_trim_threshold
 .data.__malloc_recursive_mutex
                0x0000000002016664        0xc c:/devkitpro/devkitarm/bin/../lib/gcc/arm-none-eabi/9.1.0/../../../../arm-none-eabi/lib/thumb\libg.a(lib_a-mlock.o)
 .data.__sfp_recursive_mutex
                0x0000000002016670        0xc c:/devkitpro/devkitarm/bin/../lib/gcc/arm-none-eabi/9.1.0/../../../../arm-none-eabi/lib/thumb\libg.a(lib_a-findfp.o)
 .data.__sinit_recursive_mutex
                0x000000000201667c        0xc c:/devkitpro/devkitarm/bin/../lib/gcc/arm-none-eabi/9.1.0/../../../../arm-none-eabi/lib/thumb\libg.a(lib_a-findfp.o)
 .data._impure_ptr
                0x0000000002016688        0x4 c:/devkitpro/devkitarm/bin/../lib/gcc/arm-none-eabi/9.1.0/../../../../arm-none-eabi/lib/thumb\libg.a(lib_a-impure.o)
                0x0000000002016688                _impure_ptr
 *fill*         0x000000000201668c        0x4 ff
 .data.impure_data
                0x0000000002016690      0x460 c:/devkitpro/devkitarm/bin/../lib/gcc/arm-none-eabi/9.1.0/../../../../arm-none-eabi/lib/thumb\libg.a(lib_a-impure.o)
 .data.__global_locale
                0x0000000002016af0      0x16c c:/devkitpro/devkitarm/bin/../lib/gcc/arm-none-eabi/9.1.0/../../../../arm-none-eabi/lib/thumb\libg.a(lib_a-locale.o)
                0x0000000002016af0                __global_locale
 .data.devoptab_list
                0x0000000002016c5c       0x8c c:/devkitpro/devkitarm/bin/../lib/gcc/arm-none-eabi/9.1.0/../../../../arm-none-eabi/lib/thumb\libsysbase.a(iosupport.o)
                0x0000000002016c5c                devoptab_list
 .data.__hndl_lock
                0x0000000002016ce8        0x4 c:/devkitpro/devkitarm/bin/../lib/gcc/arm-none-eabi/9.1.0/../../../../arm-none-eabi/lib/thumb\libsysbase.a(handle_manager.o)
 .data.__stderr_handle
                0x0000000002016cec        0xc c:/devkitpro/devkitarm/bin/../lib/gcc/arm-none-eabi/9.1.0/../../../../arm-none-eabi/lib/thumb\libsysbase.a(handle_manager.o)
 .data.__stdin_handle
                0x0000000002016cf8        0xc c:/devkitpro/devkitarm/bin/../lib/gcc/arm-none-eabi/9.1.0/../../../../arm-none-eabi/lib/thumb\libsysbase.a(handle_manager.o)
 .data.__stdout_handle
                0x0000000002016d04        0xc c:/devkitpro/devkitarm/bin/../lib/gcc/arm-none-eabi/9.1.0/../../../../arm-none-eabi/lib/thumb\libsysbase.a(handle_manager.o)
 .data.handles  0x0000000002016d10     0x1000 c:/devkitpro/devkitarm/bin/../lib/gcc/arm-none-eabi/9.1.0/../../../../arm-none-eabi/lib/thumb\libsysbase.a(handle_manager.o)
 *(EXCLUDE_FILE(*.twl*) .gnu.linkonce.d*)
                0x0000000002017d10                . = ALIGN (0x4)
                0x0000000002017d10                __data_end = ABSOLUTE (.)
                0x0000000002017d10                __bss_vma = .

.igot.plt       0x0000000002017d10        0x0
 .igot.plt      0x0000000002017d10        0x0 c:/devkitpro/devkitarm/bin/../lib/gcc/arm-none-eabi/9.1.0/../../../../arm-none-eabi/lib/thumb/ds_arm9_crt0.o

.tm_clone_table
                0x0000000002017d10        0x0
 .tm_clone_table
                0x0000000002017d10        0x0 c:/devkitpro/devkitarm/bin/../lib/gcc/arm-none-eabi/9.1.0/thumb/crtbegin.o
 .tm_clone_table
                0x0000000002017d10        0x0 c:/devkitpro/devkitarm/bin/../lib/gcc/arm-none-eabi/9.1.0/thumb/crtend.o

.dtcm           0x000000000b000000        0x0 load address 0x0000000002017d10
                0x0000000002017d10                __dtcm_lma = LOADADDR (.dtcm)
                0x000000000b000000                __dtcm_start = ABSOLUTE (.)
 *(.dtcm)
 *(.dtcm.*)
                0x000000000b000000                . = ALIGN (0x4)
                0x000000000b000000                __dtcm_end = ABSOLUTE (.)

.itcm           0x0000000001000100      0x194 load address 0x0000000002017d10
                0x0000000002017d10                __itcm_lma = LOADADDR (.itcm)
                0x0000000001000100                __itcm_start = ABSOLUTE (.)
 *(.itcm)
 .itcm          0x0000000001000100       0xc8 C:/devkitPro/libnds/lib\libnds9.a(interrupts.o)
                0x0000000001000100                irqTable
 .itcm          0x00000000010001c8       0xcc C:/devkitPro/libnds/lib\libnds9.a(interruptDispatcher.o)
                0x00000000010001c8                IntrMain
 *.itcm*(.text .stub .text.*)
                0x0000000001000294                . = ALIGN (0x4)
                0x0000000001000294                __itcm_end = ABSOLUTE (.)

.vectors        0x0000000001000000        0x0 load address 0x0000000002017ea4
                0x0000000002017ea4                __vectors_lma = LOADADDR (.vectors)
                0x0000000001000000                __vectors_start = ABSOLUTE (.)
 *(.vectors .vectors.*)
                0x0000000001000000                . = ALIGN (0x4)
                0x0000000001000000                __vectors_end = ABSOLUTE (.)

.sbss           0x000000000b000000        0x0
                0x000000000b000000                __sbss_start = ABSOLUTE (.)
                0x000000000b000000                __sbss_start__ = ABSOLUTE (.)
 *(.sbss)
                0x000000000b000000                . = ALIGN (0x4)
                0x000000000b000000                __sbss_end = ABSOLUTE (.)

.bss            0x0000000002017d10      0xd08
                0x0000000002017d10                __bss_start = ABSOLUTE (.)
                0x0000000002017d10                __bss_start__ = ABSOLUTE (.)
 *(EXCLUDE_FILE(*.twl*) .dynbss)
 *(EXCLUDE_FILE(*.twl*) .gnu.linkonce.b*)
 *(EXCLUDE_FILE(*.twl*) .bss*)
 .bss.completed.9071
                0x0000000002017d10        0x1 c:/devkitpro/devkitarm/bin/../lib/gcc/arm-none-eabi/9.1.0/thumb/crtbegin.o
 *fill*         0x0000000002017d11        0x3 
 .bss.object.9076
                0x0000000002017d14       0x18 c:/devkitpro/devkitarm/bin/../lib/gcc/arm-none-eabi/9.1.0/thumb/crtbegin.o
 .bss           0x0000000002017d2c        0x4 main.o
                0x0000000002017d2c                frame
 .bss           0x0000000002017d30        0x8 C:/devkitPro/libnds/lib\libgl2d.a(gl2d.o)
                0x0000000002017d30                gCurrentTexture
 .bss.diffuse_ambient.6571
                0x0000000002017d38        0x4 C:/devkitPro/libnds/lib\libnds9.a(videoGL.o)
 .bss.specular_emission.6572
                0x0000000002017d3c        0x4 C:/devkitPro/libnds/lib\libnds9.a(videoGL.o)
 .bss.keys      0x0000000002017d40        0x2 C:/devkitPro/libnds/lib\libnds9.a(keys.o)
 .bss.keysold   0x0000000002017d42        0x2 C:/devkitPro/libnds/lib\libnds9.a(keys.o)
 .bss.keysrepeat
                0x0000000002017d44        0x2 C:/devkitPro/libnds/lib\libnds9.a(keys.o)
 *fill*         0x0000000002017d46        0x2 
 .bss.processing
                0x0000000002017d48        0x4 C:/devkitPro/libnds/lib\libnds9.a(fifosystem.o)
                0x0000000002017d48                processing
 .bss.SDcallback
                0x0000000002017d4c        0x4 C:/devkitPro/libnds/lib\libnds9.a(system.o)
 .bss.__malloc_current_mallinfo
                0x0000000002017d50       0x28 c:/devkitpro/devkitarm/bin/../lib/gcc/arm-none-eabi/9.1.0/../../../../arm-none-eabi/lib/thumb\libg.a(lib_a-mallocr.o)
                0x0000000002017d50                __malloc_current_mallinfo
 .bss.__malloc_max_sbrked_mem
                0x0000000002017d78        0x4 c:/devkitpro/devkitarm/bin/../lib/gcc/arm-none-eabi/9.1.0/../../../../arm-none-eabi/lib/thumb\libg.a(lib_a-mallocr.o)
                0x0000000002017d78                __malloc_max_sbrked_mem
 .bss.__malloc_max_total_mem
                0x0000000002017d7c        0x4 c:/devkitpro/devkitarm/bin/../lib/gcc/arm-none-eabi/9.1.0/../../../../arm-none-eabi/lib/thumb\libg.a(lib_a-mallocr.o)
                0x0000000002017d7c                __malloc_max_total_mem
 .bss.__malloc_top_pad
                0x0000000002017d80        0x4 c:/devkitpro/devkitarm/bin/../lib/gcc/arm-none-eabi/9.1.0/../../../../arm-none-eabi/lib/thumb\libg.a(lib_a-mallocr.o)
                0x0000000002017d80                __malloc_top_pad
 .bss.heap_start.6057
                0x0000000002017d84        0x4 c:/devkitpro/devkitarm/bin/../lib/gcc/arm-none-eabi/9.1.0/../../../../arm-none-eabi/lib/thumb\libsysbase.a(sbrk.o)
 .bss.fake_heap_end
                0x0000000002017d88        0x4 c:/devkitpro/devkitarm/bin/../lib/gcc/arm-none-eabi/9.1.0/../../../../arm-none-eabi/lib/thumb\libsysbase.a(malloc_vars.o)
                0x0000000002017d88                fake_heap_end
 .bss.fake_heap_start
                0x0000000002017d8c        0x4 c:/devkitpro/devkitarm/bin/../lib/gcc/arm-none-eabi/9.1.0/../../../../arm-none-eabi/lib/thumb\libsysbase.a(malloc_vars.o)
                0x0000000002017d8c                fake_heap_start
 .bss.__syscalls
                0x0000000002017d90       0x48 c:/devkitpro/devkitarm/bin/../lib/gcc/arm-none-eabi/9.1.0/../../../../arm-none-eabi/lib/thumb\libsysbase.a(syscall_support.o)
                0x0000000002017d90                __syscalls
 *(EXCLUDE_FILE(*.twl*) COMMON)
 COMMON         0x0000000002017dd8       0x5c C:/devkitPro/libnds/lib\libnds9.a(console.o)
                0x0000000002017dd8                currentCopy
 COMMON         0x0000000002017e34       0x54 C:/devkitPro/libnds/lib\libnds9.a(videoGL.o)
                0x0000000002017e34                glGlobalData
 COMMON         0x0000000002017e88        0x1 C:/devkitPro/libnds/lib\libnds9.a(initSystem.o)
                0x0000000002017e88                __dsimode
 *fill*         0x0000000002017e89        0x3 
 COMMON         0x0000000002017e8c        0x4 C:/devkitPro/libnds/lib\libnds9.a(timeSupport.o)
                0x0000000002017e8c                punixTime
 COMMON         0x0000000002017e90      0xa40 C:/devkitPro/libnds/lib\libnds9.a(fifosystem.o)
                0x0000000002017e90                fifo_datamsg_data
                0x0000000002017ed0                fifo_buffer
                0x00000000020186d0                fifo_value32_func
                0x0000000002018710                fifo_address_func
                0x0000000002018750                fifo_value32_data
                0x0000000002018790                fifo_value32_queue
                0x00000000020187d0                fifo_data_queue
                0x0000000002018810                fifo_address_data
                0x0000000002018850                fifo_datamsg_func
                0x0000000002018890                fifo_address_queue
 COMMON         0x00000000020188d0      0x148 C:/devkitPro/libnds/lib\libnds9.a(background.o)
                0x00000000020188d0                bgState
                0x0000000002018a10                bgIsTextLut
                0x0000000002018a18                . = ALIGN (0x4)
                0x0000000002018a18                __bss_end__ = ABSOLUTE (.)
                0x0000000002018a18                __end__ = ABSOLUTE (.)

.twl            0x0000000002018a18        0x0 load address 0x0000000002400000
                0x0000000002400000                __arm9i_lma__ = LOADADDR (.twl)
                0x0000000002018a18                __arm9i_start__ = ABSOLUTE (.)
 *(.twl)
 *.twl*(.text .stub .text.* .gnu.linkonce.t.*)
 *.twl*(.rodata)
 *.twl*(.roda)
 *.twl*(.rodata.*)
 *.twl*(.data)
 *.twl*(.data.*)
 *.twl*(.gnu.linkonce.d*)
                0x0000000002018a18                __arm9i_end__ = ABSOLUTE (.)

.twl_bss        0x0000000002018a18        0x0
                0x0000000002018a18                __twl_bss_start__ = ABSOLUTE (.)
 *(.twl_bss)
 *.twl*(.dynbss)
 *.twl*(.gnu.linkonce.b*)
 *.twl*(.bss*)
 *.twl*(COMMON)
                0x0000000002018a18                . = ALIGN (0x4)
                0x0000000002018a18                __twl_bss_end__ = ABSOLUTE (.)
                0x0000000002018a18                __twl_end__ = ABSOLUTE (.)

.stab
 *(.stab)

.stabstr
 *(.stabstr)

.stab.excl
 *(.stab.excl)

.stab.exclstr
 *(.stab.exclstr)

.stab.index
 *(.stab.index)

.stab.indexstr
 *(.stab.indexstr)

.comment        0x0000000000000000       0x66
 *(.comment)
 .comment       0x0000000000000000       0x22 c:/devkitpro/devkitarm/bin/../lib/gcc/arm-none-eabi/9.1.0/thumb/crtbegin.o
                                         0x23 (size before relaxing)
 .comment       0x0000000000000022       0x23 main.o
 .comment       0x0000000000000022       0x23 player.o
 .comment       0x0000000000000022       0x22 C:/devkitPro/libnds/lib\libgl2d.a(gl2d.o)
                                         0x23 (size before relaxing)
 .comment       0x0000000000000044       0x22 C:/devkitPro/libnds/lib\libnds9.a(console.o)
                                         0x23 (size before relaxing)
 .comment       0x0000000000000066       0x23 C:/devkitPro/libnds/lib\libnds9.a(trig.o)
 .comment       0x0000000000000066       0x23 C:/devkitPro/libnds/lib\libnds9.a(videoGL.o)
 .comment       0x0000000000000066       0x23 C:/devkitPro/libnds/lib\libnds9.a(keys.o)
 .comment       0x0000000000000066       0x23 C:/devkitPro/libnds/lib\libnds9.a(initSystem.o)
 .comment       0x0000000000000066       0x23 C:/devkitPro/libnds/lib\libnds9.a(timeSupport.o)
 .comment       0x0000000000000066       0x23 C:/devkitPro/libnds/lib\libnds9.a(securearea.o)
 .comment       0x0000000000000066       0x23 C:/devkitPro/libnds/lib\libnds9.a(interrupts.o)
 .comment       0x0000000000000066       0x23 C:/devkitPro/libnds/lib\libnds9.a(libnds_exit.arm.o)
 .comment       0x0000000000000066       0x23 C:/devkitPro/libnds/lib\libnds9.a(fifosystem.o)
 .comment       0x0000000000000066       0x23 C:/devkitPro/libnds/lib\libnds9.a(background.o)
 .comment       0x0000000000000066       0x23 C:/devkitPro/libnds/lib\libnds9.a(dynamicArray.o)
 .comment       0x0000000000000066       0x23 C:/devkitPro/libnds/lib\libnds9.a(video.o)
 .comment       0x0000000000000066       0x23 C:/devkitPro/libnds/lib\libnds9.a(system.o)
 .comment       0x0000000000000066       0x23 c:/devkitpro/devkitarm/bin/../lib/gcc/arm-none-eabi/9.1.0/thumb\libgcc.a(_muldi3.o)
 .comment       0x0000000000000066       0x23 c:/devkitpro/devkitarm/bin/../lib/gcc/arm-none-eabi/9.1.0/../../../../arm-none-eabi/lib/thumb\libg.a(lib_a-calloc.o)
 .comment       0x0000000000000066       0x23 c:/devkitpro/devkitarm/bin/../lib/gcc/arm-none-eabi/9.1.0/../../../../arm-none-eabi/lib/thumb\libg.a(lib_a-callocr.o)
 .comment       0x0000000000000066       0x23 c:/devkitpro/devkitarm/bin/../lib/gcc/arm-none-eabi/9.1.0/../../../../arm-none-eabi/lib/thumb\libg.a(lib_a-init.o)
 .comment       0x0000000000000066       0x23 c:/devkitpro/devkitarm/bin/../lib/gcc/arm-none-eabi/9.1.0/../../../../arm-none-eabi/lib/thumb\libg.a(lib_a-iprintf.o)
 .comment       0x0000000000000066       0x23 c:/devkitpro/devkitarm/bin/../lib/gcc/arm-none-eabi/9.1.0/../../../../arm-none-eabi/lib/thumb\libg.a(lib_a-malloc.o)
 .comment       0x0000000000000066       0x23 c:/devkitpro/devkitarm/bin/../lib/gcc/arm-none-eabi/9.1.0/../../../../arm-none-eabi/lib/thumb\libg.a(lib_a-mallocr.o)
 .comment       0x0000000000000066       0x23 c:/devkitpro/devkitarm/bin/../lib/gcc/arm-none-eabi/9.1.0/../../../../arm-none-eabi/lib/thumb\libg.a(lib_a-memcpy-stub.o)
 .comment       0x0000000000000066       0x23 c:/devkitpro/devkitarm/bin/../lib/gcc/arm-none-eabi/9.1.0/../../../../arm-none-eabi/lib/thumb\libg.a(lib_a-memset.o)
 .comment       0x0000000000000066       0x23 c:/devkitpro/devkitarm/bin/../lib/gcc/arm-none-eabi/9.1.0/../../../../arm-none-eabi/lib/thumb\libg.a(lib_a-mlock.o)
 .comment       0x0000000000000066       0x23 c:/devkitpro/devkitarm/bin/../lib/gcc/arm-none-eabi/9.1.0/../../../../arm-none-eabi/lib/thumb\libg.a(lib_a-realloc.o)
 .comment       0x0000000000000066       0x23 c:/devkitpro/devkitarm/bin/../lib/gcc/arm-none-eabi/9.1.0/../../../../arm-none-eabi/lib/thumb\libg.a(lib_a-reallocr.o)
 .comment       0x0000000000000066       0x23 c:/devkitpro/devkitarm/bin/../lib/gcc/arm-none-eabi/9.1.0/../../../../arm-none-eabi/lib/thumb\libg.a(lib_a-setvbuf.o)
 .comment       0x0000000000000066       0x23 c:/devkitpro/devkitarm/bin/../lib/gcc/arm-none-eabi/9.1.0/../../../../arm-none-eabi/lib/thumb\libg.a(lib_a-siscanf.o)
 .comment       0x0000000000000066       0x23 c:/devkitpro/devkitarm/bin/../lib/gcc/arm-none-eabi/9.1.0/../../../../arm-none-eabi/lib/thumb\libg.a(lib_a-stdio.o)
 .comment       0x0000000000000066       0x23 c:/devkitpro/devkitarm/bin/../lib/gcc/arm-none-eabi/9.1.0/../../../../arm-none-eabi/lib/thumb\libg.a(lib_a-strlen-stub.o)
 .comment       0x0000000000000066       0x23 c:/devkitpro/devkitarm/bin/../lib/gcc/arm-none-eabi/9.1.0/../../../../arm-none-eabi/lib/thumb\libg.a(lib_a-svfiscanf.o)
 .comment       0x0000000000000066       0x23 c:/devkitpro/devkitarm/bin/../lib/gcc/arm-none-eabi/9.1.0/../../../../arm-none-eabi/lib/thumb\libg.a(lib_a-ungetc.o)
 .comment       0x0000000000000066       0x23 c:/devkitpro/devkitarm/bin/../lib/gcc/arm-none-eabi/9.1.0/../../../../arm-none-eabi/lib/thumb\libg.a(lib_a-vfiprintf.o)
 .comment       0x0000000000000066       0x23 c:/devkitpro/devkitarm/bin/../lib/gcc/arm-none-eabi/9.1.0/../../../../arm-none-eabi/lib/thumb\libg.a(lib_a-wcrtomb.o)
 .comment       0x0000000000000066       0x23 c:/devkitpro/devkitarm/bin/../lib/gcc/arm-none-eabi/9.1.0/../../../../arm-none-eabi/lib/thumb\libg.a(lib_a-wcsrtombs.o)
 .comment       0x0000000000000066       0x23 c:/devkitpro/devkitarm/bin/../lib/gcc/arm-none-eabi/9.1.0/../../../../arm-none-eabi/lib/thumb\libg.a(lib_a-wsetup.o)
 .comment       0x0000000000000066       0x23 c:/devkitpro/devkitarm/bin/../lib/gcc/arm-none-eabi/9.1.0/../../../../arm-none-eabi/lib/thumb\libg.a(lib_a-ctype_.o)
 .comment       0x0000000000000066       0x23 c:/devkitpro/devkitarm/bin/../lib/gcc/arm-none-eabi/9.1.0/../../../../arm-none-eabi/lib/thumb\libg.a(lib_a-fflush.o)
 .comment       0x0000000000000066       0x23 c:/devkitpro/devkitarm/bin/../lib/gcc/arm-none-eabi/9.1.0/../../../../arm-none-eabi/lib/thumb\libg.a(lib_a-findfp.o)
 .comment       0x0000000000000066       0x23 c:/devkitpro/devkitarm/bin/../lib/gcc/arm-none-eabi/9.1.0/../../../../arm-none-eabi/lib/thumb\libg.a(lib_a-freer.o)
 .comment       0x0000000000000066       0x23 c:/devkitpro/devkitarm/bin/../lib/gcc/arm-none-eabi/9.1.0/../../../../arm-none-eabi/lib/thumb\libg.a(lib_a-fvwrite.o)
 .comment       0x0000000000000066       0x23 c:/devkitpro/devkitarm/bin/../lib/gcc/arm-none-eabi/9.1.0/../../../../arm-none-eabi/lib/thumb\libg.a(lib_a-fwalk.o)
 .comment       0x0000000000000066       0x23 c:/devkitpro/devkitarm/bin/../lib/gcc/arm-none-eabi/9.1.0/../../../../arm-none-eabi/lib/thumb\libg.a(lib_a-impure.o)
 .comment       0x0000000000000066       0x23 c:/devkitpro/devkitarm/bin/../lib/gcc/arm-none-eabi/9.1.0/../../../../arm-none-eabi/lib/thumb\libg.a(lib_a-iswspace.o)
 .comment       0x0000000000000066       0x23 c:/devkitpro/devkitarm/bin/../lib/gcc/arm-none-eabi/9.1.0/../../../../arm-none-eabi/lib/thumb\libg.a(lib_a-localeconv.o)
 .comment       0x0000000000000066       0x23 c:/devkitpro/devkitarm/bin/../lib/gcc/arm-none-eabi/9.1.0/../../../../arm-none-eabi/lib/thumb\libg.a(lib_a-locale.o)
 .comment       0x0000000000000066       0x23 c:/devkitpro/devkitarm/bin/../lib/gcc/arm-none-eabi/9.1.0/../../../../arm-none-eabi/lib/thumb\libg.a(lib_a-makebuf.o)
 .comment       0x0000000000000066       0x23 c:/devkitpro/devkitarm/bin/../lib/gcc/arm-none-eabi/9.1.0/../../../../arm-none-eabi/lib/thumb\libg.a(lib_a-mbrtowc.o)
 .comment       0x0000000000000066       0x23 c:/devkitpro/devkitarm/bin/../lib/gcc/arm-none-eabi/9.1.0/../../../../arm-none-eabi/lib/thumb\libg.a(lib_a-mbtowc_r.o)
 .comment       0x0000000000000066       0x23 c:/devkitpro/devkitarm/bin/../lib/gcc/arm-none-eabi/9.1.0/../../../../arm-none-eabi/lib/thumb\libg.a(lib_a-memchr-stub.o)
 .comment       0x0000000000000066       0x23 c:/devkitpro/devkitarm/bin/../lib/gcc/arm-none-eabi/9.1.0/../../../../arm-none-eabi/lib/thumb\libg.a(lib_a-memmove.o)
 .comment       0x0000000000000066       0x23 c:/devkitpro/devkitarm/bin/../lib/gcc/arm-none-eabi/9.1.0/../../../../arm-none-eabi/lib/thumb\libg.a(lib_a-sccl.o)
 .comment       0x0000000000000066       0x23 c:/devkitpro/devkitarm/bin/../lib/gcc/arm-none-eabi/9.1.0/../../../../arm-none-eabi/lib/thumb\libg.a(lib_a-strncpy.o)
 .comment       0x0000000000000066       0x23 c:/devkitpro/devkitarm/bin/../lib/gcc/arm-none-eabi/9.1.0/../../../../arm-none-eabi/lib/thumb\libg.a(lib_a-strtoll.o)
 .comment       0x0000000000000066       0x23 c:/devkitpro/devkitarm/bin/../lib/gcc/arm-none-eabi/9.1.0/../../../../arm-none-eabi/lib/thumb\libg.a(lib_a-strtol.o)
 .comment       0x0000000000000066       0x23 c:/devkitpro/devkitarm/bin/../lib/gcc/arm-none-eabi/9.1.0/../../../../arm-none-eabi/lib/thumb\libg.a(lib_a-strtoull.o)
 .comment       0x0000000000000066       0x23 c:/devkitpro/devkitarm/bin/../lib/gcc/arm-none-eabi/9.1.0/../../../../arm-none-eabi/lib/thumb\libg.a(lib_a-strtoul.o)
 .comment       0x0000000000000066       0x23 c:/devkitpro/devkitarm/bin/../lib/gcc/arm-none-eabi/9.1.0/../../../../arm-none-eabi/lib/thumb\libg.a(lib_a-svfiprintf.o)
 .comment       0x0000000000000066       0x23 c:/devkitpro/devkitarm/bin/../lib/gcc/arm-none-eabi/9.1.0/../../../../arm-none-eabi/lib/thumb\libg.a(lib_a-wcsnrtombs.o)
 .comment       0x0000000000000066       0x23 c:/devkitpro/devkitarm/bin/../lib/gcc/arm-none-eabi/9.1.0/../../../../arm-none-eabi/lib/thumb\libg.a(lib_a-wctomb_r.o)
 .comment       0x0000000000000066       0x23 c:/devkitpro/devkitarm/bin/../lib/gcc/arm-none-eabi/9.1.0/../../../../arm-none-eabi/lib/thumb\libg.a(lib_a-fclose.o)
 .comment       0x0000000000000066       0x23 c:/devkitpro/devkitarm/bin/../lib/gcc/arm-none-eabi/9.1.0/../../../../arm-none-eabi/lib/thumb\libg.a(lib_a-iswspace_l.o)
 .comment       0x0000000000000066       0x23 c:/devkitpro/devkitarm/bin/../lib/gcc/arm-none-eabi/9.1.0/../../../../arm-none-eabi/lib/thumb\libg.a(lib_a-jp2uc.o)
 .comment       0x0000000000000066       0x23 c:/devkitpro/devkitarm/bin/../lib/gcc/arm-none-eabi/9.1.0/../../../../arm-none-eabi/lib/thumb\libg.a(lib_a-categories.o)
 .comment       0x0000000000000066       0x23 c:/devkitpro/devkitarm/bin/../lib/gcc/arm-none-eabi/9.1.0/../../../../arm-none-eabi/lib/thumb\libsysbase.a(iosupport.o)
 .comment       0x0000000000000066       0x23 c:/devkitpro/devkitarm/bin/../lib/gcc/arm-none-eabi/9.1.0/../../../../arm-none-eabi/lib/thumb\libsysbase.a(fstat.o)
 .comment       0x0000000000000066       0x23 c:/devkitpro/devkitarm/bin/../lib/gcc/arm-none-eabi/9.1.0/../../../../arm-none-eabi/lib/thumb\libsysbase.a(isatty.o)
 .comment       0x0000000000000066       0x23 c:/devkitpro/devkitarm/bin/../lib/gcc/arm-none-eabi/9.1.0/../../../../arm-none-eabi/lib/thumb\libsysbase.a(lseek.o)
 .comment       0x0000000000000066       0x23 c:/devkitpro/devkitarm/bin/../lib/gcc/arm-none-eabi/9.1.0/../../../../arm-none-eabi/lib/thumb\libsysbase.a(read.o)
 .comment       0x0000000000000066       0x23 c:/devkitpro/devkitarm/bin/../lib/gcc/arm-none-eabi/9.1.0/../../../../arm-none-eabi/lib/thumb\libsysbase.a(sbrk.o)
 .comment       0x0000000000000066       0x23 c:/devkitpro/devkitarm/bin/../lib/gcc/arm-none-eabi/9.1.0/../../../../arm-none-eabi/lib/thumb\libsysbase.a(write.o)
 .comment       0x0000000000000066       0x23 c:/devkitpro/devkitarm/bin/../lib/gcc/arm-none-eabi/9.1.0/../../../../arm-none-eabi/lib/thumb\libsysbase.a(malloc_vars.o)
 .comment       0x0000000000000066       0x23 c:/devkitpro/devkitarm/bin/../lib/gcc/arm-none-eabi/9.1.0/../../../../arm-none-eabi/lib/thumb\libsysbase.a(build_argv.o)
 .comment       0x0000000000000066       0x23 c:/devkitpro/devkitarm/bin/../lib/gcc/arm-none-eabi/9.1.0/../../../../arm-none-eabi/lib/thumb\libsysbase.a(flock.o)
 .comment       0x0000000000000066       0x23 c:/devkitpro/devkitarm/bin/../lib/gcc/arm-none-eabi/9.1.0/../../../../arm-none-eabi/lib/thumb\libsysbase.a(syscall_support.o)
 .comment       0x0000000000000066       0x23 c:/devkitpro/devkitarm/bin/../lib/gcc/arm-none-eabi/9.1.0/../../../../arm-none-eabi/lib/thumb\libsysbase.a(handle_manager.o)
 .comment       0x0000000000000066       0x23 c:/devkitpro/devkitarm/bin/../lib/gcc/arm-none-eabi/9.1.0/../../../../arm-none-eabi/lib/thumb\libsysbase.a(getreent.o)
 .comment       0x0000000000000066       0x23 c:/devkitpro/devkitarm/bin/../lib/gcc/arm-none-eabi/9.1.0/thumb\libgcc.a(_udivmoddi4.o)
 .comment       0x0000000000000066       0x23 c:/devkitpro/devkitarm/bin/../lib/gcc/arm-none-eabi/9.1.0/thumb/crtend.o

.ARM.attributes
                0x0000000000000000       0x2d
 .ARM.attributes
                0x0000000000000000       0x21 c:/devkitpro/devkitarm/bin/../lib/gcc/arm-none-eabi/9.1.0/../../../../arm-none-eabi/lib/thumb/ds_arm9_crt0.o
 .ARM.attributes
                0x0000000000000021       0x1c c:/devkitpro/devkitarm/bin/../lib/gcc/arm-none-eabi/9.1.0/thumb/crti.o
 .ARM.attributes
                0x000000000000003d       0x2a c:/devkitpro/devkitarm/bin/../lib/gcc/arm-none-eabi/9.1.0/thumb/crtbegin.o
 .ARM.attributes
                0x0000000000000067       0x27 main.o
 .ARM.attributes
                0x000000000000008e       0x27 player.o
 .ARM.attributes
                0x00000000000000b5       0x27 C:/devkitPro/libnds/lib\libgl2d.a(gl2d.o)
 .ARM.attributes
                0x00000000000000dc       0x2b C:/devkitPro/libnds/lib\libnds9.a(console.o)
 .ARM.attributes
                0x0000000000000107       0x2b C:/devkitPro/libnds/lib\libnds9.a(trig.o)
 .ARM.attributes
                0x0000000000000132       0x2b C:/devkitPro/libnds/lib\libnds9.a(videoGL.o)
 .ARM.attributes
                0x000000000000015d       0x2b C:/devkitPro/libnds/lib\libnds9.a(keys.o)
 .ARM.attributes
                0x0000000000000188       0x2b C:/devkitPro/libnds/lib\libnds9.a(initSystem.o)
 .ARM.attributes
                0x00000000000001b3       0x2b C:/devkitPro/libnds/lib\libnds9.a(timeSupport.o)
 .ARM.attributes
                0x00000000000001de       0x2b C:/devkitPro/libnds/lib\libnds9.a(securearea.o)
 .ARM.attributes
                0x0000000000000209       0x2b C:/devkitPro/libnds/lib\libnds9.a(interrupts.o)
 .ARM.attributes
                0x0000000000000234       0x2b C:/devkitPro/libnds/lib\libnds9.a(libnds_exit.arm.o)
 .ARM.attributes
                0x000000000000025f       0x2b C:/devkitPro/libnds/lib\libnds9.a(fifosystem.o)
 .ARM.attributes
                0x000000000000028a       0x21 C:/devkitPro/libnds/lib\libnds9.a(mpu_setup.o)
 .ARM.attributes
                0x00000000000002ab       0x21 C:/devkitPro/libnds/lib\libnds9.a(IntrWait.o)
 .ARM.attributes
                0x00000000000002cc       0x21 C:/devkitPro/libnds/lib\libnds9.a(cpu_clock.o)
 .ARM.attributes
                0x00000000000002ed       0x1b C:/devkitPro/libnds/lib\libnds9.a(interruptDispatcher.o)
 .ARM.attributes
                0x0000000000000308       0x21 C:/devkitPro/libnds/lib\libnds9.a(swiSoftReset.o)
 .ARM.attributes
                0x0000000000000329       0x1b C:/devkitPro/libnds/lib\libnds9.a(biosCalls.o)
 .ARM.attributes
                0x0000000000000344       0x14 C:/devkitPro/libnds/lib\libnds9.a(default_font.bin.o)
 .ARM.attributes
                0x0000000000000358       0x2b C:/devkitPro/libnds/lib\libnds9.a(background.o)
 .ARM.attributes
                0x0000000000000383       0x2b C:/devkitPro/libnds/lib\libnds9.a(dynamicArray.o)
 .ARM.attributes
                0x00000000000003ae       0x2b C:/devkitPro/libnds/lib\libnds9.a(video.o)
 .ARM.attributes
                0x00000000000003d9       0x2b C:/devkitPro/libnds/lib\libnds9.a(system.o)
 .ARM.attributes
                0x0000000000000404       0x1c c:/devkitpro/devkitarm/bin/../lib/gcc/arm-none-eabi/9.1.0/thumb\libgcc.a(_divsi3.o)
 .ARM.attributes
                0x0000000000000420       0x1c c:/devkitpro/devkitarm/bin/../lib/gcc/arm-none-eabi/9.1.0/thumb\libgcc.a(_dvmd_tls.o)
 .ARM.attributes
                0x000000000000043c       0x1c c:/devkitpro/devkitarm/bin/../lib/gcc/arm-none-eabi/9.1.0/thumb\libgcc.a(_arm_addsubdf3.o)
 .ARM.attributes
                0x0000000000000458       0x1c c:/devkitpro/devkitarm/bin/../lib/gcc/arm-none-eabi/9.1.0/thumb\libgcc.a(_arm_cmpdf2.o)
 .ARM.attributes
                0x0000000000000474       0x1c c:/devkitpro/devkitarm/bin/../lib/gcc/arm-none-eabi/9.1.0/thumb\libgcc.a(_arm_truncdfsf2.o)
 .ARM.attributes
                0x0000000000000490       0x1c c:/devkitpro/devkitarm/bin/../lib/gcc/arm-none-eabi/9.1.0/thumb\libgcc.a(_arm_addsubsf3.o)
 .ARM.attributes
                0x00000000000004ac       0x1c c:/devkitpro/devkitarm/bin/../lib/gcc/arm-none-eabi/9.1.0/thumb\libgcc.a(_arm_cmpsf2.o)
 .ARM.attributes
                0x00000000000004c8       0x1c c:/devkitpro/devkitarm/bin/../lib/gcc/arm-none-eabi/9.1.0/thumb\libgcc.a(_arm_fixsfsi.o)
 .ARM.attributes
                0x00000000000004e4       0x2a c:/devkitpro/devkitarm/bin/../lib/gcc/arm-none-eabi/9.1.0/thumb\libgcc.a(_muldi3.o)
 .ARM.attributes
                0x000000000000050e       0x2a c:/devkitpro/devkitarm/bin/../lib/gcc/arm-none-eabi/9.1.0/../../../../arm-none-eabi/lib/thumb\libg.a(lib_a-calloc.o)
 .ARM.attributes
                0x0000000000000538       0x2a c:/devkitpro/devkitarm/bin/../lib/gcc/arm-none-eabi/9.1.0/../../../../arm-none-eabi/lib/thumb\libg.a(lib_a-callocr.o)
 .ARM.attributes
                0x0000000000000562       0x2a c:/devkitpro/devkitarm/bin/../lib/gcc/arm-none-eabi/9.1.0/../../../../arm-none-eabi/lib/thumb\libg.a(lib_a-init.o)
 .ARM.attributes
                0x000000000000058c       0x2a c:/devkitpro/devkitarm/bin/../lib/gcc/arm-none-eabi/9.1.0/../../../../arm-none-eabi/lib/thumb\libg.a(lib_a-iprintf.o)
 .ARM.attributes
                0x00000000000005b6       0x2a c:/devkitpro/devkitarm/bin/../lib/gcc/arm-none-eabi/9.1.0/../../../../arm-none-eabi/lib/thumb\libg.a(lib_a-malloc.o)
 .ARM.attributes
                0x00000000000005e0       0x2a c:/devkitpro/devkitarm/bin/../lib/gcc/arm-none-eabi/9.1.0/../../../../arm-none-eabi/lib/thumb\libg.a(lib_a-mallocr.o)
 .ARM.attributes
                0x000000000000060a       0x2a c:/devkitpro/devkitarm/bin/../lib/gcc/arm-none-eabi/9.1.0/../../../../arm-none-eabi/lib/thumb\libg.a(lib_a-memcpy-stub.o)
 .ARM.attributes
                0x0000000000000634       0x2a c:/devkitpro/devkitarm/bin/../lib/gcc/arm-none-eabi/9.1.0/../../../../arm-none-eabi/lib/thumb\libg.a(lib_a-memset.o)
 .ARM.attributes
                0x000000000000065e       0x2a c:/devkitpro/devkitarm/bin/../lib/gcc/arm-none-eabi/9.1.0/../../../../arm-none-eabi/lib/thumb\libg.a(lib_a-mlock.o)
 .ARM.attributes
                0x0000000000000688       0x2a c:/devkitpro/devkitarm/bin/../lib/gcc/arm-none-eabi/9.1.0/../../../../arm-none-eabi/lib/thumb\libg.a(lib_a-realloc.o)
 .ARM.attributes
                0x00000000000006b2       0x2a c:/devkitpro/devkitarm/bin/../lib/gcc/arm-none-eabi/9.1.0/../../../../arm-none-eabi/lib/thumb\libg.a(lib_a-reallocr.o)
 .ARM.attributes
                0x00000000000006dc       0x2a c:/devkitpro/devkitarm/bin/../lib/gcc/arm-none-eabi/9.1.0/../../../../arm-none-eabi/lib/thumb\libg.a(lib_a-setvbuf.o)
 .ARM.attributes
                0x0000000000000706       0x2a c:/devkitpro/devkitarm/bin/../lib/gcc/arm-none-eabi/9.1.0/../../../../arm-none-eabi/lib/thumb\libg.a(lib_a-siscanf.o)
 .ARM.attributes
                0x0000000000000730       0x2a c:/devkitpro/devkitarm/bin/../lib/gcc/arm-none-eabi/9.1.0/../../../../arm-none-eabi/lib/thumb\libg.a(lib_a-stdio.o)
 .ARM.attributes
                0x000000000000075a       0x2a c:/devkitpro/devkitarm/bin/../lib/gcc/arm-none-eabi/9.1.0/../../../../arm-none-eabi/lib/thumb\libg.a(lib_a-strlen-stub.o)
 .ARM.attributes
                0x0000000000000784       0x2a c:/devkitpro/devkitarm/bin/../lib/gcc/arm-none-eabi/9.1.0/../../../../arm-none-eabi/lib/thumb\libg.a(lib_a-svfiscanf.o)
 .ARM.attributes
                0x00000000000007ae       0x2a c:/devkitpro/devkitarm/bin/../lib/gcc/arm-none-eabi/9.1.0/../../../../arm-none-eabi/lib/thumb\libg.a(lib_a-ungetc.o)
 .ARM.attributes
                0x00000000000007d8       0x2a c:/devkitpro/devkitarm/bin/../lib/gcc/arm-none-eabi/9.1.0/../../../../arm-none-eabi/lib/thumb\libg.a(lib_a-vfiprintf.o)
 .ARM.attributes
                0x0000000000000802       0x2a c:/devkitpro/devkitarm/bin/../lib/gcc/arm-none-eabi/9.1.0/../../../../arm-none-eabi/lib/thumb\libg.a(lib_a-wcrtomb.o)
 .ARM.attributes
                0x000000000000082c       0x2a c:/devkitpro/devkitarm/bin/../lib/gcc/arm-none-eabi/9.1.0/../../../../arm-none-eabi/lib/thumb\libg.a(lib_a-wcsrtombs.o)
 .ARM.attributes
                0x0000000000000856       0x2a c:/devkitpro/devkitarm/bin/../lib/gcc/arm-none-eabi/9.1.0/../../../../arm-none-eabi/lib/thumb\libg.a(lib_a-wsetup.o)
 .ARM.attributes
                0x0000000000000880       0x2a c:/devkitpro/devkitarm/bin/../lib/gcc/arm-none-eabi/9.1.0/../../../../arm-none-eabi/lib/thumb\libg.a(lib_a-ctype_.o)
 .ARM.attributes
                0x00000000000008aa       0x2a c:/devkitpro/devkitarm/bin/../lib/gcc/arm-none-eabi/9.1.0/../../../../arm-none-eabi/lib/thumb\libg.a(lib_a-fflush.o)
 .ARM.attributes
                0x00000000000008d4       0x2a c:/devkitpro/devkitarm/bin/../lib/gcc/arm-none-eabi/9.1.0/../../../../arm-none-eabi/lib/thumb\libg.a(lib_a-findfp.o)
 .ARM.attributes
                0x00000000000008fe       0x2a c:/devkitpro/devkitarm/bin/../lib/gcc/arm-none-eabi/9.1.0/../../../../arm-none-eabi/lib/thumb\libg.a(lib_a-freer.o)
 .ARM.attributes
                0x0000000000000928       0x2a c:/devkitpro/devkitarm/bin/../lib/gcc/arm-none-eabi/9.1.0/../../../../arm-none-eabi/lib/thumb\libg.a(lib_a-fvwrite.o)
 .ARM.attributes
                0x0000000000000952       0x2a c:/devkitpro/devkitarm/bin/../lib/gcc/arm-none-eabi/9.1.0/../../../../arm-none-eabi/lib/thumb\libg.a(lib_a-fwalk.o)
 .ARM.attributes
                0x000000000000097c       0x30 c:/devkitpro/devkitarm/bin/../lib/gcc/arm-none-eabi/9.1.0/../../../../arm-none-eabi/lib/thumb\libg.a(lib_a-impure.o)
 .ARM.attributes
                0x00000000000009ac       0x2a c:/devkitpro/devkitarm/bin/../lib/gcc/arm-none-eabi/9.1.0/../../../../arm-none-eabi/lib/thumb\libg.a(lib_a-iswspace.o)
 .ARM.attributes
                0x00000000000009d6       0x2a c:/devkitpro/devkitarm/bin/../lib/gcc/arm-none-eabi/9.1.0/../../../../arm-none-eabi/lib/thumb\libg.a(lib_a-localeconv.o)
 .ARM.attributes
                0x0000000000000a00       0x2a c:/devkitpro/devkitarm/bin/../lib/gcc/arm-none-eabi/9.1.0/../../../../arm-none-eabi/lib/thumb\libg.a(lib_a-locale.o)
 .ARM.attributes
                0x0000000000000a2a       0x2a c:/devkitpro/devkitarm/bin/../lib/gcc/arm-none-eabi/9.1.0/../../../../arm-none-eabi/lib/thumb\libg.a(lib_a-makebuf.o)
 .ARM.attributes
                0x0000000000000a54       0x2a c:/devkitpro/devkitarm/bin/../lib/gcc/arm-none-eabi/9.1.0/../../../../arm-none-eabi/lib/thumb\libg.a(lib_a-mbrtowc.o)
 .ARM.attributes
                0x0000000000000a7e       0x2a c:/devkitpro/devkitarm/bin/../lib/gcc/arm-none-eabi/9.1.0/../../../../arm-none-eabi/lib/thumb\libg.a(lib_a-mbtowc_r.o)
 .ARM.attributes
                0x0000000000000aa8       0x2a c:/devkitpro/devkitarm/bin/../lib/gcc/arm-none-eabi/9.1.0/../../../../arm-none-eabi/lib/thumb\libg.a(lib_a-memchr-stub.o)
 .ARM.attributes
                0x0000000000000ad2       0x2a c:/devkitpro/devkitarm/bin/../lib/gcc/arm-none-eabi/9.1.0/../../../../arm-none-eabi/lib/thumb\libg.a(lib_a-memmove.o)
 .ARM.attributes